Archive member included to satisfy reference by file (symbol)

/usr/lib/gcc/arm-none-eabi/9.2.1/../../../arm-none-eabi/lib/thumb/v7-m/nofp/libc_nano.a(lib_a-atexit.o)
                              /usr/lib/gcc/arm-none-eabi/9.2.1/../../../arm-none-eabi/lib/thumb/v7-m/nofp/crt0.o (atexit)
/usr/lib/gcc/arm-none-eabi/9.2.1/../../../arm-none-eabi/lib/thumb/v7-m/nofp/libc_nano.a(lib_a-exit.o)
                              /usr/lib/gcc/arm-none-eabi/9.2.1/../../../arm-none-eabi/lib/thumb/v7-m/nofp/crt0.o (exit)
/usr/lib/gcc/arm-none-eabi/9.2.1/../../../arm-none-eabi/lib/thumb/v7-m/nofp/libc_nano.a(lib_a-fini.o)
                              /usr/lib/gcc/arm-none-eabi/9.2.1/../../../arm-none-eabi/lib/thumb/v7-m/nofp/crt0.o (__libc_fini_array)
/usr/lib/gcc/arm-none-eabi/9.2.1/../../../arm-none-eabi/lib/thumb/v7-m/nofp/libc_nano.a(lib_a-impure.o)
                              /usr/lib/gcc/arm-none-eabi/9.2.1/../../../arm-none-eabi/lib/thumb/v7-m/nofp/libc_nano.a(lib_a-exit.o) (_global_impure_ptr)
/usr/lib/gcc/arm-none-eabi/9.2.1/../../../arm-none-eabi/lib/thumb/v7-m/nofp/libc_nano.a(lib_a-init.o)
                              /usr/lib/gcc/arm-none-eabi/9.2.1/../../../arm-none-eabi/lib/thumb/v7-m/nofp/crt0.o (__libc_init_array)
/usr/lib/gcc/arm-none-eabi/9.2.1/../../../arm-none-eabi/lib/thumb/v7-m/nofp/libc_nano.a(lib_a-memcmp.o)
                              build/YAB_fat32.o (memcmp)
/usr/lib/gcc/arm-none-eabi/9.2.1/../../../arm-none-eabi/lib/thumb/v7-m/nofp/libc_nano.a(lib_a-memcpy.o)
                              build/YAB_fat32.o (memcpy)
/usr/lib/gcc/arm-none-eabi/9.2.1/../../../arm-none-eabi/lib/thumb/v7-m/nofp/libc_nano.a(lib_a-memset.o)
                              /usr/lib/gcc/arm-none-eabi/9.2.1/../../../arm-none-eabi/lib/thumb/v7-m/nofp/crt0.o (memset)
/usr/lib/gcc/arm-none-eabi/9.2.1/../../../arm-none-eabi/lib/thumb/v7-m/nofp/libc_nano.a(lib_a-__atexit.o)
                              /usr/lib/gcc/arm-none-eabi/9.2.1/../../../arm-none-eabi/lib/thumb/v7-m/nofp/libc_nano.a(lib_a-atexit.o) (__register_exitproc)
/usr/lib/gcc/arm-none-eabi/9.2.1/../../../arm-none-eabi/lib/thumb/v7-m/nofp/libc_nano.a(lib_a-__call_atexit.o)
                              /usr/lib/gcc/arm-none-eabi/9.2.1/../../../arm-none-eabi/lib/thumb/v7-m/nofp/libc_nano.a(lib_a-__atexit.o) (__call_exitprocs)
/usr/lib/gcc/arm-none-eabi/9.2.1/../../../arm-none-eabi/lib/thumb/v7-m/nofp/libnosys.a(_exit.o)
                              /usr/lib/gcc/arm-none-eabi/9.2.1/../../../arm-none-eabi/lib/thumb/v7-m/nofp/libc_nano.a(lib_a-exit.o) (_exit)

Allocating common symbols
Common symbol       size              file

hUsbDeviceFS        0x2c4             build/usb_device.o
uwTick              0x4               build/stm32f1xx_hal.o
pFlash              0x20              build/stm32f1xx_hal_flash.o
hpcd_USB_FS         0x2ec             build/usbd_conf.o
USBD_StrDesc        0x200             build/usbd_desc.o

Discarded input sections

 .text          0x0000000000000000        0x0 /usr/lib/gcc/arm-none-eabi/9.2.1/thumb/v7-m/nofp/crti.o
 .data          0x0000000000000000        0x0 /usr/lib/gcc/arm-none-eabi/9.2.1/thumb/v7-m/nofp/crti.o
 .bss           0x0000000000000000        0x0 /usr/lib/gcc/arm-none-eabi/9.2.1/thumb/v7-m/nofp/crti.o
 .data          0x0000000000000000        0x4 /usr/lib/gcc/arm-none-eabi/9.2.1/thumb/v7-m/nofp/crtbegin.o
 .text          0x0000000000000000       0x70 /usr/lib/gcc/arm-none-eabi/9.2.1/../../../arm-none-eabi/lib/thumb/v7-m/nofp/crt0.o
 .data          0x0000000000000000        0x0 /usr/lib/gcc/arm-none-eabi/9.2.1/../../../arm-none-eabi/lib/thumb/v7-m/nofp/crt0.o
 .bss           0x0000000000000000        0x0 /usr/lib/gcc/arm-none-eabi/9.2.1/../../../arm-none-eabi/lib/thumb/v7-m/nofp/crt0.o
 .ARM.extab     0x0000000000000000        0x0 /usr/lib/gcc/arm-none-eabi/9.2.1/../../../arm-none-eabi/lib/thumb/v7-m/nofp/crt0.o
 .ARM.exidx     0x0000000000000000       0x10 /usr/lib/gcc/arm-none-eabi/9.2.1/../../../arm-none-eabi/lib/thumb/v7-m/nofp/crt0.o
 .debug_line    0x0000000000000000       0x87 /usr/lib/gcc/arm-none-eabi/9.2.1/../../../arm-none-eabi/lib/thumb/v7-m/nofp/crt0.o
 .debug_info    0x0000000000000000       0x26 /usr/lib/gcc/arm-none-eabi/9.2.1/../../../arm-none-eabi/lib/thumb/v7-m/nofp/crt0.o
 .debug_abbrev  0x0000000000000000       0x14 /usr/lib/gcc/arm-none-eabi/9.2.1/../../../arm-none-eabi/lib/thumb/v7-m/nofp/crt0.o
 .debug_aranges
                0x0000000000000000       0x20 /usr/lib/gcc/arm-none-eabi/9.2.1/../../../arm-none-eabi/lib/thumb/v7-m/nofp/crt0.o
 .debug_str     0x0000000000000000       0x94 /usr/lib/gcc/arm-none-eabi/9.2.1/../../../arm-none-eabi/lib/thumb/v7-m/nofp/crt0.o
 .ARM.attributes
                0x0000000000000000       0x1b /usr/lib/gcc/arm-none-eabi/9.2.1/../../../arm-none-eabi/lib/thumb/v7-m/nofp/crt0.o
 .text          0x0000000000000000        0x0 build/main.o
 .data          0x0000000000000000        0x0 build/main.o
 .bss           0x0000000000000000        0x0 build/main.o
[...]
Memory Configuration

Name             Origin             Length             Attributes
RAM              0x0000000020000000 0x000000000000c000 xrw
FLASH            0x0000000008000000 0x0000000000040000 xr
*default*        0x0000000000000000 0xffffffffffffffff

Linker script and memory map

LOAD /usr/lib/gcc/arm-none-eabi/9.2.1/thumb/v7-m/nofp/crti.o
LOAD /usr/lib/gcc/arm-none-eabi/9.2.1/thumb/v7-m/nofp/crtbegin.o
LOAD /usr/lib/gcc/arm-none-eabi/9.2.1/../../../arm-none-eabi/lib/thumb/v7-m/nofp/crt0.o
LOAD build/main.o
LOAD build/usb_device.o
LOAD build/usbd_conf.o
LOAD build/usbd_desc.o
LOAD build/YAB_fat32.o
LOAD build/usbd_storage_if.o
LOAD build/stm32f1xx_it.o
LOAD build/stm32f1xx_hal_msp.o
LOAD build/stm32f1xx_hal_gpio_ex.o
LOAD build/stm32f1xx_hal_pcd.o
LOAD build/stm32f1xx_hal_pcd_ex.o
LOAD build/stm32f1xx_ll_usb.o
LOAD build/stm32f1xx_hal.o
LOAD build/stm32f1xx_hal_rcc.o
LOAD build/stm32f1xx_hal_rcc_ex.o
LOAD build/stm32f1xx_hal_gpio.o
LOAD build/stm32f1xx_hal_dma.o
LOAD build/stm32f1xx_hal_cortex.o
LOAD build/stm32f1xx_hal_pwr.o
LOAD build/stm32f1xx_hal_flash.o
LOAD build/stm32f1xx_hal_flash_ex.o
LOAD build/stm32f1xx_hal_exti.o
LOAD build/stm32f1xx_hal_tim.o
LOAD build/stm32f1xx_hal_tim_ex.o
LOAD build/system_stm32f1xx.o
LOAD build/usbd_core.o
LOAD build/usbd_ctlreq.o
LOAD build/usbd_ioreq.o
LOAD build/usbd_msc.o
LOAD build/usbd_msc_bot.o
LOAD build/usbd_msc_data.o
LOAD build/usbd_msc_scsi.o
LOAD build/startup_stm32f103xb.o
LOAD /usr/lib/gcc/arm-none-eabi/9.2.1/../../../arm-none-eabi/lib/thumb/v7-m/nofp/libc_nano.a
LOAD /usr/lib/gcc/arm-none-eabi/9.2.1/../../../arm-none-eabi/lib/thumb/v7-m/nofp/libm.a
LOAD /usr/lib/gcc/arm-none-eabi/9.2.1/../../../arm-none-eabi/lib/thumb/v7-m/nofp/libnosys.a
START GROUP
LOAD /usr/lib/gcc/arm-none-eabi/9.2.1/thumb/v7-m/nofp/libgcc.a
LOAD /usr/lib/gcc/arm-none-eabi/9.2.1/../../../arm-none-eabi/lib/thumb/v7-m/nofp/libc_nano.a
END GROUP
START GROUP
LOAD /usr/lib/gcc/arm-none-eabi/9.2.1/thumb/v7-m/nofp/libgcc.a
LOAD /usr/lib/gcc/arm-none-eabi/9.2.1/../../../arm-none-eabi/lib/thumb/v7-m/nofp/libc_nano.a
END GROUP
LOAD /usr/lib/gcc/arm-none-eabi/9.2.1/thumb/v7-m/nofp/crtend.o
LOAD /usr/lib/gcc/arm-none-eabi/9.2.1/thumb/v7-m/nofp/crtn.o
                0x000000002000c000                _estack = (ORIGIN (RAM) + LENGTH (RAM))
                0x0000000000002000                _Min_Heap_Size = 0x2000
                0x0000000000000400                _Min_Stack_Size = 0x400

.isr_vector     0x0000000008000000      0x10c
                0x0000000008000000                . = ALIGN (0x4)
 *(.isr_vector)
 .isr_vector    0x0000000008000000      0x10c build/startup_stm32f103xb.o
                0x0000000008000000                g_pfnVectors
                0x000000000800010c                . = ALIGN (0x4)

.text           0x000000000800010c     0x4d98
                0x000000000800010c                . = ALIGN (0x4)
 *(.text)
 .text          0x000000000800010c       0x88 /usr/lib/gcc/arm-none-eabi/9.2.1/thumb/v7-m/nofp/crtbegin.o
 .text          0x0000000008000194       0x48 /usr/lib/gcc/arm-none-eabi/9.2.1/../../../arm-none-eabi/lib/thumb/v7-m/nofp/libc_nano.a(lib_a-init.o)
                0x0000000008000194                __libc_init_array
 .text          0x00000000080001dc       0x60 /usr/lib/gcc/arm-none-eabi/9.2.1/../../../arm-none-eabi/lib/thumb/v7-m/nofp/libc_nano.a(lib_a-memcmp.o)
                0x00000000080001dc                memcmp
 .text          0x000000000800023c       0xec /usr/lib/gcc/arm-none-eabi/9.2.1/../../../arm-none-eabi/lib/thumb/v7-m/nofp/libc_nano.a(lib_a-memcpy.o)
                0x000000000800023c                memcpy
 .text          0x0000000008000328       0xa0 /usr/lib/gcc/arm-none-eabi/9.2.1/../../../arm-none-eabi/lib/thumb/v7-m/nofp/libc_nano.a(lib_a-memset.o)
                0x0000000008000328                memset
 *(.text*)
 .text.MX_GPIO_Init
                0x00000000080003c8       0x84 build/main.o
 .text.is_appcode_exist
                0x000000000800044c       0x54 build/main.o
                0x000000000800044c                is_appcode_exist
 .text.jmp_to_appcode
                0x00000000080004a0       0x28 build/main.o
                0x00000000080004a0                jmp_to_appcode
 .text.is_button_down
                0x00000000080004c8       0x2c build/main.o
                0x00000000080004c8                is_button_down
 .text.SystemClock_Config
                0x00000000080004f4       0x66 build/main.o
                0x00000000080004f4                SystemClock_Config
 *fill*         0x000000000800055a        0x2 
 .text.main     0x000000000800055c       0x84 build/main.o
                0x000000000800055c                main
 .text.Error_Handler
                0x00000000080005e0        0x2 build/main.o
                0x00000000080005e0                Error_Handler
 *fill*         0x00000000080005e2        0x2 
 .text.MX_USB_DEVICE_Init
                0x00000000080005e4       0x54 build/usb_device.o
                0x00000000080005e4                MX_USB_DEVICE_Init
 .text.USBD_Get_USB_Status
                0x0000000008000638       0x14 build/usbd_conf.o
 .text.HAL_PCD_MspInit
                0x000000000800064c       0x40 build/usbd_conf.o
                0x000000000800064c                HAL_PCD_MspInit
 .text.HAL_PCD_SetupStageCallback
                0x000000000800068c       0x10 build/usbd_conf.o
                0x000000000800068c                HAL_PCD_SetupStageCallback
 .text.HAL_PCD_DataOutStageCallback
                0x000000000800069c       0x18 build/usbd_conf.o
                0x000000000800069c                HAL_PCD_DataOutStageCallback
 .text.HAL_PCD_DataInStageCallback
                0x00000000080006b4       0x16 build/usbd_conf.o
                0x00000000080006b4                HAL_PCD_DataInStageCallback
 .text.HAL_PCD_SOFCallback
                0x00000000080006ca        0xc build/usbd_conf.o
                0x00000000080006ca                HAL_PCD_SOFCallback
 .text.HAL_PCD_ResetCallback
                0x00000000080006d6       0x24 build/usbd_conf.o
                0x00000000080006d6                HAL_PCD_ResetCallback
 *fill*         0x00000000080006fa        0x2 
 .text.HAL_PCD_SuspendCallback
                0x00000000080006fc       0x20 build/usbd_conf.o
                0x00000000080006fc                HAL_PCD_SuspendCallback
 .text.HAL_PCD_ResumeCallback
                0x000000000800071c        0xc build/usbd_conf.o
                0x000000000800071c                HAL_PCD_ResumeCallback
 .text.USBD_LL_Init
                0x0000000008000728       0x74 build/usbd_conf.o
                0x0000000008000728                USBD_LL_Init
 .text.USBD_LL_Start
                0x000000000800079c       0x10 build/usbd_conf.o
                0x000000000800079c                USBD_LL_Start
 .text.USBD_LL_OpenEP
                0x00000000080007ac       0x16 build/usbd_conf.o
                0x00000000080007ac                USBD_LL_OpenEP
 .text.USBD_LL_CloseEP
                0x00000000080007c2       0x10 build/usbd_conf.o
                0x00000000080007c2                USBD_LL_CloseEP
 .text.USBD_LL_FlushEP
                0x00000000080007d2       0x10 build/usbd_conf.o
                0x00000000080007d2                USBD_LL_FlushEP
 .text.USBD_LL_StallEP
                0x00000000080007e2       0x10 build/usbd_conf.o
                0x00000000080007e2                USBD_LL_StallEP
 .text.USBD_LL_ClearStallEP
                0x00000000080007f2       0x10 build/usbd_conf.o
                0x00000000080007f2                USBD_LL_ClearStallEP
 .text.USBD_LL_IsStallEP
                0x0000000008000802       0x2e build/usbd_conf.o
                0x0000000008000802                USBD_LL_IsStallEP
 .text.USBD_LL_SetUSBAddress
                0x0000000008000830       0x10 build/usbd_conf.o
                0x0000000008000830                USBD_LL_SetUSBAddress
 .text.USBD_LL_Transmit
                0x0000000008000840       0x10 build/usbd_conf.o
                0x0000000008000840                USBD_LL_Transmit
 .text.USBD_LL_PrepareReceive
                0x0000000008000850       0x10 build/usbd_conf.o
                0x0000000008000850                USBD_LL_PrepareReceive
 .text.USBD_LL_GetRxDataSize
                0x0000000008000860        0xc build/usbd_conf.o
                0x0000000008000860                USBD_LL_GetRxDataSize
 .text.USBD_static_malloc
                0x000000000800086c        0x8 build/usbd_conf.o
                0x000000000800086c                USBD_static_malloc
 .text.USBD_static_free
                0x0000000008000874        0x2 build/usbd_conf.o
                0x0000000008000874                USBD_static_free
 .text.HAL_PCDEx_SetConnectionState
                0x0000000008000876        0x2 build/usbd_conf.o
                0x0000000008000876                HAL_PCDEx_SetConnectionState
 .text.USBD_FS_DeviceDescriptor
                0x0000000008000878        0xc build/usbd_desc.o
                0x0000000008000878                USBD_FS_DeviceDescriptor
 .text.USBD_FS_LangIDStrDescriptor
                0x0000000008000884        0xc build/usbd_desc.o
                0x0000000008000884                USBD_FS_LangIDStrDescriptor
 .text.IntToUnicode
                0x0000000008000890       0x38 build/usbd_desc.o
 .text.Get_SerialNum
                0x00000000080008c8       0x34 build/usbd_desc.o
 .text.USBD_FS_SerialStrDescriptor
                0x00000000080008fc       0x14 build/usbd_desc.o
                0x00000000080008fc                USBD_FS_SerialStrDescriptor
 .text.USBD_FS_ProductStrDescriptor
                0x0000000008000910       0x24 build/usbd_desc.o
                0x0000000008000910                USBD_FS_ProductStrDescriptor
 .text.USBD_FS_ManufacturerStrDescriptor
                0x0000000008000934       0x1c build/usbd_desc.o
                0x0000000008000934                USBD_FS_ManufacturerStrDescriptor
 .text.USBD_FS_ConfigStrDescriptor
                0x0000000008000950       0x24 build/usbd_desc.o
                0x0000000008000950                USBD_FS_ConfigStrDescriptor
 .text.USBD_FS_InterfaceStrDescriptor
                0x0000000008000974       0x24 build/usbd_desc.o
                0x0000000008000974                USBD_FS_InterfaceStrDescriptor
 .text._fat32_read_fat_table
                0x0000000008000998       0x88 build/YAB_fat32.o
 .text._fat32_read_bpb
                0x0000000008000a20       0x2c build/YAB_fat32.o
 .text._fat32_read_fsinfo
                0x0000000008000a4c       0x6c build/YAB_fat32.o
 .text._fat32_read_fsinfo2
                0x0000000008000ab8       0x1c build/YAB_fat32.o
 .text._fat32_read_dir_entry
                0x0000000008000ad4       0xd0 build/YAB_fat32.o
 .text._fat32_read_firmware
                0x0000000008000ba4       0x2c build/YAB_fat32.o
 .text._fat32_write_firmware
                0x0000000008000bd0       0xb0 build/YAB_fat32.o
 .text.fat32_read
                0x0000000008000c80       0xa4 build/YAB_fat32.o
                0x0000000008000c80                fat32_read
 .text.fat32_write
                0x0000000008000d24       0xa0 build/YAB_fat32.o
                0x0000000008000d24                fat32_write
 .text.STORAGE_Init_FS
                0x0000000008000dc4        0x4 build/usbd_storage_if.o
 .text.STORAGE_GetCapacity_FS
                0x0000000008000dc8       0x10 build/usbd_storage_if.o
 .text.STORAGE_IsReady_FS
                0x0000000008000dd8        0x4 build/usbd_storage_if.o
 .text.STORAGE_IsWriteProtected_FS
                0x0000000008000ddc        0x4 build/usbd_storage_if.o
 .text.STORAGE_GetMaxLun_FS
                0x0000000008000de0        0x4 build/usbd_storage_if.o
 .text._STORAGE_WriteBlocks
                0x0000000008000de4       0x32 build/usbd_storage_if.o
 .text.STORAGE_Write_FS
                0x0000000008000e16       0x1e build/usbd_storage_if.o
 .text._STORAGE_ReadBlocks
                0x0000000008000e34       0x32 build/usbd_storage_if.o
 .text.STORAGE_Read_FS
                0x0000000008000e66       0x1e build/usbd_storage_if.o
 .text.NMI_Handler
                0x0000000008000e84        0x2 build/stm32f1xx_it.o
                0x0000000008000e84                NMI_Handler
 .text.HardFault_Handler
                0x0000000008000e86        0x2 build/stm32f1xx_it.o
                0x0000000008000e86                HardFault_Handler
 .text.MemManage_Handler
                0x0000000008000e88        0x2 build/stm32f1xx_it.o
                0x0000000008000e88                MemManage_Handler
 .text.BusFault_Handler
                0x0000000008000e8a        0x2 build/stm32f1xx_it.o
                0x0000000008000e8a                BusFault_Handler
 .text.UsageFault_Handler
                0x0000000008000e8c        0x2 build/stm32f1xx_it.o
                0x0000000008000e8c                UsageFault_Handler
 .text.SVC_Handler
                0x0000000008000e8e        0x2 build/stm32f1xx_it.o
                0x0000000008000e8e                SVC_Handler
 .text.DebugMon_Handler
                0x0000000008000e90        0x2 build/stm32f1xx_it.o
                0x0000000008000e90                DebugMon_Handler
 .text.PendSV_Handler
                0x0000000008000e92        0x2 build/stm32f1xx_it.o
                0x0000000008000e92                PendSV_Handler
 .text.SysTick_Handler
                0x0000000008000e94        0x8 build/stm32f1xx_it.o
                0x0000000008000e94                SysTick_Handler
 .text.USB_LP_CAN1_RX0_IRQHandler
                0x0000000008000e9c       0x10 build/stm32f1xx_it.o
                0x0000000008000e9c                USB_LP_CAN1_RX0_IRQHandler
 .text.HAL_MspInit
                0x0000000008000eac       0x44 build/stm32f1xx_hal_msp.o
                0x0000000008000eac                HAL_MspInit
 .text.HAL_PCD_EP_DB_Receive
                0x0000000008000ef0      0x116 build/stm32f1xx_hal_pcd.o
 .text.HAL_PCD_Init
                0x0000000008001006      0x10c build/stm32f1xx_hal_pcd.o
                0x0000000008001006                HAL_PCD_Init
 .text.HAL_PCD_Start
                0x0000000008001112       0x32 build/stm32f1xx_hal_pcd.o
                0x0000000008001112                HAL_PCD_Start
 .text.HAL_PCD_EP_DB_Transmit
                0x0000000008001144      0x2d6 build/stm32f1xx_hal_pcd.o
 .text.PCD_EP_ISR_Handler
                0x000000000800141a      0x432 build/stm32f1xx_hal_pcd.o
 .text.HAL_PCD_SetAddress
                0x000000000800184c       0x28 build/stm32f1xx_hal_pcd.o
                0x000000000800184c                HAL_PCD_SetAddress
 .text.HAL_PCD_IRQHandler
                0x0000000008001874      0x1d2 build/stm32f1xx_hal_pcd.o
                0x0000000008001874                HAL_PCD_IRQHandler
 .text.HAL_PCD_EP_Open
                0x0000000008001a46       0x78 build/stm32f1xx_hal_pcd.o
                0x0000000008001a46                HAL_PCD_EP_Open
 .text.HAL_PCD_EP_Close
                0x0000000008001abe       0x64 build/stm32f1xx_hal_pcd.o
                0x0000000008001abe                HAL_PCD_EP_Close
 .text.HAL_PCD_EP_Receive
                0x0000000008001b22       0x44 build/stm32f1xx_hal_pcd.o
                0x0000000008001b22                HAL_PCD_EP_Receive
 .text.HAL_PCD_EP_GetRxCount
                0x0000000008001b66       0x12 build/stm32f1xx_hal_pcd.o
                0x0000000008001b66                HAL_PCD_EP_GetRxCount
 .text.HAL_PCD_EP_Transmit
                0x0000000008001b78       0x46 build/stm32f1xx_hal_pcd.o
                0x0000000008001b78                HAL_PCD_EP_Transmit
 .text.HAL_PCD_EP_SetStall
                0x0000000008001bbe       0x78 build/stm32f1xx_hal_pcd.o
                0x0000000008001bbe                HAL_PCD_EP_SetStall
 .text.HAL_PCD_EP_ClrStall
                0x0000000008001c36       0x76 build/stm32f1xx_hal_pcd.o
                0x0000000008001c36                HAL_PCD_EP_ClrStall
 .text.HAL_PCD_EP_Flush
                0x0000000008001cac       0x36 build/stm32f1xx_hal_pcd.o
                0x0000000008001cac                HAL_PCD_EP_Flush
 .text.HAL_PCDEx_PMAConfig
                0x0000000008001ce2       0x38 build/stm32f1xx_hal_pcd_ex.o
                0x0000000008001ce2                HAL_PCDEx_PMAConfig
 .text.USB_CoreInit
                0x0000000008001d1a        0xe build/stm32f1xx_ll_usb.o
                0x0000000008001d1a                USB_CoreInit
 .text.USB_EnableGlobalInt
                0x0000000008001d28       0x12 build/stm32f1xx_ll_usb.o
                0x0000000008001d28                USB_EnableGlobalInt
 .text.USB_DisableGlobalInt
                0x0000000008001d3a       0x14 build/stm32f1xx_ll_usb.o
                0x0000000008001d3a                USB_DisableGlobalInt
 .text.USB_SetCurrentMode
                0x0000000008001d4e        0x4 build/stm32f1xx_ll_usb.o
                0x0000000008001d4e                USB_SetCurrentMode
 .text.USB_DevInit
                0x0000000008001d52       0x26 build/stm32f1xx_ll_usb.o
                0x0000000008001d52                USB_DevInit
 .text.USB_FlushTxFifo
                0x0000000008001d78        0x4 build/stm32f1xx_ll_usb.o
                0x0000000008001d78                USB_FlushTxFifo
 .text.USB_FlushRxFifo
                0x0000000008001d7c        0x4 build/stm32f1xx_ll_usb.o
                0x0000000008001d7c                USB_FlushRxFifo
 .text.USB_ActivateEndpoint
                0x0000000008001d80      0x33e build/stm32f1xx_ll_usb.o
                0x0000000008001d80                USB_ActivateEndpoint
 .text.USB_DeactivateEndpoint
                0x00000000080020be      0x1d4 build/stm32f1xx_ll_usb.o
                0x00000000080020be                USB_DeactivateEndpoint
 .text.USB_EPSetStall
                0x0000000008002292       0x4a build/stm32f1xx_ll_usb.o
                0x0000000008002292                USB_EPSetStall
 .text.USB_EPClearStall
                0x00000000080022dc       0xa2 build/stm32f1xx_ll_usb.o
                0x00000000080022dc                USB_EPClearStall
 .text.USB_SetDevAddress
                0x000000000800237e        0xc build/stm32f1xx_ll_usb.o
                0x000000000800237e                USB_SetDevAddress
 .text.USB_DevConnect
                0x000000000800238a        0x4 build/stm32f1xx_ll_usb.o
                0x000000000800238a                USB_DevConnect
 .text.USB_DevDisconnect
                0x000000000800238e        0x4 build/stm32f1xx_ll_usb.o
                0x000000000800238e                USB_DevDisconnect
 .text.USB_ReadInterrupts
                0x0000000008002392        0x8 build/stm32f1xx_ll_usb.o
                0x0000000008002392                USB_ReadInterrupts
 .text.USB_EP0_OutStart
                0x000000000800239a        0x4 build/stm32f1xx_ll_usb.o
                0x000000000800239a                USB_EP0_OutStart
 .text.USB_WritePMA
                0x000000000800239e       0x26 build/stm32f1xx_ll_usb.o
                0x000000000800239e                USB_WritePMA
 .text.USB_EPStartXfer
                0x00000000080023c4      0x79e build/stm32f1xx_ll_usb.o
                0x00000000080023c4                USB_EPStartXfer
 .text.USB_ReadPMA
                0x0000000008002b62       0x2e build/stm32f1xx_ll_usb.o
                0x0000000008002b62                USB_ReadPMA
 .text.HAL_MspDeInit
                0x0000000008002b90        0x2 build/stm32f1xx_hal.o
                0x0000000008002b90                HAL_MspDeInit
 *fill*         0x0000000008002b92        0x2 
 .text.HAL_DeInit
                0x0000000008002b94       0x20 build/stm32f1xx_hal.o
                0x0000000008002b94                HAL_DeInit
 .text.HAL_InitTick
                0x0000000008002bb4       0x4c build/stm32f1xx_hal.o
                0x0000000008002bb4                HAL_InitTick
 .text.HAL_Init
                0x0000000008002c00       0x24 build/stm32f1xx_hal.o
                0x0000000008002c00                HAL_Init
 .text.HAL_IncTick
                0x0000000008002c24       0x18 build/stm32f1xx_hal.o
                0x0000000008002c24                HAL_IncTick
 .text.HAL_GetTick
                0x0000000008002c3c        0xc build/stm32f1xx_hal.o
                0x0000000008002c3c                HAL_GetTick
 .text.HAL_Delay
                0x0000000008002c48       0x28 build/stm32f1xx_hal.o
                0x0000000008002c48                HAL_Delay
 .text.RCC_Delay
                0x0000000008002c70       0x2c build/stm32f1xx_hal_rcc.o
 .text.HAL_RCC_OscConfig
                0x0000000008002c9c      0x410 build/stm32f1xx_hal_rcc.o
                0x0000000008002c9c                HAL_RCC_OscConfig
 .text.HAL_RCC_GetSysClockFreq
                0x00000000080030ac       0x6c build/stm32f1xx_hal_rcc.o
                0x00000000080030ac                HAL_RCC_GetSysClockFreq
 .text.HAL_RCC_ClockConfig
                0x0000000008003118      0x16c build/stm32f1xx_hal_rcc.o
                0x0000000008003118                HAL_RCC_ClockConfig
 .text.HAL_RCCEx_PeriphCLKConfig
                0x0000000008003284      0x114 build/stm32f1xx_hal_rcc_ex.o
                0x0000000008003284                HAL_RCCEx_PeriphCLKConfig
 .text.HAL_GPIO_Init
                0x0000000008003398      0x220 build/stm32f1xx_hal_gpio.o
                0x0000000008003398                HAL_GPIO_Init
 .text.HAL_GPIO_ReadPin
                0x00000000080035b8        0xe build/stm32f1xx_hal_gpio.o
                0x00000000080035b8                HAL_GPIO_ReadPin
 .text.HAL_GPIO_WritePin
                0x00000000080035c6        0xc build/stm32f1xx_hal_gpio.o
                0x00000000080035c6                HAL_GPIO_WritePin
 *fill*         0x00000000080035d2        0x2 
 .text.HAL_NVIC_SetPriorityGrouping
                0x00000000080035d4       0x24 build/stm32f1xx_hal_cortex.o
                0x00000000080035d4                HAL_NVIC_SetPriorityGrouping
 .text.HAL_NVIC_SetPriority
                0x00000000080035f8       0x68 build/stm32f1xx_hal_cortex.o
                0x00000000080035f8                HAL_NVIC_SetPriority
 .text.HAL_NVIC_EnableIRQ
                0x0000000008003660       0x1c build/stm32f1xx_hal_cortex.o
                0x0000000008003660                HAL_NVIC_EnableIRQ
 .text.HAL_SYSTICK_Config
                0x000000000800367c       0x2c build/stm32f1xx_hal_cortex.o
                0x000000000800367c                HAL_SYSTICK_Config
 .text.FLASH_Program_HalfWord
                0x00000000080036a8       0x1c build/stm32f1xx_hal_flash.o
 .text.FLASH_SetErrorCode
                0x00000000080036c4       0x70 build/stm32f1xx_hal_flash.o
 .text.HAL_FLASH_Unlock
                0x0000000008003734       0x34 build/stm32f1xx_hal_flash.o
                0x0000000008003734                HAL_FLASH_Unlock
 .text.HAL_FLASH_Lock
                0x0000000008003768       0x14 build/stm32f1xx_hal_flash.o
                0x0000000008003768                HAL_FLASH_Lock
 .text.FLASH_WaitForLastOperation
                0x000000000800377c       0x68 build/stm32f1xx_hal_flash.o
                0x000000000800377c                FLASH_WaitForLastOperation
 .text.HAL_FLASH_Program
                0x00000000080037e4       0x9c build/stm32f1xx_hal_flash.o
                0x00000000080037e4                HAL_FLASH_Program
 .text.FLASH_MassErase
                0x0000000008003880       0x24 build/stm32f1xx_hal_flash_ex.o
 .text.FLASH_PageErase
                0x00000000080038a4       0x24 build/stm32f1xx_hal_flash_ex.o
                0x00000000080038a4                FLASH_PageErase
 .text.HAL_FLASHEx_Erase
                0x00000000080038c8       0xa4 build/stm32f1xx_hal_flash_ex.o
                0x00000000080038c8                HAL_FLASHEx_Erase
 .text.SystemInit
                0x000000000800396c        0x2 build/system_stm32f1xx.o
                0x000000000800396c                SystemInit
 .text.USBD_Init
                0x000000000800396e       0x2e build/usbd_core.o
                0x000000000800396e                USBD_Init
 .text.USBD_RegisterClass
                0x000000000800399c        0xe build/usbd_core.o
                0x000000000800399c                USBD_RegisterClass
 .text.USBD_Start
                0x00000000080039aa        0xa build/usbd_core.o
                0x00000000080039aa                USBD_Start
 .text.USBD_SetClassConfig
                0x00000000080039b4       0x18 build/usbd_core.o
                0x00000000080039b4                USBD_SetClassConfig
 .text.USBD_ClrClassConfig
                0x00000000080039cc        0xe build/usbd_core.o
                0x00000000080039cc                USBD_ClrClassConfig
 .text.USBD_LL_SetupStage
                0x00000000080039da       0x5a build/usbd_core.o
                0x00000000080039da                USBD_LL_SetupStage
 .text.USBD_LL_DataOutStage
                0x0000000008003a34       0x8c build/usbd_core.o
                0x0000000008003a34                USBD_LL_DataOutStage
 .text.USBD_LL_DataInStage
                0x0000000008003ac0       0xd0 build/usbd_core.o
                0x0000000008003ac0                USBD_LL_DataInStage
 .text.USBD_LL_Reset
                0x0000000008003b90       0x50 build/usbd_core.o
                0x0000000008003b90                USBD_LL_Reset
 .text.USBD_LL_SetSpeed
                0x0000000008003be0        0x6 build/usbd_core.o
                0x0000000008003be0                USBD_LL_SetSpeed
 .text.USBD_LL_Suspend
                0x0000000008003be6       0x12 build/usbd_core.o
                0x0000000008003be6                USBD_LL_Suspend
 .text.USBD_LL_Resume
                0x0000000008003bf8       0x16 build/usbd_core.o
                0x0000000008003bf8                USBD_LL_Resume
 .text.USBD_LL_SOF
                0x0000000008003c0e       0x1c build/usbd_core.o
                0x0000000008003c0e                USBD_LL_SOF
 .text.USBD_GetLen
                0x0000000008003c2a       0x12 build/usbd_ctlreq.o
 .text.USBD_SetFeature
                0x0000000008003c3c       0x14 build/usbd_ctlreq.o
 .text.USBD_ParseSetupRequest
                0x0000000008003c50       0x28 build/usbd_ctlreq.o
                0x0000000008003c50                USBD_ParseSetupRequest
 .text.USBD_CtlError
                0x0000000008003c78       0x14 build/usbd_ctlreq.o
                0x0000000008003c78                USBD_CtlError
 .text.USBD_GetDescriptor
                0x0000000008003c8c      0x186 build/usbd_ctlreq.o
 .text.USBD_SetAddress
                0x0000000008003e12       0x4e build/usbd_ctlreq.o
 .text.USBD_SetConfig
                0x0000000008003e60       0xb0 build/usbd_ctlreq.o
 .text.USBD_GetConfig
                0x0000000008003f10       0x3e build/usbd_ctlreq.o
 .text.USBD_GetStatus
                0x0000000008003f4e       0x38 build/usbd_ctlreq.o
 .text.USBD_ClrFeature
                0x0000000008003f86       0x26 build/usbd_ctlreq.o
 .text.USBD_StdDevReq
                0x0000000008003fac       0x68 build/usbd_ctlreq.o
                0x0000000008003fac                USBD_StdDevReq
 .text.USBD_StdItfReq
                0x0000000008004014       0x60 build/usbd_ctlreq.o
                0x0000000008004014                USBD_StdItfReq
 .text.USBD_StdEPReq
                0x0000000008004074      0x1e2 build/usbd_ctlreq.o
                0x0000000008004074                USBD_StdEPReq
 .text.USBD_GetString
                0x0000000008004256       0x38 build/usbd_ctlreq.o
                0x0000000008004256                USBD_GetString
 .text.USBD_CtlSendData
                0x000000000800428e       0x1a build/usbd_ioreq.o
                0x000000000800428e                USBD_CtlSendData
 .text.USBD_CtlContinueSendData
                0x00000000080042a8       0x10 build/usbd_ioreq.o
                0x00000000080042a8                USBD_CtlContinueSendData
 .text.USBD_CtlContinueRx
                0x00000000080042b8       0x10 build/usbd_ioreq.o
                0x00000000080042b8                USBD_CtlContinueRx
 .text.USBD_CtlSendStatus
                0x00000000080042c8       0x16 build/usbd_ioreq.o
                0x00000000080042c8                USBD_CtlSendStatus
 .text.USBD_CtlReceiveStatus
                0x00000000080042de       0x16 build/usbd_ioreq.o
                0x00000000080042de                USBD_CtlReceiveStatus
 .text.USBD_MSC_GetHSCfgDesc
                0x00000000080042f4        0xc build/usbd_msc.o
                0x00000000080042f4                USBD_MSC_GetHSCfgDesc
 .text.USBD_MSC_GetFSCfgDesc
                0x0000000008004300        0xc build/usbd_msc.o
                0x0000000008004300                USBD_MSC_GetFSCfgDesc
 .text.USBD_MSC_GetOtherSpeedCfgDesc
                0x000000000800430c        0xc build/usbd_msc.o
                0x000000000800430c                USBD_MSC_GetOtherSpeedCfgDesc
 .text.USBD_MSC_GetDeviceQualifierDescriptor
                0x0000000008004318        0xc build/usbd_msc.o
                0x0000000008004318                USBD_MSC_GetDeviceQualifierDescriptor
 .text.USBD_MSC_Init
                0x0000000008004324       0x66 build/usbd_msc.o
                0x0000000008004324                USBD_MSC_Init
 .text.USBD_MSC_DeInit
                0x000000000800438a       0x32 build/usbd_msc.o
                0x000000000800438a                USBD_MSC_DeInit
 .text.USBD_MSC_Setup
                0x00000000080043bc      0x198 build/usbd_msc.o
                0x00000000080043bc                USBD_MSC_Setup
 .text.USBD_MSC_DataIn
                0x0000000008004554        0xa build/usbd_msc.o
                0x0000000008004554                USBD_MSC_DataIn
 .text.USBD_MSC_DataOut
                0x000000000800455e        0xa build/usbd_msc.o
                0x000000000800455e                USBD_MSC_DataOut
 .text.USBD_MSC_RegisterStorage
                0x0000000008004568        0xa build/usbd_msc.o
                0x0000000008004568                USBD_MSC_RegisterStorage
 .text.MSC_BOT_SendData
                0x0000000008004572       0x32 build/usbd_msc_bot.o
 .text.MSC_BOT_Abort
                0x00000000080045a4       0x40 build/usbd_msc_bot.o
 .text.MSC_BOT_Init
                0x00000000080045e4       0x3e build/usbd_msc_bot.o
                0x00000000080045e4                MSC_BOT_Init
 .text.MSC_BOT_Reset
                0x0000000008004622       0x1a build/usbd_msc_bot.o
                0x0000000008004622                MSC_BOT_Reset
 .text.MSC_BOT_DeInit
                0x000000000800463c        0xa build/usbd_msc_bot.o
                0x000000000800463c                MSC_BOT_DeInit
 *fill*         0x0000000008004646        0x2 
 .text.MSC_BOT_SendCSW
                0x0000000008004648       0x38 build/usbd_msc_bot.o
                0x0000000008004648                MSC_BOT_SendCSW
 .text.MSC_BOT_DataIn
                0x0000000008004680       0x3a build/usbd_msc_bot.o
                0x0000000008004680                MSC_BOT_DataIn
 *fill*         0x00000000080046ba        0x2 
 .text.MSC_BOT_CBW_Decode
                0x00000000080046bc       0xa8 build/usbd_msc_bot.o
 .text.MSC_BOT_DataOut
                0x0000000008004764       0x32 build/usbd_msc_bot.o
                0x0000000008004764                MSC_BOT_DataOut
 .text.MSC_BOT_CplClrFeature
                0x0000000008004796       0x2a build/usbd_msc_bot.o
                0x0000000008004796                MSC_BOT_CplClrFeature
 .text.SCSI_Inquiry
                0x00000000080047c0       0x5c build/usbd_msc_scsi.o
 .text.SCSI_ModeSense6
                0x000000000800481c       0x24 build/usbd_msc_scsi.o
 .text.SCSI_ModeSense10
                0x0000000008004840       0x24 build/usbd_msc_scsi.o
 .text.SCSI_RequestSense
                0x0000000008004864       0x66 build/usbd_msc_scsi.o
 .text.SCSI_StartStopUnit
                0x00000000080048ca        0xa build/usbd_msc_scsi.o
 .text.SCSI_SenseCode
                0x00000000080048d4       0x2a build/usbd_msc_scsi.o
                0x00000000080048d4                SCSI_SenseCode
 .text.SCSI_TestUnitReady
                0x00000000080048fe       0x4a build/usbd_msc_scsi.o
 .text.SCSI_ReadFormatCapacity
                0x0000000008004948       0x78 build/usbd_msc_scsi.o
 .text.SCSI_ReadCapacity10
                0x00000000080049c0       0x60 build/usbd_msc_scsi.o
 .text.SCSI_CheckAddressRange
                0x0000000008004a20       0x22 build/usbd_msc_scsi.o
 .text.SCSI_ProcessRead
                0x0000000008004a42       0x96 build/usbd_msc_scsi.o
 .text.SCSI_Read10
                0x0000000008004ad8       0xba build/usbd_msc_scsi.o
 .text.SCSI_ProcessWrite
                0x0000000008004b92       0xa8 build/usbd_msc_scsi.o
 .text.SCSI_Write10
                0x0000000008004c3a       0xf6 build/usbd_msc_scsi.o
 .text.SCSI_Verify10
                0x0000000008004d30       0x38 build/usbd_msc_scsi.o
 .text.SCSI_ProcessCmd
                0x0000000008004d68       0xd6 build/usbd_msc_scsi.o
                0x0000000008004d68                SCSI_ProcessCmd
 *fill*         0x0000000008004e3e        0x2 
 .text.Reset_Handler
                0x0000000008004e40       0x48 build/startup_stm32f103xb.o
                0x0000000008004e40                Reset_Handler
 .text.Default_Handler
                0x0000000008004e88        0x2 build/startup_stm32f103xb.o
                0x0000000008004e88                RTC_Alarm_IRQHandler
                0x0000000008004e88                EXTI2_IRQHandler
                0x0000000008004e88                TIM1_CC_IRQHandler
                0x0000000008004e88                PVD_IRQHandler
                0x0000000008004e88                EXTI3_IRQHandler
                0x0000000008004e88                EXTI0_IRQHandler
                0x0000000008004e88                I2C2_EV_IRQHandler
                0x0000000008004e88                ADC1_2_IRQHandler
                0x0000000008004e88                SPI1_IRQHandler
                0x0000000008004e88                TAMPER_IRQHandler
                0x0000000008004e88                DMA1_Channel4_IRQHandler
                0x0000000008004e88                USART3_IRQHandler
                0x0000000008004e88                RTC_IRQHandler
                0x0000000008004e88                DMA1_Channel7_IRQHandler
                0x0000000008004e88                CAN1_RX1_IRQHandler
                0x0000000008004e88                TIM4_IRQHandler
                0x0000000008004e88                I2C1_EV_IRQHandler
                0x0000000008004e88                DMA1_Channel6_IRQHandler
                0x0000000008004e88                TIM3_IRQHandler
                0x0000000008004e88                RCC_IRQHandler
                0x0000000008004e88                TIM1_TRG_COM_IRQHandler
                0x0000000008004e88                DMA1_Channel1_IRQHandler
                0x0000000008004e88                Default_Handler
                0x0000000008004e88                EXTI15_10_IRQHandler
                0x0000000008004e88                EXTI9_5_IRQHandler
                0x0000000008004e88                SPI2_IRQHandler
                0x0000000008004e88                DMA1_Channel5_IRQHandler
                0x0000000008004e88                EXTI4_IRQHandler
                0x0000000008004e88                USB_HP_CAN1_TX_IRQHandler
                0x0000000008004e88                DMA1_Channel3_IRQHandler
                0x0000000008004e88                TIM1_UP_IRQHandler
                0x0000000008004e88                WWDG_IRQHandler
                0x0000000008004e88                TIM2_IRQHandler
                0x0000000008004e88                TIM1_BRK_IRQHandler
                0x0000000008004e88                EXTI1_IRQHandler
                0x0000000008004e88                USART2_IRQHandler
                0x0000000008004e88                I2C2_ER_IRQHandler
                0x0000000008004e88                DMA1_Channel2_IRQHandler
                0x0000000008004e88                CAN1_SCE_IRQHandler
                0x0000000008004e88                FLASH_IRQHandler
                0x0000000008004e88                USART1_IRQHandler
                0x0000000008004e88                I2C1_ER_IRQHandler
                0x0000000008004e88                USBWakeUp_IRQHandler
 *(.glue_7)
 .glue_7        0x0000000008004e8a        0x0 linker stubs
 *(.glue_7t)
 .glue_7t       0x0000000008004e8a        0x0 linker stubs
 *(.eh_frame)
 *fill*         0x0000000008004e8a        0x2 
 .eh_frame      0x0000000008004e8c        0x0 /usr/lib/gcc/arm-none-eabi/9.2.1/thumb/v7-m/nofp/crtbegin.o
 *(.init)
 .init          0x0000000008004e8c        0x4 /usr/lib/gcc/arm-none-eabi/9.2.1/thumb/v7-m/nofp/crti.o
                0x0000000008004e8c                _init
 .init          0x0000000008004e90        0x8 /usr/lib/gcc/arm-none-eabi/9.2.1/thumb/v7-m/nofp/crtn.o
 *(.fini)
 .fini          0x0000000008004e98        0x4 /usr/lib/gcc/arm-none-eabi/9.2.1/thumb/v7-m/nofp/crti.o
                0x0000000008004e98                _fini
 .fini          0x0000000008004e9c        0x8 /usr/lib/gcc/arm-none-eabi/9.2.1/thumb/v7-m/nofp/crtn.o
                0x0000000008004ea4                . = ALIGN (0x4)
                0x0000000008004ea4                _etext = .

.vfp11_veneer   0x0000000008004ea4        0x0
 .vfp11_veneer  0x0000000008004ea4        0x0 linker stubs

.v4_bx          0x0000000008004ea4        0x0
 .v4_bx         0x0000000008004ea4        0x0 linker stubs

.iplt           0x0000000008004ea4        0x0
 .iplt          0x0000000008004ea4        0x0 /usr/lib/gcc/arm-none-eabi/9.2.1/thumb/v7-m/nofp/crtbegin.o

.rodata         0x0000000008004ea4      0x118
                0x0000000008004ea4                . = ALIGN (0x4)
 *(.rodata)
 .rodata        0x0000000008004ea4       0x5a build/YAB_fat32.o
 *(.rodata*)
 *fill*         0x0000000008004efe        0x2 
 .rodata.USBD_FS_ProductStrDescriptor.str1.4
                0x0000000008004f00       0x13 build/usbd_desc.o
 *fill*         0x0000000008004f13        0x1 
 .rodata.USBD_FS_ManufacturerStrDescriptor.str1.4
                0x0000000008004f14       0x13 build/usbd_desc.o
 *fill*         0x0000000008004f27        0x1 
 .rodata.USBD_FS_ConfigStrDescriptor.str1.4
                0x0000000008004f28        0xb build/usbd_desc.o
 *fill*         0x0000000008004f33        0x1 
 .rodata.USBD_FS_InterfaceStrDescriptor.str1.4
                0x0000000008004f34        0xe build/usbd_desc.o
 *fill*         0x0000000008004f42        0x2 
 .rodata._fat32_read_dir_entry.str1.4
                0x0000000008004f44       0x18 build/YAB_fat32.o
 .rodata.fat32_write.str1.4
                0x0000000008004f5c       0x18 build/YAB_fat32.o
                                          0x4 (size before relaxing)
 .rodata.STORAGE_Inquirydata_FS
                0x0000000008004f5c       0x24 build/usbd_storage_if.o
                0x0000000008004f5c                STORAGE_Inquirydata_FS
 .rodata.HAL_RCC_GetSysClockFreq.str1.4
                0x0000000008004f80       0x11 build/stm32f1xx_hal_rcc.o
 *fill*         0x0000000008004f91        0x3 
 .rodata.AHBPrescTable
                0x0000000008004f94       0x10 build/system_stm32f1xx.o
                0x0000000008004f94                AHBPrescTable
 .rodata.MSC_Mode_Sense10_data
                0x0000000008004fa4        0x8 build/usbd_msc_data.o
                0x0000000008004fa4                MSC_Mode_Sense10_data
 .rodata.MSC_Mode_Sense6_data
                0x0000000008004fac        0x8 build/usbd_msc_data.o
                0x0000000008004fac                MSC_Mode_Sense6_data
 .rodata.MSC_Page00_Inquiry_Data
                0x0000000008004fb4        0x7 build/usbd_msc_data.o
                0x0000000008004fb4                MSC_Page00_Inquiry_Data
                0x0000000008004fbc                . = ALIGN (0x4)
 *fill*         0x0000000008004fbb        0x1 

.rel.dyn        0x0000000008004fbc        0x0
 .rel.iplt      0x0000000008004fbc        0x0 /usr/lib/gcc/arm-none-eabi/9.2.1/thumb/v7-m/nofp/crtbegin.o

.ARM.extab
 *(.ARM.extab* .gnu.linkonce.armextab.*)

.ARM            0x0000000008004fbc        0x0
                0x0000000008004fbc                __exidx_start = .
 *(.ARM.exidx*)
                0x0000000008004fbc                __exidx_end = .

.preinit_array  0x0000000008004fbc        0x0
                0x0000000008004fbc                PROVIDE (__preinit_array_start = .)
 *(.preinit_array*)
                0x0000000008004fbc                PROVIDE (__preinit_array_end = .)

.init_array     0x0000000008004fbc        0x4
                0x0000000008004fbc                PROVIDE (__init_array_start = .)
 *(SORT_BY_NAME(.init_array.*))
 *(.init_array*)
 .init_array    0x0000000008004fbc        0x4 /usr/lib/gcc/arm-none-eabi/9.2.1/thumb/v7-m/nofp/crtbegin.o
                0x0000000008004fc0                PROVIDE (__init_array_end = .)

.fini_array     0x0000000008004fc0        0x4
                0x0000000008004fc0                PROVIDE (__fini_array_start = .)
 *(SORT_BY_NAME(.fini_array.*))
 *(.fini_array*)
 .fini_array    0x0000000008004fc0        0x4 /usr/lib/gcc/arm-none-eabi/9.2.1/thumb/v7-m/nofp/crtbegin.o
                0x0000000008004fc4                PROVIDE (__fini_array_end = .)
                0x0000000008004fc4                _sidata = LOADADDR (.data)

.data           0x0000000020000000      0x12c load address 0x0000000008004fc4
                0x0000000020000000                . = ALIGN (0x4)
                0x0000000020000000                _sdata = .
 *(.data)
 *(.data*)
 .data.LED_On_Time
                0x0000000020000000        0x1 build/main.o
                0x0000000020000000                LED_On_Time
 *fill*         0x0000000020000001        0x3 
 .data.FS_Desc  0x0000000020000004       0x1c build/usbd_desc.o
                0x0000000020000004                FS_Desc
 .data.USBD_FS_DeviceDesc
                0x0000000020000020       0x12 build/usbd_desc.o
                0x0000000020000020                USBD_FS_DeviceDesc
 *fill*         0x0000000020000032        0x2 
 .data.USBD_LangIDDesc
                0x0000000020000034        0x4 build/usbd_desc.o
                0x0000000020000034                USBD_LangIDDesc
 .data.USBD_StringSerial
                0x0000000020000038       0x1a build/usbd_desc.o
                0x0000000020000038                USBD_StringSerial
 *fill*         0x0000000020000052        0x2 
 .data.fw_addr_range
                0x0000000020000054        0x8 build/YAB_fat32.o
 .data.USBD_Storage_Interface_fops_FS
                0x000000002000005c       0x20 build/usbd_storage_if.o
                0x000000002000005c                USBD_Storage_Interface_fops_FS
 .data.uwTickFreq
                0x000000002000007c        0x1 build/stm32f1xx_hal.o
                0x000000002000007c                uwTickFreq
 *fill*         0x000000002000007d        0x3 
 .data.uwTickPrio
                0x0000000020000080        0x4 build/stm32f1xx_hal.o
                0x0000000020000080                uwTickPrio
 .data.SystemCoreClock
                0x0000000020000084        0x4 build/system_stm32f1xx.o
                0x0000000020000084                SystemCoreClock
 .data.USBD_MSC
                0x0000000020000088       0x38 build/usbd_msc.o
                0x0000000020000088                USBD_MSC
 .data.USBD_MSC_CfgFSDesc
                0x00000000200000c0       0x20 build/usbd_msc.o
                0x00000000200000c0                USBD_MSC_CfgFSDesc
 .data.USBD_MSC_CfgHSDesc
                0x00000000200000e0       0x20 build/usbd_msc.o
                0x00000000200000e0                USBD_MSC_CfgHSDesc
 .data.USBD_MSC_DeviceQualifierDesc
                0x0000000020000100        0xa build/usbd_msc.o
                0x0000000020000100                USBD_MSC_DeviceQualifierDesc
 *fill*         0x000000002000010a        0x2 
 .data.USBD_MSC_OtherSpeedCfgDesc
                0x000000002000010c       0x20 build/usbd_msc.o
                0x000000002000010c                USBD_MSC_OtherSpeedCfgDesc
                0x000000002000012c                . = ALIGN (0x4)
                0x000000002000012c                _edata = .

.tm_clone_table
                0x000000002000012c        0x0 load address 0x00000000080050f0
 .tm_clone_table
                0x000000002000012c        0x0 /usr/lib/gcc/arm-none-eabi/9.2.1/thumb/v7-m/nofp/crtbegin.o
 .tm_clone_table
                0x000000002000012c        0x0 /usr/lib/gcc/arm-none-eabi/9.2.1/thumb/v7-m/nofp/crtend.o

.igot.plt       0x000000002000012c        0x0 load address 0x00000000080050f0
 .igot.plt      0x000000002000012c        0x0 /usr/lib/gcc/arm-none-eabi/9.2.1/thumb/v7-m/nofp/crtbegin.o
                0x000000002000012c                . = ALIGN (0x4)

.bss            0x0000000020000130      0xa68 load address 0x00000000080050f0
                0x0000000020000130                _sbss = .
                0x0000000020000130                __bss_start__ = _sbss
 *(.bss)
 .bss           0x0000000020000130       0x1c /usr/lib/gcc/arm-none-eabi/9.2.1/thumb/v7-m/nofp/crtbegin.o
 *(.bss*)
 .bss.mem.7810  0x000000002000014c      0x270 build/usbd_conf.o
 .bss.cfgidx.7676
                0x00000000200003bc        0x1 build/usbd_ctlreq.o
 *(COMMON)
 *fill*         0x00000000200003bd        0x3 
 COMMON         0x00000000200003c0      0x2c4 build/usb_device.o
                0x00000000200003c0                hUsbDeviceFS
 COMMON         0x0000000020000684      0x2ec build/usbd_conf.o
                0x0000000020000684                hpcd_USB_FS
 COMMON         0x0000000020000970      0x200 build/usbd_desc.o
                0x0000000020000970                USBD_StrDesc
 COMMON         0x0000000020000b70        0x4 build/stm32f1xx_hal.o
                0x0000000020000b70                uwTick
 *fill*         0x0000000020000b74        0x4 
 COMMON         0x0000000020000b78       0x20 build/stm32f1xx_hal_flash.o
                0x0000000020000b78                pFlash
                0x0000000020000b98                . = ALIGN (0x4)
                0x0000000020000b98                _ebss = .
                0x0000000020000b98                __bss_end__ = _ebss

._user_heap_stack
                0x0000000020000b98     0x2400 load address 0x00000000080050f0
                0x0000000020000b98                . = ALIGN (0x8)
                [!provide]                        PROVIDE (end = .)
                [!provide]                        PROVIDE (_end = .)
                0x0000000020002b98                . = (. + _Min_Heap_Size)
 *fill*         0x0000000020000b98     0x2000 
                0x0000000020002f98                . = (. + _Min_Stack_Size)
 *fill*         0x0000000020002b98      0x400 
                0x0000000020002f98                . = ALIGN (0x8)

/DISCARD/
 libc.a(*)
 libm.a(*)
 libgcc.a(*)

.ARM.attributes
                0x0000000000000000       0x29
 *(.ARM.attributes)
 .ARM.attributes
                0x0000000000000000       0x1d /usr/lib/gcc/arm-none-eabi/9.2.1/thumb/v7-m/nofp/crti.o
 .ARM.attributes
                0x000000000000001d       0x2d /usr/lib/gcc/arm-none-eabi/9.2.1/thumb/v7-m/nofp/crtbegin.o
 .ARM.attributes
                0x000000000000004a       0x2d build/main.o
 .ARM.attributes
                0x0000000000000077       0x2d build/usb_device.o
 .ARM.attributes
                0x00000000000000a4       0x2d build/usbd_conf.o
 .ARM.attributes
                0x00000000000000d1       0x2d build/usbd_desc.o
 .ARM.attributes
                0x00000000000000fe       0x2d build/YAB_fat32.o
 .ARM.attributes
                0x000000000000012b       0x2d build/usbd_storage_if.o
 .ARM.attributes
                0x0000000000000158       0x2d build/stm32f1xx_it.o
 .ARM.attributes
                0x0000000000000185       0x2d build/stm32f1xx_hal_msp.o
 .ARM.attributes
                0x00000000000001b2       0x2d build/stm32f1xx_hal_pcd.o
 .ARM.attributes
                0x00000000000001df       0x2d build/stm32f1xx_hal_pcd_ex.o
 .ARM.attributes
                0x000000000000020c       0x2d build/stm32f1xx_ll_usb.o
 .ARM.attributes
                0x0000000000000239       0x2d build/stm32f1xx_hal.o
 .ARM.attributes
                0x0000000000000266       0x2d build/stm32f1xx_hal_rcc.o
 .ARM.attributes
                0x0000000000000293       0x2d build/stm32f1xx_hal_rcc_ex.o
 .ARM.attributes
                0x00000000000002c0       0x2d build/stm32f1xx_hal_gpio.o
 .ARM.attributes
                0x00000000000002ed       0x2d build/stm32f1xx_hal_cortex.o
 .ARM.attributes
                0x000000000000031a       0x2d build/stm32f1xx_hal_flash.o
 .ARM.attributes
                0x0000000000000347       0x2d build/stm32f1xx_hal_flash_ex.o
 .ARM.attributes
                0x0000000000000374       0x2d build/system_stm32f1xx.o
 .ARM.attributes
                0x00000000000003a1       0x2d build/usbd_core.o
 .ARM.attributes
                0x00000000000003ce       0x2d build/usbd_ctlreq.o
 .ARM.attributes
                0x00000000000003fb       0x2d build/usbd_ioreq.o
 .ARM.attributes
                0x0000000000000428       0x2d build/usbd_msc.o
 .ARM.attributes
                0x0000000000000455       0x2d build/usbd_msc_bot.o
 .ARM.attributes
                0x0000000000000482       0x33 build/usbd_msc_data.o
 .ARM.attributes
                0x00000000000004b5       0x2d build/usbd_msc_scsi.o
 .ARM.attributes
                0x00000000000004e2       0x21 build/startup_stm32f103xb.o
 .ARM.attributes
                0x0000000000000503       0x2d /usr/lib/gcc/arm-none-eabi/9.2.1/../../../arm-none-eabi/lib/thumb/v7-m/nofp/libc_nano.a(lib_a-init.o)
 .ARM.attributes
                0x0000000000000530       0x2d /usr/lib/gcc/arm-none-eabi/9.2.1/../../../arm-none-eabi/lib/thumb/v7-m/nofp/libc_nano.a(lib_a-memcmp.o)
 .ARM.attributes
                0x000000000000055d       0x1b /usr/lib/gcc/arm-none-eabi/9.2.1/../../../arm-none-eabi/lib/thumb/v7-m/nofp/libc_nano.a(lib_a-memcpy.o)
 .ARM.attributes
                0x0000000000000578       0x2d /usr/lib/gcc/arm-none-eabi/9.2.1/../../../arm-none-eabi/lib/thumb/v7-m/nofp/libc_nano.a(lib_a-memset.o)
 .ARM.attributes
                0x00000000000005a5       0x2d /usr/lib/gcc/arm-none-eabi/9.2.1/thumb/v7-m/nofp/crtend.o
 .ARM.attributes
                0x00000000000005d2       0x1d /usr/lib/gcc/arm-none-eabi/9.2.1/thumb/v7-m/nofp/crtn.o
OUTPUT(build/STM32F103C8T6_YAB.elf elf32-littlearm)
LOAD linker stubs
LOAD /usr/lib/gcc/arm-none-eabi/9.2.1/../../../arm-none-eabi/lib/thumb/v7-m/nofp/libc.a
LOAD /usr/lib/gcc/arm-none-eabi/9.2.1/../../../arm-none-eabi/lib/thumb/v7-m/nofp/libm.a
LOAD /usr/lib/gcc/arm-none-eabi/9.2.1/thumb/v7-m/nofp/libgcc.a

.comment        0x0000000000000000       0xa7
 .comment       0x0000000000000000       0x59 /usr/lib/gcc/arm-none-eabi/9.2.1/thumb/v7-m/nofp/crtbegin.o
                                         0x5a (size before relaxing)
 .comment       0x0000000000000059       0x5a build/main.o
 .comment       0x0000000000000059       0x5a build/usb_device.o
 .comment       0x0000000000000059       0x5a build/usbd_conf.o
 .comment       0x0000000000000059       0x5a build/usbd_desc.o
 .comment       0x0000000000000059       0x5a build/YAB_fat32.o
 .comment       0x0000000000000059       0x5a build/usbd_storage_if.o
 .comment       0x0000000000000059       0x5a build/stm32f1xx_it.o
 .comment       0x0000000000000059       0x5a build/stm32f1xx_hal_msp.o
 .comment       0x0000000000000059       0x5a build/stm32f1xx_hal_pcd.o
 .comment       0x0000000000000059       0x5a build/stm32f1xx_hal_pcd_ex.o
 .comment       0x0000000000000059       0x5a build/stm32f1xx_ll_usb.o
 .comment       0x0000000000000059       0x5a build/stm32f1xx_hal.o
 .comment       0x0000000000000059       0x5a build/stm32f1xx_hal_rcc.o
 .comment       0x0000000000000059       0x5a build/stm32f1xx_hal_rcc_ex.o
 .comment       0x0000000000000059       0x5a build/stm32f1xx_hal_gpio.o
 .comment       0x0000000000000059       0x5a build/stm32f1xx_hal_cortex.o
 .comment       0x0000000000000059       0x5a build/stm32f1xx_hal_flash.o
 .comment       0x0000000000000059       0x5a build/stm32f1xx_hal_flash_ex.o
 .comment       0x0000000000000059       0x5a build/system_stm32f1xx.o
 .comment       0x0000000000000059       0x5a build/usbd_core.o
 .comment       0x0000000000000059       0x5a build/usbd_ctlreq.o
 .comment       0x0000000000000059       0x5a build/usbd_ioreq.o
 .comment       0x0000000000000059       0x5a build/usbd_msc.o
 .comment       0x0000000000000059       0x5a build/usbd_msc_bot.o
 .comment       0x0000000000000059       0x5a build/usbd_msc_data.o
 .comment       0x0000000000000059       0x5a build/usbd_msc_scsi.o
 .comment       0x0000000000000059       0x4e /usr/lib/gcc/arm-none-eabi/9.2.1/../../../arm-none-eabi/lib/thumb/v7-m/nofp/libc_nano.a(lib_a-init.o)
                                         0x4f (size before relaxing)
 .comment       0x00000000000000a7       0x4f /usr/lib/gcc/arm-none-eabi/9.2.1/../../../arm-none-eabi/lib/thumb/v7-m/nofp/libc_nano.a(lib_a-memcmp.o)
 .comment       0x00000000000000a7       0x4f /usr/lib/gcc/arm-none-eabi/9.2.1/../../../arm-none-eabi/lib/thumb/v7-m/nofp/libc_nano.a(lib_a-memset.o)
 .comment       0x00000000000000a7       0x5a /usr/lib/gcc/arm-none-eabi/9.2.1/thumb/v7-m/nofp/crtend.o

.debug_info     0x0000000000000000    0x1dd6b
 .debug_info    0x0000000000000000     0x147f build/main.o
 .debug_info    0x000000000000147f     0x1244 build/usb_device.o
 .debug_info    0x00000000000026c3     0x2813 build/usbd_conf.o
 .debug_info    0x0000000000004ed6     0x1093 build/usbd_desc.o
 .debug_info    0x0000000000005f69     0x14c0 build/YAB_fat32.o
 .debug_info    0x0000000000007429     0x1546 build/usbd_storage_if.o
 .debug_info    0x000000000000896f      0x7d1 build/stm32f1xx_it.o
 .debug_info    0x0000000000009140      0x30e build/stm32f1xx_hal_msp.o
 .debug_info    0x000000000000944e     0x1b22 build/stm32f1xx_hal_pcd.o
 .debug_info    0x000000000000af70      0x877 build/stm32f1xx_hal_pcd_ex.o
 .debug_info    0x000000000000b7e7     0x1d11 build/stm32f1xx_ll_usb.o
 .debug_info    0x000000000000d4f8      0x8c0 build/stm32f1xx_hal.o
 .debug_info    0x000000000000ddb8      0xb37 build/stm32f1xx_hal_rcc.o
 .debug_info    0x000000000000e8ef      0x51d build/stm32f1xx_hal_rcc_ex.o
 .debug_info    0x000000000000ee0c      0x7a1 build/stm32f1xx_hal_gpio.o
 .debug_info    0x000000000000f5ad      0xed3 build/stm32f1xx_hal_cortex.o
 .debug_info    0x0000000000010480      0x7a2 build/stm32f1xx_hal_flash.o
 .debug_info    0x0000000000010c22      0xc2f build/stm32f1xx_hal_flash_ex.o
 .debug_info    0x0000000000011851      0x2d3 build/system_stm32f1xx.o
 .debug_info    0x0000000000011b24     0x18c1 build/usbd_core.o
 .debug_info    0x00000000000133e5     0x1b97 build/usbd_ctlreq.o
 .debug_info    0x0000000000014f7c     0x12e5 build/usbd_ioreq.o
 .debug_info    0x0000000000016261     0x1b0c build/usbd_msc.o
 .debug_info    0x0000000000017d6d     0x1a25 build/usbd_msc_bot.o
 .debug_info    0x0000000000019792      0xb6a build/usbd_msc_data.o
 .debug_info    0x000000000001a2fc     0x202a build/usbd_msc_scsi.o
 .debug_info    0x000000000001c326       0x22 build/startup_stm32f103xb.o
 .debug_info    0x000000000001c348      0x11a /usr/lib/gcc/arm-none-eabi/9.2.1/../../../arm-none-eabi/lib/thumb/v7-m/nofp/libc_nano.a(lib_a-init.o)
 .debug_info    0x000000000001c462      0x9c2 /usr/lib/gcc/arm-none-eabi/9.2.1/../../../arm-none-eabi/lib/thumb/v7-m/nofp/libc_nano.a(lib_a-memcmp.o)
 .debug_info    0x000000000001ce24       0x26 /usr/lib/gcc/arm-none-eabi/9.2.1/../../../arm-none-eabi/lib/thumb/v7-m/nofp/libc_nano.a(lib_a-memcpy.o)
 .debug_info    0x000000000001ce4a      0xf21 /usr/lib/gcc/arm-none-eabi/9.2.1/../../../arm-none-eabi/lib/thumb/v7-m/nofp/libc_nano.a(lib_a-memset.o)

.debug_abbrev   0x0000000000000000     0x49a9
 .debug_abbrev  0x0000000000000000      0x380 build/main.o
 .debug_abbrev  0x0000000000000380      0x22d build/usb_device.o
 .debug_abbrev  0x00000000000005ad      0x398 build/usbd_conf.o
 .debug_abbrev  0x0000000000000945      0x320 build/usbd_desc.o
 .debug_abbrev  0x0000000000000c65      0x3cc build/YAB_fat32.o
 .debug_abbrev  0x0000000000001031      0x310 build/usbd_storage_if.o
 .debug_abbrev  0x0000000000001341      0x182 build/stm32f1xx_it.o
 .debug_abbrev  0x00000000000014c3      0x130 build/stm32f1xx_hal_msp.o
 .debug_abbrev  0x00000000000015f3      0x30e build/stm32f1xx_hal_pcd.o
 .debug_abbrev  0x0000000000001901      0x1b1 build/stm32f1xx_hal_pcd_ex.o
 .debug_abbrev  0x0000000000001ab2      0x288 build/stm32f1xx_ll_usb.o
 .debug_abbrev  0x0000000000001d3a      0x21c build/stm32f1xx_hal.o
 .debug_abbrev  0x0000000000001f56      0x2ad build/stm32f1xx_hal_rcc.o
 .debug_abbrev  0x0000000000002203      0x1fb build/stm32f1xx_hal_rcc_ex.o
 .debug_abbrev  0x00000000000023fe      0x24f build/stm32f1xx_hal_gpio.o
 .debug_abbrev  0x000000000000264d      0x37f build/stm32f1xx_hal_cortex.o
 .debug_abbrev  0x00000000000029cc      0x2aa build/stm32f1xx_hal_flash.o
 .debug_abbrev  0x0000000000002c76      0x2b9 build/stm32f1xx_hal_flash_ex.o
 .debug_abbrev  0x0000000000002f2f      0x153 build/system_stm32f1xx.o
 .debug_abbrev  0x0000000000003082      0x334 build/usbd_core.o
 .debug_abbrev  0x00000000000033b6      0x387 build/usbd_ctlreq.o
 .debug_abbrev  0x000000000000373d      0x229 build/usbd_ioreq.o
 .debug_abbrev  0x0000000000003966      0x321 build/usbd_msc.o
 .debug_abbrev  0x0000000000003c87      0x338 build/usbd_msc_bot.o
 .debug_abbrev  0x0000000000003fbf      0x1c6 build/usbd_msc_data.o
 .debug_abbrev  0x0000000000004185      0x3aa build/usbd_msc_scsi.o
 .debug_abbrev  0x000000000000452f       0x12 build/startup_stm32f103xb.o
 .debug_abbrev  0x0000000000004541       0xcc /usr/lib/gcc/arm-none-eabi/9.2.1/../../../arm-none-eabi/lib/thumb/v7-m/nofp/libc_nano.a(lib_a-init.o)
 .debug_abbrev  0x000000000000460d      0x1af /usr/lib/gcc/arm-none-eabi/9.2.1/../../../arm-none-eabi/lib/thumb/v7-m/nofp/libc_nano.a(lib_a-memcmp.o)
 .debug_abbrev  0x00000000000047bc       0x14 /usr/lib/gcc/arm-none-eabi/9.2.1/../../../arm-none-eabi/lib/thumb/v7-m/nofp/libc_nano.a(lib_a-memcpy.o)
 .debug_abbrev  0x00000000000047d0      0x1d9 /usr/lib/gcc/arm-none-eabi/9.2.1/../../../arm-none-eabi/lib/thumb/v7-m/nofp/libc_nano.a(lib_a-memset.o)

.debug_loc      0x0000000000000000     0xc322
 .debug_loc     0x0000000000000000       0xfb build/main.o
 .debug_loc     0x00000000000000fb       0x20 build/usb_device.o
 .debug_loc     0x000000000000011b      0xead build/usbd_conf.o
 .debug_loc     0x0000000000000fc8      0x47b build/usbd_desc.o
 .debug_loc     0x0000000000001443      0x917 build/YAB_fat32.o
 .debug_loc     0x0000000000001d5a      0x3bc build/usbd_storage_if.o
 .debug_loc     0x0000000000002116       0x40 build/stm32f1xx_it.o
 .debug_loc     0x0000000000002156       0x41 build/stm32f1xx_hal_msp.o
 .debug_loc     0x0000000000002197     0x158d build/stm32f1xx_hal_pcd.o
 .debug_loc     0x0000000000003724      0x11a build/stm32f1xx_hal_pcd_ex.o
 .debug_loc     0x000000000000383e     0x1a79 build/stm32f1xx_ll_usb.o
 .debug_loc     0x00000000000052b7      0x1e1 build/stm32f1xx_hal.o
 .debug_loc     0x0000000000005498      0x7c0 build/stm32f1xx_hal_rcc.o
 .debug_loc     0x0000000000005c58      0x40a build/stm32f1xx_hal_rcc_ex.o
 .debug_loc     0x0000000000006062      0x548 build/stm32f1xx_hal_gpio.o
 .debug_loc     0x00000000000065aa      0x7af build/stm32f1xx_hal_cortex.o
 .debug_loc     0x0000000000006d59      0x443 build/stm32f1xx_hal_flash.o
 .debug_loc     0x000000000000719c      0x9d7 build/stm32f1xx_hal_flash_ex.o
 .debug_loc     0x0000000000007b73       0xff build/system_stm32f1xx.o
 .debug_loc     0x0000000000007c72      0xaf6 build/usbd_core.o
 .debug_loc     0x0000000000008768     0x1631 build/usbd_ctlreq.o
 .debug_loc     0x0000000000009d99      0x364 build/usbd_ioreq.o
 .debug_loc     0x000000000000a0fd      0x688 build/usbd_msc.o
 .debug_loc     0x000000000000a785      0x552 build/usbd_msc_bot.o
 .debug_loc     0x000000000000acd7     0x11ca build/usbd_msc_scsi.o
 .debug_loc     0x000000000000bea1       0xba /usr/lib/gcc/arm-none-eabi/9.2.1/../../../arm-none-eabi/lib/thumb/v7-m/nofp/libc_nano.a(lib_a-init.o)
 .debug_loc     0x000000000000bf5b      0x196 /usr/lib/gcc/arm-none-eabi/9.2.1/../../../arm-none-eabi/lib/thumb/v7-m/nofp/libc_nano.a(lib_a-memcmp.o)
 .debug_loc     0x000000000000c0f1      0x231 /usr/lib/gcc/arm-none-eabi/9.2.1/../../../arm-none-eabi/lib/thumb/v7-m/nofp/libc_nano.a(lib_a-memset.o)

.debug_aranges  0x0000000000000000      0xd18
 .debug_aranges
                0x0000000000000000       0x50 build/main.o
 .debug_aranges
                0x0000000000000050       0x20 build/usb_device.o
 .debug_aranges
                0x0000000000000070      0x118 build/usbd_conf.o
 .debug_aranges
                0x0000000000000188       0x60 build/usbd_desc.o
 .debug_aranges
                0x00000000000001e8       0x60 build/YAB_fat32.o
 .debug_aranges
                0x0000000000000248       0x60 build/usbd_storage_if.o
 .debug_aranges
                0x00000000000002a8       0x68 build/stm32f1xx_it.o
 .debug_aranges
                0x0000000000000310       0x20 build/stm32f1xx_hal_msp.o
 .debug_aranges
                0x0000000000000330      0x138 build/stm32f1xx_hal_pcd.o
 .debug_aranges
                0x0000000000000468       0x38 build/stm32f1xx_hal_pcd_ex.o
 .debug_aranges
                0x00000000000004a0       0xf0 build/stm32f1xx_ll_usb.o
 .debug_aranges
                0x0000000000000590       0xe0 build/stm32f1xx_hal.o
 .debug_aranges
                0x0000000000000670       0x90 build/stm32f1xx_hal_rcc.o
 .debug_aranges
                0x0000000000000700       0x30 build/stm32f1xx_hal_rcc_ex.o
 .debug_aranges
                0x0000000000000730       0x58 build/stm32f1xx_hal_gpio.o
 .debug_aranges
                0x0000000000000788       0x90 build/stm32f1xx_hal_cortex.o
 .debug_aranges
                0x0000000000000818       0x88 build/stm32f1xx_hal_flash.o
 .debug_aranges
                0x00000000000008a0       0x98 build/stm32f1xx_hal_flash_ex.o
 .debug_aranges
                0x0000000000000938       0x28 build/system_stm32f1xx.o
 .debug_aranges
                0x0000000000000960       0xb8 build/usbd_core.o
 .debug_aranges
                0x0000000000000a18       0x88 build/usbd_ctlreq.o
 .debug_aranges
                0x0000000000000aa0       0x50 build/usbd_ioreq.o
 .debug_aranges
                0x0000000000000af0       0x68 build/usbd_msc.o
 .debug_aranges
                0x0000000000000b58       0x68 build/usbd_msc_bot.o
 .debug_aranges
                0x0000000000000bc0       0x18 build/usbd_msc_data.o
 .debug_aranges
                0x0000000000000bd8       0x98 build/usbd_msc_scsi.o
 .debug_aranges
                0x0000000000000c70       0x28 build/startup_stm32f103xb.o
 .debug_aranges
                0x0000000000000c98       0x20 /usr/lib/gcc/arm-none-eabi/9.2.1/../../../arm-none-eabi/lib/thumb/v7-m/nofp/libc_nano.a(lib_a-init.o)
 .debug_aranges
                0x0000000000000cb8       0x20 /usr/lib/gcc/arm-none-eabi/9.2.1/../../../arm-none-eabi/lib/thumb/v7-m/nofp/libc_nano.a(lib_a-memcmp.o)
 .debug_aranges
                0x0000000000000cd8       0x20 /usr/lib/gcc/arm-none-eabi/9.2.1/../../../arm-none-eabi/lib/thumb/v7-m/nofp/libc_nano.a(lib_a-memcpy.o)
 .debug_aranges
                0x0000000000000cf8       0x20 /usr/lib/gcc/arm-none-eabi/9.2.1/../../../arm-none-eabi/lib/thumb/v7-m/nofp/libc_nano.a(lib_a-memset.o)

.debug_ranges   0x0000000000000000      0xe98
 .debug_ranges  0x0000000000000000       0x40 build/main.o
 .debug_ranges  0x0000000000000040       0x10 build/usb_device.o
 .debug_ranges  0x0000000000000050      0x108 build/usbd_conf.o
 .debug_ranges  0x0000000000000158       0x50 build/usbd_desc.o
 .debug_ranges  0x00000000000001a8       0x80 build/YAB_fat32.o
 .debug_ranges  0x0000000000000228       0x50 build/usbd_storage_if.o
 .debug_ranges  0x0000000000000278       0x58 build/stm32f1xx_it.o
 .debug_ranges  0x00000000000002d0       0x10 build/stm32f1xx_hal_msp.o
 .debug_ranges  0x00000000000002e0      0x1d8 build/stm32f1xx_hal_pcd.o
 .debug_ranges  0x00000000000004b8       0x28 build/stm32f1xx_hal_pcd_ex.o
 .debug_ranges  0x00000000000004e0      0x318 build/stm32f1xx_ll_usb.o
 .debug_ranges  0x00000000000007f8       0xd0 build/stm32f1xx_hal.o
 .debug_ranges  0x00000000000008c8       0xa0 build/stm32f1xx_hal_rcc.o
 .debug_ranges  0x0000000000000968       0x38 build/stm32f1xx_hal_rcc_ex.o
 .debug_ranges  0x00000000000009a0       0x48 build/stm32f1xx_hal_gpio.o
 .debug_ranges  0x00000000000009e8       0xe0 build/stm32f1xx_hal_cortex.o
 .debug_ranges  0x0000000000000ac8       0x78 build/stm32f1xx_hal_flash.o
 .debug_ranges  0x0000000000000b40       0x88 build/stm32f1xx_hal_flash_ex.o
 .debug_ranges  0x0000000000000bc8       0x18 build/system_stm32f1xx.o
 .debug_ranges  0x0000000000000be0       0xa8 build/usbd_core.o
 .debug_ranges  0x0000000000000c88       0x78 build/usbd_ctlreq.o
 .debug_ranges  0x0000000000000d00       0x40 build/usbd_ioreq.o
 .debug_ranges  0x0000000000000d40       0x58 build/usbd_msc.o
 .debug_ranges  0x0000000000000d98       0x58 build/usbd_msc_bot.o
 .debug_ranges  0x0000000000000df0       0x88 build/usbd_msc_scsi.o
 .debug_ranges  0x0000000000000e78       0x20 build/startup_stm32f103xb.o

.debug_line     0x0000000000000000     0xbb4f
 .debug_line    0x0000000000000000      0x460 build/main.o
 .debug_line    0x0000000000000460      0x287 build/usb_device.o
 .debug_line    0x00000000000006e7      0x7d2 build/usbd_conf.o
 .debug_line    0x0000000000000eb9      0x3fa build/usbd_desc.o
 .debug_line    0x00000000000012b3      0x800 build/YAB_fat32.o
 .debug_line    0x0000000000001ab3      0x40a build/usbd_storage_if.o
 .debug_line    0x0000000000001ebd      0x267 build/stm32f1xx_it.o
 .debug_line    0x0000000000002124      0x140 build/stm32f1xx_hal_msp.o
 .debug_line    0x0000000000002264     0x163a build/stm32f1xx_hal_pcd.o
 .debug_line    0x000000000000389e      0x23a build/stm32f1xx_hal_pcd_ex.o
 .debug_line    0x0000000000003ad8     0x186f build/stm32f1xx_ll_usb.o
 .debug_line    0x0000000000005347      0x488 build/stm32f1xx_hal.o
 .debug_line    0x00000000000057cf      0xba5 build/stm32f1xx_hal_rcc.o
 .debug_line    0x0000000000006374      0x432 build/stm32f1xx_hal_rcc_ex.o
 .debug_line    0x00000000000067a6      0x58a build/stm32f1xx_hal_gpio.o
 .debug_line    0x0000000000006d30      0x5de build/stm32f1xx_hal_cortex.o
 .debug_line    0x000000000000730e      0x720 build/stm32f1xx_hal_flash.o
 .debug_line    0x0000000000007a2e      0x8c1 build/stm32f1xx_hal_flash_ex.o
 .debug_line    0x00000000000082ef      0x1f3 build/system_stm32f1xx.o
 .debug_line    0x00000000000084e2      0x7b5 build/usbd_core.o
 .debug_line    0x0000000000008c97      0xb93 build/usbd_ctlreq.o
 .debug_line    0x000000000000982a      0x32c build/usbd_ioreq.o
 .debug_line    0x0000000000009b56      0x60d build/usbd_msc.o
 .debug_line    0x000000000000a163      0x5c7 build/usbd_msc_bot.o
 .debug_line    0x000000000000a72a      0x212 build/usbd_msc_data.o
 .debug_line    0x000000000000a93c      0xb8d build/usbd_msc_scsi.o
 .debug_line    0x000000000000b4c9       0x72 build/startup_stm32f103xb.o
 .debug_line    0x000000000000b53b      0x114 /usr/lib/gcc/arm-none-eabi/9.2.1/../../../arm-none-eabi/lib/thumb/v7-m/nofp/libc_nano.a(lib_a-init.o)
 .debug_line    0x000000000000b64f      0x1d4 /usr/lib/gcc/arm-none-eabi/9.2.1/../../../arm-none-eabi/lib/thumb/v7-m/nofp/libc_nano.a(lib_a-memcmp.o)
 .debug_line    0x000000000000b823       0xc1 /usr/lib/gcc/arm-none-eabi/9.2.1/../../../arm-none-eabi/lib/thumb/v7-m/nofp/libc_nano.a(lib_a-memcpy.o)
 .debug_line    0x000000000000b8e4      0x26b /usr/lib/gcc/arm-none-eabi/9.2.1/../../../arm-none-eabi/lib/thumb/v7-m/nofp/libc_nano.a(lib_a-memset.o)

.debug_str      0x0000000000000000     0x420f
 .debug_str     0x0000000000000000      0x94c build/main.o
                                        0xa20 (size before relaxing)
 .debug_str     0x000000000000094c      0x47b build/usb_device.o
                                        0xb8a (size before relaxing)
 .debug_str     0x0000000000000dc7      0xb2c build/usbd_conf.o
                                       0x16b6 (size before relaxing)
 .debug_str     0x00000000000018f3      0x19b build/usbd_desc.o
                                        0x8ef (size before relaxing)
 .debug_str     0x0000000000001a8e      0x31e build/YAB_fat32.o
                                        0xa06 (size before relaxing)
 .debug_str     0x0000000000001dac      0x140 build/usbd_storage_if.o
                                        0xcaa (size before relaxing)
 .debug_str     0x0000000000001eec       0xdd build/stm32f1xx_it.o
                                        0x672 (size before relaxing)
 .debug_str     0x0000000000001fc9       0x48 build/stm32f1xx_hal_msp.o
                                        0x2cd (size before relaxing)
 .debug_str     0x0000000000002011      0x318 build/stm32f1xx_hal_pcd.o
                                        0xb64 (size before relaxing)
 .debug_str     0x0000000000002329      0x159 build/stm32f1xx_hal_pcd_ex.o
                                        0x75e (size before relaxing)
 .debug_str     0x0000000000002482      0x13b build/stm32f1xx_ll_usb.o
                                        0x791 (size before relaxing)
 .debug_str     0x00000000000025bd      0x263 build/stm32f1xx_hal.o
                                        0x846 (size before relaxing)
 .debug_str     0x0000000000002820      0x1e2 build/stm32f1xx_hal_rcc.o
                                        0x68a (size before relaxing)
 .debug_str     0x0000000000002a02       0x9c build/stm32f1xx_hal_rcc_ex.o
                                        0x474 (size before relaxing)
 .debug_str     0x0000000000002a9e       0xf4 build/stm32f1xx_hal_gpio.o
                                        0x4a8 (size before relaxing)
 .debug_str     0x0000000000002b92      0x315 build/stm32f1xx_hal_cortex.o
                                        0x962 (size before relaxing)
 .debug_str     0x0000000000002ea7      0x258 build/stm32f1xx_hal_flash.o
                                        0x5ba (size before relaxing)
 .debug_str     0x00000000000030ff      0x267 build/stm32f1xx_hal_flash_ex.o
                                        0x6d0 (size before relaxing)
 .debug_str     0x0000000000003366       0x4a build/system_stm32f1xx.o
                                        0x2c4 (size before relaxing)
 .debug_str     0x00000000000033b0      0x13e build/usbd_core.o
                                        0xcda (size before relaxing)
 .debug_str     0x00000000000034ee       0xe2 build/usbd_ctlreq.o
                                        0xbf4 (size before relaxing)
 .debug_str     0x00000000000035d0       0x60 build/usbd_ioreq.o
                                        0xb21 (size before relaxing)
 .debug_str     0x0000000000003630      0x34a build/usbd_msc.o
                                        0xf04 (size before relaxing)
 .debug_str     0x000000000000397a       0xb1 build/usbd_msc_bot.o
                                        0xdfc (size before relaxing)
 .debug_str     0x0000000000003a2b       0x89 build/usbd_msc_data.o
                                        0x6cb (size before relaxing)
 .debug_str     0x0000000000003ab4      0x156 build/usbd_msc_scsi.o
                                        0xe7d (size before relaxing)
 .debug_str     0x0000000000003c0a       0x22 build/startup_stm32f103xb.o
                                         0x43 (size before relaxing)
 .debug_str     0x0000000000003c2c      0x186 /usr/lib/gcc/arm-none-eabi/9.2.1/../../../arm-none-eabi/lib/thumb/v7-m/nofp/libc_nano.a(lib_a-init.o)
                                        0x221 (size before relaxing)
 .debug_str     0x0000000000003db2      0x10b /usr/lib/gcc/arm-none-eabi/9.2.1/../../../arm-none-eabi/lib/thumb/v7-m/nofp/libc_nano.a(lib_a-memcmp.o)
                                        0x5de (size before relaxing)
 .debug_str     0x0000000000003ebd       0xa6 /usr/lib/gcc/arm-none-eabi/9.2.1/../../../arm-none-eabi/lib/thumb/v7-m/nofp/libc_nano.a(lib_a-memcpy.o)
                                         0xb2 (size before relaxing)
 .debug_str     0x0000000000003f63      0x2ac /usr/lib/gcc/arm-none-eabi/9.2.1/../../../arm-none-eabi/lib/thumb/v7-m/nofp/libc_nano.a(lib_a-memset.o)
                                        0x907 (size before relaxing)

.debug_frame    0x0000000000000000     0x1e60
 .debug_frame   0x0000000000000000       0xbc build/main.o
 .debug_frame   0x00000000000000bc       0x28 build/usb_device.o
 .debug_frame   0x00000000000000e4      0x2ec build/usbd_conf.o
 .debug_frame   0x00000000000003d0       0xe0 build/usbd_desc.o
 .debug_frame   0x00000000000004b0      0x110 build/YAB_fat32.o
 .debug_frame   0x00000000000005c0       0xe8 build/usbd_storage_if.o
 .debug_frame   0x00000000000006a8       0xc0 build/stm32f1xx_it.o
 .debug_frame   0x0000000000000768       0x28 build/stm32f1xx_hal_msp.o
 .debug_frame   0x0000000000000790      0x354 build/stm32f1xx_hal_pcd.o
 .debug_frame   0x0000000000000ae4       0x50 build/stm32f1xx_hal_pcd_ex.o
 .debug_frame   0x0000000000000b34      0x21c build/stm32f1xx_ll_usb.o
 .debug_frame   0x0000000000000d50      0x1cc build/stm32f1xx_hal.o
 .debug_frame   0x0000000000000f1c      0x190 build/stm32f1xx_hal_rcc.o
 .debug_frame   0x00000000000010ac       0x64 build/stm32f1xx_hal_rcc_ex.o
 .debug_frame   0x0000000000001110       0xe8 build/stm32f1xx_hal_gpio.o
 .debug_frame   0x00000000000011f8      0x12c build/stm32f1xx_hal_cortex.o
 .debug_frame   0x0000000000001324      0x134 build/stm32f1xx_hal_flash.o
 .debug_frame   0x0000000000001458      0x194 build/stm32f1xx_hal_flash_ex.o
 .debug_frame   0x00000000000015ec       0x30 build/system_stm32f1xx.o
 .debug_frame   0x000000000000161c      0x1c4 build/usbd_core.o
 .debug_frame   0x00000000000017e0      0x178 build/usbd_ctlreq.o
 .debug_frame   0x0000000000001958       0xb8 build/usbd_ioreq.o
 .debug_frame   0x0000000000001a10       0xf0 build/usbd_msc.o
 .debug_frame   0x0000000000001b00      0x10c build/usbd_msc_bot.o
 .debug_frame   0x0000000000001c0c      0x1b8 build/usbd_msc_scsi.o
 .debug_frame   0x0000000000001dc4       0x2c /usr/lib/gcc/arm-none-eabi/9.2.1/../../../arm-none-eabi/lib/thumb/v7-m/nofp/libc_nano.a(lib_a-init.o)
 .debug_frame   0x0000000000001df0       0x38 /usr/lib/gcc/arm-none-eabi/9.2.1/../../../arm-none-eabi/lib/thumb/v7-m/nofp/libc_nano.a(lib_a-memcmp.o)
 .debug_frame   0x0000000000001e28       0x38 /usr/lib/gcc/arm-none-eabi/9.2.1/../../../arm-none-eabi/lib/thumb/v7-m/nofp/libc_nano.a(lib_a-memset.o)

Cross Reference Table

Symbol                                            File
ADC1_2_IRQHandler                                 build/startup_stm32f103xb.o
AHBPrescTable                                     build/system_stm32f1xx.o
                                                  build/stm32f1xx_hal_rcc.o
APBPrescTable                                     build/system_stm32f1xx.o
                                                  build/stm32f1xx_hal_rcc.o
BusFault_Handler                                  build/stm32f1xx_it.o
CAN1_RX1_IRQHandler                               build/startup_stm32f103xb.o
CAN1_SCE_IRQHandler                               build/startup_stm32f103xb.o
DMA1_Channel1_IRQHandler                          build/startup_stm32f103xb.o
DMA1_Channel2_IRQHandler                          build/startup_stm32f103xb.o
DMA1_Channel3_IRQHandler                          build/startup_stm32f103xb.o
DMA1_Channel4_IRQHandler                          build/startup_stm32f103xb.o
DMA1_Channel5_IRQHandler                          build/startup_stm32f103xb.o
DMA1_Channel6_IRQHandler                          build/startup_stm32f103xb.o
DMA1_Channel7_IRQHandler                          build/startup_stm32f103xb.o
DebugMon_Handler                                  build/stm32f1xx_it.o
Default_Handler                                   build/startup_stm32f103xb.o
EXTI0_IRQHandler                                  build/startup_stm32f103xb.o
EXTI15_10_IRQHandler                              build/startup_stm32f103xb.o
EXTI1_IRQHandler                                  build/startup_stm32f103xb.o
EXTI2_IRQHandler                                  build/startup_stm32f103xb.o
EXTI3_IRQHandler                                  build/startup_stm32f103xb.o
EXTI4_IRQHandler                                  build/startup_stm32f103xb.o
EXTI9_5_IRQHandler                                build/startup_stm32f103xb.o
Error_Handler                                     build/main.o
                                                  build/usbd_conf.o
                                                  build/usb_device.o
FLASH_IRQHandler                                  build/startup_stm32f103xb.o
FLASH_PageErase                                   build/stm32f1xx_hal_flash_ex.o
                                                  build/stm32f1xx_hal_flash.o
FLASH_WaitForLastOperation                        build/stm32f1xx_hal_flash.o
                                                  build/stm32f1xx_hal_flash_ex.o
FS_Desc                                           build/usbd_desc.o
                                                  build/usb_device.o
HAL_DBGMCU_DisableDBGSleepMode                    build/stm32f1xx_hal.o
HAL_DBGMCU_DisableDBGStandbyMode                  build/stm32f1xx_hal.o
HAL_DBGMCU_DisableDBGStopMode                     build/stm32f1xx_hal.o
HAL_DBGMCU_EnableDBGSleepMode                     build/stm32f1xx_hal.o
HAL_DBGMCU_EnableDBGStandbyMode                   build/stm32f1xx_hal.o
HAL_DBGMCU_EnableDBGStopMode                      build/stm32f1xx_hal.o
HAL_DMA_Abort                                     build/stm32f1xx_hal_dma.o
HAL_DMA_Abort_IT                                  build/stm32f1xx_hal_dma.o
HAL_DMA_DeInit                                    build/stm32f1xx_hal_dma.o
HAL_DMA_GetError                                  build/stm32f1xx_hal_dma.o
HAL_DMA_GetState                                  build/stm32f1xx_hal_dma.o
HAL_DMA_IRQHandler                                build/stm32f1xx_hal_dma.o
HAL_DMA_Init                                      build/stm32f1xx_hal_dma.o
HAL_DMA_PollForTransfer                           build/stm32f1xx_hal_dma.o
HAL_DMA_RegisterCallback                          build/stm32f1xx_hal_dma.o
HAL_DMA_Start                                     build/stm32f1xx_hal_dma.o
HAL_DMA_Start_IT                                  build/stm32f1xx_hal_dma.o
HAL_DMA_UnRegisterCallback                        build/stm32f1xx_hal_dma.o
HAL_DeInit                                        build/stm32f1xx_hal.o
                                                  build/main.o
HAL_Delay                                         build/stm32f1xx_hal.o
                                                  build/usbd_conf.o
                                                  build/main.o
HAL_EXTI_ClearConfigLine                          build/stm32f1xx_hal_exti.o
HAL_EXTI_ClearPending                             build/stm32f1xx_hal_exti.o
HAL_EXTI_GenerateSWI                              build/stm32f1xx_hal_exti.o
HAL_EXTI_GetConfigLine                            build/stm32f1xx_hal_exti.o
HAL_EXTI_GetHandle                                build/stm32f1xx_hal_exti.o
HAL_EXTI_GetPending                               build/stm32f1xx_hal_exti.o
HAL_EXTI_IRQHandler                               build/stm32f1xx_hal_exti.o
HAL_EXTI_RegisterCallback                         build/stm32f1xx_hal_exti.o
HAL_EXTI_SetConfigLine                            build/stm32f1xx_hal_exti.o
HAL_FLASHEx_Erase                                 build/stm32f1xx_hal_flash_ex.o
                                                  build/YAB_fat32.o
HAL_FLASHEx_Erase_IT                              build/stm32f1xx_hal_flash_ex.o
HAL_FLASHEx_OBErase                               build/stm32f1xx_hal_flash_ex.o
HAL_FLASHEx_OBGetConfig                           build/stm32f1xx_hal_flash_ex.o
HAL_FLASHEx_OBGetUserData                         build/stm32f1xx_hal_flash_ex.o
HAL_FLASHEx_OBProgram                             build/stm32f1xx_hal_flash_ex.o
HAL_FLASH_EndOfOperationCallback                  build/stm32f1xx_hal_flash.o
HAL_FLASH_GetError                                build/stm32f1xx_hal_flash.o
HAL_FLASH_IRQHandler                              build/stm32f1xx_hal_flash.o
HAL_FLASH_Lock                                    build/stm32f1xx_hal_flash.o
                                                  build/YAB_fat32.o
HAL_FLASH_OB_Launch                               build/stm32f1xx_hal_flash.o
HAL_FLASH_OB_Lock                                 build/stm32f1xx_hal_flash.o
HAL_FLASH_OB_Unlock                               build/stm32f1xx_hal_flash.o
HAL_FLASH_OperationErrorCallback                  build/stm32f1xx_hal_flash.o
HAL_FLASH_Program                                 build/stm32f1xx_hal_flash.o
                                                  build/YAB_fat32.o
HAL_FLASH_Program_IT                              build/stm32f1xx_hal_flash.o
HAL_FLASH_Unlock                                  build/stm32f1xx_hal_flash.o
                                                  build/YAB_fat32.o
HAL_GPIOEx_ConfigEventout                         build/stm32f1xx_hal_gpio_ex.o
HAL_GPIOEx_DisableEventout                        build/stm32f1xx_hal_gpio_ex.o
HAL_GPIOEx_EnableEventout                         build/stm32f1xx_hal_gpio_ex.o
HAL_GPIO_DeInit                                   build/stm32f1xx_hal_gpio.o
HAL_GPIO_EXTI_Callback                            build/stm32f1xx_hal_gpio.o
HAL_GPIO_EXTI_IRQHandler                          build/stm32f1xx_hal_gpio.o
HAL_GPIO_Init                                     build/stm32f1xx_hal_gpio.o
                                                  build/stm32f1xx_hal_rcc.o
                                                  build/main.o
HAL_GPIO_LockPin                                  build/stm32f1xx_hal_gpio.o
HAL_GPIO_ReadPin                                  build/stm32f1xx_hal_gpio.o
                                                  build/main.o
HAL_GPIO_TogglePin                                build/stm32f1xx_hal_gpio.o
HAL_GPIO_WritePin                                 build/stm32f1xx_hal_gpio.o
                                                  build/YAB_fat32.o
                                                  build/main.o
HAL_GetDEVID                                      build/stm32f1xx_hal.o
HAL_GetHalVersion                                 build/stm32f1xx_hal.o
HAL_GetREVID                                      build/stm32f1xx_hal.o
HAL_GetTick                                       build/stm32f1xx_hal.o
                                                  build/stm32f1xx_hal_flash.o
                                                  build/stm32f1xx_hal_dma.o
                                                  build/stm32f1xx_hal_rcc_ex.o
                                                  build/stm32f1xx_hal_rcc.o
HAL_GetTickFreq                                   build/stm32f1xx_hal.o
HAL_GetTickPrio                                   build/stm32f1xx_hal.o
HAL_GetUIDw0                                      build/stm32f1xx_hal.o
HAL_GetUIDw1                                      build/stm32f1xx_hal.o
HAL_GetUIDw2                                      build/stm32f1xx_hal.o
HAL_IncTick                                       build/stm32f1xx_hal.o
                                                  build/stm32f1xx_it.o
HAL_Init                                          build/stm32f1xx_hal.o
                                                  build/main.o
HAL_InitTick                                      build/stm32f1xx_hal.o
                                                  build/stm32f1xx_hal_rcc.o
HAL_MspDeInit                                     build/stm32f1xx_hal.o
HAL_MspInit                                       build/stm32f1xx_hal_msp.o
HAL_NVIC_ClearPendingIRQ                          build/stm32f1xx_hal_cortex.o
HAL_NVIC_DisableIRQ                               build/stm32f1xx_hal_cortex.o
                                                  build/usbd_conf.o
HAL_NVIC_EnableIRQ                                build/stm32f1xx_hal_cortex.o
                                                  build/usbd_conf.o
HAL_NVIC_GetActive                                build/stm32f1xx_hal_cortex.o
HAL_NVIC_GetPendingIRQ                            build/stm32f1xx_hal_cortex.o
HAL_NVIC_GetPriority                              build/stm32f1xx_hal_cortex.o
HAL_NVIC_GetPriorityGrouping                      build/stm32f1xx_hal_cortex.o
HAL_NVIC_SetPendingIRQ                            build/stm32f1xx_hal_cortex.o
HAL_NVIC_SetPriority                              build/stm32f1xx_hal_cortex.o
                                                  build/stm32f1xx_hal.o
                                                  build/usbd_conf.o
HAL_NVIC_SetPriorityGrouping                      build/stm32f1xx_hal_cortex.o
                                                  build/stm32f1xx_hal.o
HAL_NVIC_SystemReset                              build/stm32f1xx_hal_cortex.o
                                                  build/stm32f1xx_hal_flash.o
HAL_PCDEx_BCD_Callback                            build/stm32f1xx_hal_pcd_ex.o
HAL_PCDEx_LPM_Callback                            build/stm32f1xx_hal_pcd_ex.o
HAL_PCDEx_PMAConfig                               build/stm32f1xx_hal_pcd_ex.o
                                                  build/usbd_conf.o
HAL_PCDEx_SetConnectionState                      build/usbd_conf.o
                                                  build/stm32f1xx_hal_pcd.o
HAL_PCD_ActivateRemoteWakeup                      build/stm32f1xx_hal_pcd.o
HAL_PCD_ConnectCallback                           build/usbd_conf.o
HAL_PCD_DataInStageCallback                       build/usbd_conf.o
HAL_PCD_DataOutStageCallback                      build/usbd_conf.o
HAL_PCD_DeActivateRemoteWakeup                    build/stm32f1xx_hal_pcd.o
HAL_PCD_DeInit                                    build/stm32f1xx_hal_pcd.o
                                                  build/usbd_conf.o
HAL_PCD_DevConnect                                build/stm32f1xx_hal_pcd.o
HAL_PCD_DevDisconnect                             build/stm32f1xx_hal_pcd.o
HAL_PCD_DisconnectCallback                        build/usbd_conf.o
HAL_PCD_EP_Close                                  build/stm32f1xx_hal_pcd.o
                                                  build/usbd_conf.o
HAL_PCD_EP_ClrStall                               build/stm32f1xx_hal_pcd.o
                                                  build/usbd_conf.o
HAL_PCD_EP_Flush                                  build/stm32f1xx_hal_pcd.o
                                                  build/usbd_conf.o
HAL_PCD_EP_GetRxCount                             build/stm32f1xx_hal_pcd.o
                                                  build/usbd_conf.o
HAL_PCD_EP_Open                                   build/stm32f1xx_hal_pcd.o
                                                  build/usbd_conf.o
HAL_PCD_EP_Receive                                build/stm32f1xx_hal_pcd.o
                                                  build/usbd_conf.o
HAL_PCD_EP_SetStall                               build/stm32f1xx_hal_pcd.o
                                                  build/usbd_conf.o
HAL_PCD_EP_Transmit                               build/stm32f1xx_hal_pcd.o
                                                  build/usbd_conf.o
HAL_PCD_GetState                                  build/stm32f1xx_hal_pcd.o
HAL_PCD_IRQHandler                                build/stm32f1xx_hal_pcd.o
                                                  build/stm32f1xx_it.o
HAL_PCD_ISOINIncompleteCallback                   build/usbd_conf.o
HAL_PCD_ISOOUTIncompleteCallback                  build/usbd_conf.o
HAL_PCD_Init                                      build/stm32f1xx_hal_pcd.o
                                                  build/usbd_conf.o
HAL_PCD_MspDeInit                                 build/usbd_conf.o
HAL_PCD_MspInit                                   build/usbd_conf.o
HAL_PCD_ResetCallback                             build/usbd_conf.o
HAL_PCD_ResumeCallback                            build/usbd_conf.o
HAL_PCD_SOFCallback                               build/usbd_conf.o
HAL_PCD_SetAddress                                build/stm32f1xx_hal_pcd.o
                                                  build/usbd_conf.o
HAL_PCD_SetupStageCallback                        build/usbd_conf.o
HAL_PCD_Start                                     build/stm32f1xx_hal_pcd.o
                                                  build/usbd_conf.o
HAL_PCD_Stop                                      build/stm32f1xx_hal_pcd.o
                                                  build/usbd_conf.o
HAL_PCD_SuspendCallback                           build/usbd_conf.o
HAL_PCD_WKUP_IRQHandler                           build/stm32f1xx_hal_pcd.o
HAL_PWR_ConfigPVD                                 build/stm32f1xx_hal_pwr.o
HAL_PWR_DeInit                                    build/stm32f1xx_hal_pwr.o
HAL_PWR_DisableBkUpAccess                         build/stm32f1xx_hal_pwr.o
HAL_PWR_DisablePVD                                build/stm32f1xx_hal_pwr.o
HAL_PWR_DisableSEVOnPend                          build/stm32f1xx_hal_pwr.o
HAL_PWR_DisableSleepOnExit                        build/stm32f1xx_hal_pwr.o
HAL_PWR_DisableWakeUpPin                          build/stm32f1xx_hal_pwr.o
HAL_PWR_EnableBkUpAccess                          build/stm32f1xx_hal_pwr.o
HAL_PWR_EnablePVD                                 build/stm32f1xx_hal_pwr.o
HAL_PWR_EnableSEVOnPend                           build/stm32f1xx_hal_pwr.o
HAL_PWR_EnableSleepOnExit                         build/stm32f1xx_hal_pwr.o
HAL_PWR_EnableWakeUpPin                           build/stm32f1xx_hal_pwr.o
HAL_PWR_EnterSLEEPMode                            build/stm32f1xx_hal_pwr.o
HAL_PWR_EnterSTANDBYMode                          build/stm32f1xx_hal_pwr.o
HAL_PWR_EnterSTOPMode                             build/stm32f1xx_hal_pwr.o
HAL_PWR_PVDCallback                               build/stm32f1xx_hal_pwr.o
HAL_PWR_PVD_IRQHandler                            build/stm32f1xx_hal_pwr.o
HAL_RCCEx_GetPeriphCLKConfig                      build/stm32f1xx_hal_rcc_ex.o
HAL_RCCEx_GetPeriphCLKFreq                        build/stm32f1xx_hal_rcc_ex.o
HAL_RCCEx_PeriphCLKConfig                         build/stm32f1xx_hal_rcc_ex.o
                                                  build/main.o
HAL_RCC_CSSCallback                               build/stm32f1xx_hal_rcc.o
HAL_RCC_ClockConfig                               build/stm32f1xx_hal_rcc.o
                                                  build/main.o
HAL_RCC_DeInit                                    build/stm32f1xx_hal_rcc.o
HAL_RCC_DisableCSS                                build/stm32f1xx_hal_rcc.o
HAL_RCC_EnableCSS                                 build/stm32f1xx_hal_rcc.o
HAL_RCC_GetClockConfig                            build/stm32f1xx_hal_rcc.o
HAL_RCC_GetHCLKFreq                               build/stm32f1xx_hal_rcc.o
HAL_RCC_GetOscConfig                              build/stm32f1xx_hal_rcc.o
HAL_RCC_GetPCLK1Freq                              build/stm32f1xx_hal_rcc.o
HAL_RCC_GetPCLK2Freq                              build/stm32f1xx_hal_rcc.o
                                                  build/stm32f1xx_hal_rcc_ex.o
HAL_RCC_GetSysClockFreq                           build/stm32f1xx_hal_rcc.o
HAL_RCC_MCOConfig                                 build/stm32f1xx_hal_rcc.o
HAL_RCC_NMI_IRQHandler                            build/stm32f1xx_hal_rcc.o
HAL_RCC_OscConfig                                 build/stm32f1xx_hal_rcc.o
                                                  build/main.o
HAL_ResumeTick                                    build/stm32f1xx_hal.o
HAL_SYSTICK_CLKSourceConfig                       build/stm32f1xx_hal_cortex.o
HAL_SYSTICK_Callback                              build/stm32f1xx_hal_cortex.o
HAL_SYSTICK_Config                                build/stm32f1xx_hal_cortex.o
                                                  build/stm32f1xx_hal.o
HAL_SYSTICK_IRQHandler                            build/stm32f1xx_hal_cortex.o
HAL_SetTickFreq                                   build/stm32f1xx_hal.o
HAL_SuspendTick                                   build/stm32f1xx_hal.o
HardFault_Handler                                 build/stm32f1xx_it.o
I2C1_ER_IRQHandler                                build/startup_stm32f103xb.o
I2C1_EV_IRQHandler                                build/startup_stm32f103xb.o
I2C2_ER_IRQHandler                                build/startup_stm32f103xb.o
I2C2_EV_IRQHandler                                build/startup_stm32f103xb.o
LED_On_Time                                       build/main.o
                                                  build/YAB_fat32.o
MSC_BOT_CplClrFeature                             build/usbd_msc_bot.o
                                                  build/usbd_msc.o
MSC_BOT_DataIn                                    build/usbd_msc_bot.o
                                                  build/usbd_msc.o
MSC_BOT_DataOut                                   build/usbd_msc_bot.o
                                                  build/usbd_msc.o
MSC_BOT_DeInit                                    build/usbd_msc_bot.o
                                                  build/usbd_msc.o
MSC_BOT_Init                                      build/usbd_msc_bot.o
                                                  build/usbd_msc.o
MSC_BOT_Reset                                     build/usbd_msc_bot.o
                                                  build/usbd_msc.o
MSC_BOT_SendCSW                                   build/usbd_msc_bot.o
                                                  build/usbd_msc_scsi.o
MSC_Mode_Sense10_data                             build/usbd_msc_data.o
                                                  build/usbd_msc_scsi.o
MSC_Mode_Sense6_data                              build/usbd_msc_data.o
                                                  build/usbd_msc_scsi.o
MSC_Page00_Inquiry_Data                           build/usbd_msc_data.o
                                                  build/usbd_msc_scsi.o
MX_USB_DEVICE_Init                                build/usb_device.o
                                                  build/main.o
MemManage_Handler                                 build/stm32f1xx_it.o