Archive member included to satisfy reference by file (symbol)

/home/maddocks/src/i2c-star-stm32f411ceu6-blackpill/libopencm3/lib/libopencm3_stm32f4.a(gpio_common_all.o)
                              console_cmd_gpio.o (gpio_set)
/home/maddocks/src/i2c-star-stm32f411ceu6-blackpill/libopencm3/lib/libopencm3_stm32f4.a(gpio_common_f0234.o)
                              console_cdcacm.o (gpio_mode_setup)
/home/maddocks/src/i2c-star-stm32f411ceu6-blackpill/libopencm3/lib/libopencm3_stm32f4.a(i2c_common_v1.o)
                              i2c_ctx.o (i2c_peripheral_enable)
/home/maddocks/src/i2c-star-stm32f411ceu6-blackpill/libopencm3/lib/libopencm3_stm32f4.a(rcc_common_all.o)
                              console_cdcacm.o (rcc_periph_clock_enable)
/home/maddocks/src/i2c-star-stm32f411ceu6-blackpill/libopencm3/lib/libopencm3_stm32f4.a(rcc.o)
                              i2c-explorer.o (rcc_clock_setup_pll)
/home/maddocks/src/i2c-star-stm32f411ceu6-blackpill/libopencm3/lib/libopencm3_stm32f4.a(usb.o)
                              console_cdcacm.o (usbd_init)
/home/maddocks/src/i2c-star-stm32f411ceu6-blackpill/libopencm3/lib/libopencm3_stm32f4.a(usb_standard.o)
                              console_cdcacm.o (usbd_register_set_config_callback)
/home/maddocks/src/i2c-star-stm32f411ceu6-blackpill/libopencm3/lib/libopencm3_stm32f4.a(usb_control.o)
                              console_cdcacm.o (usbd_register_control_callback)
/home/maddocks/src/i2c-star-stm32f411ceu6-blackpill/libopencm3/lib/libopencm3_stm32f4.a(usb_f107.o)
                              console_cdcacm.o (stm32f107_usb_driver)
/home/maddocks/src/i2c-star-stm32f411ceu6-blackpill/libopencm3/lib/libopencm3_stm32f4.a(vector.o)
                              (reset_handler)
/home/maddocks/src/i2c-star-stm32f411ceu6-blackpill/libopencm3/lib/libopencm3_stm32f4.a(systick.o)
                              time_libopencm3.o (systick_set_reload)
/home/maddocks/src/i2c-star-stm32f411ceu6-blackpill/libopencm3/lib/libopencm3_stm32f4.a(flash_common_all.o)
                              /home/maddocks/src/i2c-star-stm32f411ceu6-blackpill/libopencm3/lib/libopencm3_stm32f4.a(rcc.o) (flash_set_ws)
/home/maddocks/src/i2c-star-stm32f411ceu6-blackpill/libopencm3/lib/libopencm3_stm32f4.a(flash_common_idcache.o)
                              /home/maddocks/src/i2c-star-stm32f411ceu6-blackpill/libopencm3/lib/libopencm3_stm32f4.a(rcc.o) (flash_dcache_enable)
/home/maddocks/src/i2c-star-stm32f411ceu6-blackpill/libopencm3/lib/libopencm3_stm32f4.a(pwr.o)
                              /home/maddocks/src/i2c-star-stm32f411ceu6-blackpill/libopencm3/lib/libopencm3_stm32f4.a(rcc.o) (pwr_set_vos_scale)
/home/maddocks/src/i2c-star-stm32f411ceu6-blackpill/libopencm3/lib/libopencm3_stm32f4.a(usb_dwc_common.o)
                              /home/maddocks/src/i2c-star-stm32f411ceu6-blackpill/libopencm3/lib/libopencm3_stm32f4.a(usb_f107.o) (dwc_set_address)
/usr/lib/gcc/arm-none-eabi/9.2.1/../../../arm-none-eabi/lib/thumb/v7e-m+fp/hard/libc.a(lib_a-abort.o)
                              util.o (abort)
/usr/lib/gcc/arm-none-eabi/9.2.1/../../../arm-none-eabi/lib/thumb/v7e-m+fp/hard/libc.a(lib_a-ctype_.o)
                              console.o (_ctype_)
/usr/lib/gcc/arm-none-eabi/9.2.1/../../../arm-none-eabi/lib/thumb/v7e-m+fp/hard/libc.a(lib_a-errno.o)
                              console_cdcacm.o (__errno)
/usr/lib/gcc/arm-none-eabi/9.2.1/../../../arm-none-eabi/lib/thumb/v7e-m+fp/hard/libc.a(lib_a-fflush.o)
                              console.o (fflush)
/usr/lib/gcc/arm-none-eabi/9.2.1/../../../arm-none-eabi/lib/thumb/v7e-m+fp/hard/libc.a(lib_a-findfp.o)
                              /usr/lib/gcc/arm-none-eabi/9.2.1/../../../arm-none-eabi/lib/thumb/v7e-m+fp/hard/libc.a(lib_a-fflush.o) (__sinit)
/usr/lib/gcc/arm-none-eabi/9.2.1/../../../arm-none-eabi/lib/thumb/v7e-m+fp/hard/libc.a(lib_a-fprintf.o)
                              console.o (fprintf)
/usr/lib/gcc/arm-none-eabi/9.2.1/../../../arm-none-eabi/lib/thumb/v7e-m+fp/hard/libc.a(lib_a-fputc.o)
                              console.o (fputc)
/usr/lib/gcc/arm-none-eabi/9.2.1/../../../arm-none-eabi/lib/thumb/v7e-m+fp/hard/libc.a(lib_a-fputs.o)
                              console.o (fputs)
/usr/lib/gcc/arm-none-eabi/9.2.1/../../../arm-none-eabi/lib/thumb/v7e-m+fp/hard/libc.a(lib_a-freer.o)
                              /usr/lib/gcc/arm-none-eabi/9.2.1/../../../arm-none-eabi/lib/thumb/v7e-m+fp/hard/libc.a(lib_a-fflush.o) (_free_r)
/usr/lib/gcc/arm-none-eabi/9.2.1/../../../arm-none-eabi/lib/thumb/v7e-m+fp/hard/libc.a(lib_a-fvwrite.o)
                              /usr/lib/gcc/arm-none-eabi/9.2.1/../../../arm-none-eabi/lib/thumb/v7e-m+fp/hard/libc.a(lib_a-fputs.o) (__sfvwrite_r)
/usr/lib/gcc/arm-none-eabi/9.2.1/../../../arm-none-eabi/lib/thumb/v7e-m+fp/hard/libc.a(lib_a-fwalk.o)
                              /usr/lib/gcc/arm-none-eabi/9.2.1/../../../arm-none-eabi/lib/thumb/v7e-m+fp/hard/libc.a(lib_a-findfp.o) (_fwalk)
[...]
Memory Configuration

Name             Origin             Length             Attributes
rom              0x0000000008000000 0x0000000000040000 xr
ram              0x0000000020000000 0x0000000000010000 xrw
*default*        0x0000000000000000 0xffffffffffffffff

Linker script and memory map

LOAD console.o
LOAD console_cdcacm.o
LOAD console_cmd_gpio.o
LOAD i2c_ctx.o
LOAD bitops.o
LOAD fibre.o
LOAD fibre_default.o
LOAD list.o
LOAD messageq.o
LOAD regdump.o
LOAD ringbuf.o
LOAD time_libopencm3.o
LOAD util.o
LOAD i2c-explorer.o
LOAD /home/maddocks/src/i2c-star-stm32f411ceu6-blackpill/libopencm3/lib/libopencm3_stm32f4.a
START GROUP
LOAD /usr/lib/gcc/arm-none-eabi/9.2.1/../../../arm-none-eabi/lib/thumb/v7e-m+fp/hard/libc.a
LOAD /usr/lib/gcc/arm-none-eabi/9.2.1/thumb/v7e-m+fp/hard/libgcc.a
LOAD /usr/lib/gcc/arm-none-eabi/9.2.1/../../../arm-none-eabi/lib/thumb/v7e-m+fp/hard/libnosys.a
END GROUP
START GROUP
LOAD /usr/lib/gcc/arm-none-eabi/9.2.1/thumb/v7e-m+fp/hard/libgcc.a
LOAD /usr/lib/gcc/arm-none-eabi/9.2.1/../../../arm-none-eabi/lib/thumb/v7e-m+fp/hard/libc.a
END GROUP

.text           0x0000000008000000     0xa8c4
 *(.vectors)
 .vectors       0x0000000008000000      0x1ac /home/maddocks/src/i2c-star-stm32f411ceu6-blackpill/libopencm3/lib/libopencm3_stm32f4.a(vector.o)
                0x0000000008000000                vector_table
 *(.text*)
 .text.console_echo
                0x00000000080001ac       0x34 console.o
 .text.do_prompt
                0x00000000080001e0       0x28 console.o
 .text.console_unknown
                0x0000000008000208       0x1c console.o
 .text.console_help
                0x0000000008000224       0x84 console.o
 .text.console_init
                0x00000000080002a8       0x44 console.o
                0x00000000080002a8                console_init
 .text.console_register
                0x00000000080002ec       0x50 console.o
                0x00000000080002ec                console_register
 .text.console_putchar
                0x000000000800033c       0x14 console.o
                0x000000000800033c                console_putchar
 .text.console_run
                0x0000000008000350      0x184 console.o
                0x0000000008000350                console_run
 .text.console_fibre_endpoint
                0x00000000080004d4        0x8 console.o
 .text.cdcacm_control_request
                0x00000000080004dc       0x1c console_cdcacm.o
 .text.output_fibre
                0x00000000080004f8       0x6c console_cdcacm.o
 .text.cdcacm_set_config
                0x0000000008000564       0x4c console_cdcacm.o
 .text.cdcacm_data_rx_cb
                0x00000000080005b0       0x60 console_cdcacm.o
 .text.usb_fibre
                0x0000000008000610       0x98 console_cdcacm.o
 .text._write   0x00000000080006a8       0x54 console_cdcacm.o
                0x00000000080006a8                _write
 .text.console_hwinit
                0x00000000080006fc       0x20 console_cdcacm.o
                0x00000000080006fc                console_hwinit
 .text.do_opendrain_toggle
                0x000000000800071c       0x3e console_cmd_gpio.o
 *fill*         0x000000000800075a        0x2 
 .text.parse_args.isra.0
                0x000000000800075c       0xd0 console_cmd_gpio.o
 .text.console_gpio_do_cmd
                0x000000000800082c      0x148 console_cmd_gpio.o
                0x000000000800082c                console_gpio_do_cmd
 .text.console_gpio_register
                0x0000000008000974       0xa0 console_cmd_gpio.o
                0x0000000008000974                console_gpio_register
 .text.i2c_ctx_is_timed_out
                0x0000000008000a14       0x3c i2c_ctx.o
 .text.i2c_ctx_init
                0x0000000008000a50       0x1e i2c_ctx.o
                0x0000000008000a50                i2c_ctx_init
 *fill*         0x0000000008000a6e        0x2 
 .text.i2c_ctx_reset
                0x0000000008000a70       0x7c i2c_ctx.o
                0x0000000008000a70                i2c_ctx_reset
 .text.i2c_ctx_start
                0x0000000008000aec       0x46 i2c_ctx.o
                0x0000000008000aec                i2c_ctx_start
 .text.i2c_ctx_sendaddr
                0x0000000008000b32       0x78 i2c_ctx.o
                0x0000000008000b32                i2c_ctx_sendaddr
 .text.i2c_ctx_senddata
                0x0000000008000baa       0x40 i2c_ctx.o
                0x0000000008000baa                i2c_ctx_senddata
 .text.i2c_ctx_getdata
                0x0000000008000bea       0x60 i2c_ctx.o
                0x0000000008000bea                i2c_ctx_getdata
 .text.i2c_ctx_stop
                0x0000000008000c4a       0x46 i2c_ctx.o
                0x0000000008000c4a                i2c_ctx_stop
 .text.i2c_ctx_detect
                0x0000000008000c90       0xb6 i2c_ctx.o
                0x0000000008000c90                i2c_ctx_detect
 .text.i2c_ctx_setreg
                0x0000000008000d46       0x9e i2c_ctx.o
                0x0000000008000d46                i2c_ctx_setreg
 .text.i2c_ctx_getreg
                0x0000000008000de4       0xb6 i2c_ctx.o
                0x0000000008000de4                i2c_ctx_getreg
 .text.i2c_ctx_write
                0x0000000008000e9a       0x96 i2c_ctx.o
                0x0000000008000e9a                i2c_ctx_write
 .text.bitcnt   0x0000000008000f30       0x2a bitops.o
                0x0000000008000f30                bitcnt
 .text.ctz      0x0000000008000f5a        0xa bitops.o
                0x0000000008000f5a                ctz
 .text.duetime_cmp
                0x0000000008000f64        0xc fibre.o
 .text.messageq_empty
                0x0000000008000f70       0x1a fibre.o
 .text.fibre_init
                0x0000000008000f8a        0xc fibre.o
                0x0000000008000f8a                fibre_init
 *fill*         0x0000000008000f96        0x2 
 .text.fibre_run
                0x0000000008000f98       0x3c fibre.o
                0x0000000008000f98                fibre_run
 .text.handle_atomic_runq
                0x0000000008000fd4       0x24 fibre.o
 .text.fibre_scheduler_next
                0x0000000008000ff8       0xfc fibre.o
                0x0000000008000ff8                fibre_scheduler_next
 .text.fibre_run_atomic
                0x00000000080010f4       0x40 fibre.o
                0x00000000080010f4                fibre_run_atomic
 .text.fibre_timeout
                0x0000000008001134       0x48 fibre.o
                0x0000000008001134                fibre_timeout
 .text.fibre_scheduler_main_loop
                0x000000000800117c        0xc fibre_default.o
                0x000000000800117c                fibre_scheduler_main_loop
 .text.list_insert
                0x0000000008001188       0x10 list.o
                0x0000000008001188                list_insert
 .text.list_extract
                0x0000000008001198       0x10 list.o
                0x0000000008001198                list_extract
 .text.list_iterate
                0x00000000080011a8        0x8 list.o
                0x00000000080011a8                list_iterate
 .text.list_iterator_next
                0x00000000080011b0        0xe list.o
                0x00000000080011b0                list_iterator_next
 .text.list_iterator_insert
                0x00000000080011be       0x10 list.o
                0x00000000080011be                list_iterator_insert
 .text.list_insert_sorted
                0x00000000080011ce       0x46 list.o
                0x00000000080011ce                list_insert_sorted
 .text.list_iterator_remove
                0x0000000008001214       0x1a list.o
                0x0000000008001214                list_iterator_remove
 .text.list_contains
                0x000000000800122e       0x24 list.o
                0x000000000800122e                list_contains
 .text.list_remove
                0x0000000008001252       0x18 list.o
                0x0000000008001252                list_remove
 .text.messageq_claim
                0x000000000800126a       0x7c messageq.o
                0x000000000800126a                messageq_claim
 .text.messageq_send
                0x00000000080012e6       0x2a messageq.o
                0x00000000080012e6                messageq_send
 .text.messageq_receive
                0x0000000008001310       0x4a messageq.o
                0x0000000008001310                messageq_receive
 .text.messageq_release
                0x000000000800135a       0x1a messageq.o
                0x000000000800135a                messageq_release
 .text.fregdump_single
                0x0000000008001374       0x58 regdump.o
                0x0000000008001374                fregdump_single
 .text.fregdump
                0x00000000080013cc       0x20 regdump.o
                0x00000000080013cc                fregdump
 .text.regdump  0x00000000080013ec       0x14 regdump.o
                0x00000000080013ec                regdump
 .text.ringbuf_init
                0x0000000008001400        0xc ringbuf.o
                0x0000000008001400                ringbuf_init
 .text.ringbuf_get
                0x000000000800140c       0x3a ringbuf.o
                0x000000000800140c                ringbuf_get
 .text.ringbuf_put
                0x0000000008001446       0x3a ringbuf.o
                0x0000000008001446                ringbuf_put
 .text.time_init
                0x0000000008001480       0x1c time_libopencm3.o
                0x0000000008001480                time_init
 .text.sys_tick_handler
                0x000000000800149c       0x18 time_libopencm3.o
                0x000000000800149c                sys_tick_handler
 .text.time_now
                0x00000000080014b4        0xc time_libopencm3.o
                0x00000000080014b4                time_now
 .text.time64_now
                0x00000000080014c0        0xc time_libopencm3.o
                0x00000000080014c0                time64_now
 .text.cyclecmp32
                0x00000000080014cc        0x4 util.o
                0x00000000080014cc                cyclecmp32
 .text.do_uptime
                0x00000000080014d0       0x60 i2c-explorer.o
 .text.do_i2cbus
                0x0000000008001530       0x54 i2c-explorer.o
 .text.do_i2cwrite
                0x0000000008001584       0xb0 i2c-explorer.o
 .text.do_i2creset
                0x0000000008001634       0x2c i2c-explorer.o
 .text.do_i2cstop
                0x0000000008001660       0x40 i2c-explorer.o
 .text.do_i2cstart
                0x00000000080016a0       0x40 i2c-explorer.o
 .text.do_i2cget
                0x00000000080016e0       0x7c i2c-explorer.o
 .text.do_i2cset
                0x000000000800175c       0x74 i2c-explorer.o
 .text.do_i2cdetect
                0x00000000080017d0       0xbc i2c-explorer.o
 .text.do_i2cgetdata
                0x000000000800188c       0x58 i2c-explorer.o
 .text.do_i2csenddata
                0x00000000080018e4       0x54 i2c-explorer.o
 .text.do_i2csendaddr
                0x0000000008001938       0x68 i2c-explorer.o
 .text.startup.main
                0x00000000080019a0      0x148 i2c-explorer.o
                0x00000000080019a0                main
 .text.gpio_set
                0x0000000008001ae8        0x4 /home/maddocks/src/i2c-star-stm32f411ceu6-blackpill/libopencm3/lib/libopencm3_stm32f4.a(gpio_common_all.o)
                0x0000000008001ae8                gpio_set
 .text.gpio_clear
                0x0000000008001aec        0x6 /home/maddocks/src/i2c-star-stm32f411ceu6-blackpill/libopencm3/lib/libopencm3_stm32f4.a(gpio_common_all.o)
                0x0000000008001aec                gpio_clear
 .text.gpio_get
                0x0000000008001af2        0x6 /home/maddocks/src/i2c-star-stm32f411ceu6-blackpill/libopencm3/lib/libopencm3_stm32f4.a(gpio_common_all.o)
                0x0000000008001af2                gpio_get
 .text.gpio_toggle
                0x0000000008001af8       0x12 /home/maddocks/src/i2c-star-stm32f411ceu6-blackpill/libopencm3/lib/libopencm3_stm32f4.a(gpio_common_all.o)
                0x0000000008001af8                gpio_toggle
 .text.gpio_mode_setup
                0x0000000008001b0a       0x40 /home/maddocks/src/i2c-star-stm32f411ceu6-blackpill/libopencm3/lib/libopencm3_stm32f4.a(gpio_common_f0234.o)
                0x0000000008001b0a                gpio_mode_setup
 .text.gpio_set_output_options
                0x0000000008001b4a       0x36 /home/maddocks/src/i2c-star-stm32f411ceu6-blackpill/libopencm3/lib/libopencm3_stm32f4.a(gpio_common_f0234.o)
                0x0000000008001b4a                gpio_set_output_options
 .text.gpio_set_af
                0x0000000008001b80       0x54 /home/maddocks/src/i2c-star-stm32f411ceu6-blackpill/libopencm3/lib/libopencm3_stm32f4.a(gpio_common_f0234.o)
                0x0000000008001b80                gpio_set_af
 .text.i2c_peripheral_enable
                0x0000000008001bd4        0xa /home/maddocks/src/i2c-star-stm32f411ceu6-blackpill/libopencm3/lib/libopencm3_stm32f4.a(i2c_common_v1.o)
                0x0000000008001bd4                i2c_peripheral_enable
 .text.i2c_peripheral_disable
                0x0000000008001bde        0xa /home/maddocks/src/i2c-star-stm32f411ceu6-blackpill/libopencm3/lib/libopencm3_stm32f4.a(i2c_common_v1.o)
                0x0000000008001bde                i2c_peripheral_disable
 .text.i2c_send_start
                0x0000000008001be8        0xa /home/maddocks/src/i2c-star-stm32f411ceu6-blackpill/libopencm3/lib/libopencm3_stm32f4.a(i2c_common_v1.o)
                0x0000000008001be8                i2c_send_start
 .text.i2c_send_stop
                0x0000000008001bf2        0xa /home/maddocks/src/i2c-star-stm32f411ceu6-blackpill/libopencm3/lib/libopencm3_stm32f4.a(i2c_common_v1.o)
                0x0000000008001bf2                i2c_send_stop
 .text.i2c_set_own_7bit_slave_address
                0x0000000008001bfc        0xa /home/maddocks/src/i2c-star-stm32f411ceu6-blackpill/libopencm3/lib/libopencm3_stm32f4.a(i2c_common_v1.o)
                0x0000000008001bfc                i2c_set_own_7bit_slave_address
 .text.i2c_set_clock_frequency
                0x0000000008001c06        0xe /home/maddocks/src/i2c-star-stm32f411ceu6-blackpill/libopencm3/lib/libopencm3_stm32f4.a(i2c_common_v1.o)
                0x0000000008001c06                i2c_set_clock_frequency
 .text.i2c_send_data
                0x0000000008001c14        0x4 /home/maddocks/src/i2c-star-stm32f411ceu6-blackpill/libopencm3/lib/libopencm3_stm32f4.a(i2c_common_v1.o)
                0x0000000008001c14                i2c_send_data
 .text.i2c_set_ccr
                0x0000000008001c18        0xc /home/maddocks/src/i2c-star-stm32f411ceu6-blackpill/libopencm3/lib/libopencm3_stm32f4.a(i2c_common_v1.o)
                0x0000000008001c18                i2c_set_ccr
 .text.i2c_set_trise
                0x0000000008001c24        0x4 /home/maddocks/src/i2c-star-stm32f411ceu6-blackpill/libopencm3/lib/libopencm3_stm32f4.a(i2c_common_v1.o)
                0x0000000008001c24                i2c_set_trise
 .text.i2c_send_7bit_address
                0x0000000008001c28        0xa /home/maddocks/src/i2c-star-stm32f411ceu6-blackpill/libopencm3/lib/libopencm3_stm32f4.a(i2c_common_v1.o)
                0x0000000008001c28                i2c_send_7bit_address
 .text.i2c_get_data
                0x0000000008001c32        0x6 /home/maddocks/src/i2c-star-stm32f411ceu6-blackpill/libopencm3/lib/libopencm3_stm32f4.a(i2c_common_v1.o)
                0x0000000008001c32                i2c_get_data
 .text.rcc_periph_clock_enable
                0x0000000008001c38       0x1c /home/maddocks/src/i2c-star-stm32f411ceu6-blackpill/libopencm3/lib/libopencm3_stm32f4.a(rcc_common_all.o)
                0x0000000008001c38                rcc_periph_clock_enable
 .text.rcc_periph_reset_pulse
                0x0000000008001c54       0x24 /home/maddocks/src/i2c-star-stm32f411ceu6-blackpill/libopencm3/lib/libopencm3_stm32f4.a(rcc_common_all.o)
                0x0000000008001c54                rcc_periph_reset_pulse
 .text.rcc_is_osc_ready
                0x0000000008001c78       0x5c /home/maddocks/src/i2c-star-stm32f411ceu6-blackpill/libopencm3/lib/libopencm3_stm32f4.a(rcc.o)
                0x0000000008001c78                rcc_is_osc_ready
 .text.rcc_wait_for_osc_ready
                0x0000000008001cd4       0x10 /home/maddocks/src/i2c-star-stm32f411ceu6-blackpill/libopencm3/lib/libopencm3_stm32f4.a(rcc.o)
                0x0000000008001cd4                rcc_wait_for_osc_ready
 .text.rcc_osc_on
                0x0000000008001ce4       0x58 /home/maddocks/src/i2c-star-stm32f411ceu6-blackpill/libopencm3/lib/libopencm3_stm32f4.a(rcc.o)
                0x0000000008001ce4                rcc_osc_on
 .text.rcc_osc_off
                0x0000000008001d3c       0x58 /home/maddocks/src/i2c-star-stm32f411ceu6-blackpill/libopencm3/lib/libopencm3_stm32f4.a(rcc.o)
                0x0000000008001d3c                rcc_osc_off
 .text.rcc_set_sysclk_source
                0x0000000008001d94       0x14 /home/maddocks/src/i2c-star-stm32f411ceu6-blackpill/libopencm3/lib/libopencm3_stm32f4.a(rcc.o)
                0x0000000008001d94                rcc_set_sysclk_source
 .text.rcc_set_ppre2
                0x0000000008001da8       0x14 /home/maddocks/src/i2c-star-stm32f411ceu6-blackpill/libopencm3/lib/libopencm3_stm32f4.a(rcc.o)
                0x0000000008001da8                rcc_set_ppre2
 .text.rcc_set_ppre1
                0x0000000008001dbc       0x14 /home/maddocks/src/i2c-star-stm32f411ceu6-blackpill/libopencm3/lib/libopencm3_stm32f4.a(rcc.o)
                0x0000000008001dbc                rcc_set_ppre1
 .text.rcc_set_hpre
                0x0000000008001dd0       0x14 /home/maddocks/src/i2c-star-stm32f411ceu6-blackpill/libopencm3/lib/libopencm3_stm32f4.a(rcc.o)
                0x0000000008001dd0                rcc_set_hpre
 .text.rcc_set_main_pll_hsi
                0x0000000008001de4       0x44 /home/maddocks/src/i2c-star-stm32f411ceu6-blackpill/libopencm3/lib/libopencm3_stm32f4.a(rcc.o)
                0x0000000008001de4                rcc_set_main_pll_hsi
 .text.rcc_set_main_pll_hse
                0x0000000008001e28       0x44 /home/maddocks/src/i2c-star-stm32f411ceu6-blackpill/libopencm3/lib/libopencm3_stm32f4.a(rcc.o)
                0x0000000008001e28                rcc_set_main_pll_hse
 .text.rcc_clock_setup_pll
                0x0000000008001e6c       0xf4 /home/maddocks/src/i2c-star-stm32f411ceu6-blackpill/libopencm3/lib/libopencm3_stm32f4.a(rcc.o)
                0x0000000008001e6c                rcc_clock_setup_pll
 .text.usbd_init
                0x0000000008001f60       0x50 /home/maddocks/src/i2c-star-stm32f411ceu6-blackpill/libopencm3/lib/libopencm3_stm32f4.a(usb.o)
                0x0000000008001f60                usbd_init
 .text.usbd_poll
                0x0000000008001fb0        0x8 /home/maddocks/src/i2c-star-stm32f411ceu6-blackpill/libopencm3/lib/libopencm3_stm32f4.a(usb.o)
                0x0000000008001fb0                usbd_poll
 .text.usbd_ep_setup
                0x0000000008001fb8       0x10 /home/maddocks/src/i2c-star-stm32f411ceu6-blackpill/libopencm3/lib/libopencm3_stm32f4.a(usb.o)
                0x0000000008001fb8                usbd_ep_setup
 .text._usbd_reset
                0x0000000008001fc8       0x30 /home/maddocks/src/i2c-star-stm32f411ceu6-blackpill/libopencm3/lib/libopencm3_stm32f4.a(usb.o)
                0x0000000008001fc8                _usbd_reset
 .text.usbd_ep_write_packet
                0x0000000008001ff8       0x10 /home/maddocks/src/i2c-star-stm32f411ceu6-blackpill/libopencm3/lib/libopencm3_stm32f4.a(usb.o)
                0x0000000008001ff8                usbd_ep_write_packet
 .text.usbd_ep_read_packet
                0x0000000008002008       0x10 /home/maddocks/src/i2c-star-stm32f411ceu6-blackpill/libopencm3/lib/libopencm3_stm32f4.a(usb.o)
                0x0000000008002008                usbd_ep_read_packet
 .text.usbd_ep_stall_set
                0x0000000008002018        0x8 /home/maddocks/src/i2c-star-stm32f411ceu6-blackpill/libopencm3/lib/libopencm3_stm32f4.a(usb.o)
                0x0000000008002018                usbd_ep_stall_set
 .text.usbd_ep_stall_get
                0x0000000008002020        0x8 /home/maddocks/src/i2c-star-stm32f411ceu6-blackpill/libopencm3/lib/libopencm3_stm32f4.a(usb.o)
                0x0000000008002020                usbd_ep_stall_get
 .text.usbd_ep_nak_set
                0x0000000008002028        0x8 /home/maddocks/src/i2c-star-stm32f411ceu6-blackpill/libopencm3/lib/libopencm3_stm32f4.a(usb.o)
                0x0000000008002028                usbd_ep_nak_set
 .text.usb_standard_set_address
                0x0000000008002030       0x2a /home/maddocks/src/i2c-star-stm32f411ceu6-blackpill/libopencm3/lib/libopencm3_stm32f4.a(usb_standard.o)
 .text.usb_standard_set_configuration
                0x000000000800205a       0x96 /home/maddocks/src/i2c-star-stm32f411ceu6-blackpill/libopencm3/lib/libopencm3_stm32f4.a(usb_standard.o)
 .text.usb_standard_get_configuration
                0x00000000080020f0       0x22 /home/maddocks/src/i2c-star-stm32f411ceu6-blackpill/libopencm3/lib/libopencm3_stm32f4.a(usb_standard.o)
 .text.usb_standard_get_interface
                0x0000000008002112       0x38 /home/maddocks/src/i2c-star-stm32f411ceu6-blackpill/libopencm3/lib/libopencm3_stm32f4.a(usb_standard.o)
 .text.usb_standard_device_get_status
                0x000000000800214a       0x18 /home/maddocks/src/i2c-star-stm32f411ceu6-blackpill/libopencm3/lib/libopencm3_stm32f4.a(usb_standard.o)
 .text.usb_standard_endpoint_get_status
                0x0000000008002162       0x2a /home/maddocks/src/i2c-star-stm32f411ceu6-blackpill/libopencm3/lib/libopencm3_stm32f4.a(usb_standard.o)
 .text.usb_standard_endpoint_stall
                0x000000000800218c       0x10 /home/maddocks/src/i2c-star-stm32f411ceu6-blackpill/libopencm3/lib/libopencm3_stm32f4.a(usb_standard.o)
 .text.usb_standard_endpoint_unstall
                0x000000000800219c       0x10 /home/maddocks/src/i2c-star-stm32f411ceu6-blackpill/libopencm3/lib/libopencm3_stm32f4.a(usb_standard.o)
 .text.usb_standard_set_interface
                0x00000000080021ac       0x54 /home/maddocks/src/i2c-star-stm32f411ceu6-blackpill/libopencm3/lib/libopencm3_stm32f4.a(usb_standard.o)
 .text.usb_standard_get_descriptor
                0x0000000008002200      0x264 /home/maddocks/src/i2c-star-stm32f411ceu6-blackpill/libopencm3/lib/libopencm3_stm32f4.a(usb_standard.o)
 .text.usb_standard_interface_get_status
                0x0000000008002464       0x18 /home/maddocks/src/i2c-star-stm32f411ceu6-blackpill/libopencm3/lib/libopencm3_stm32f4.a(usb_standard.o)
 .text.usbd_register_set_config_callback
                0x000000000800247c       0x28 /home/maddocks/src/i2c-star-stm32f411ceu6-blackpill/libopencm3/lib/libopencm3_stm32f4.a(usb_standard.o)
                0x000000000800247c                usbd_register_set_config_callback
 .text._usbd_standard_request_device
                0x00000000080024a4       0x4c /home/maddocks/src/i2c-star-stm32f411ceu6-blackpill/libopencm3/lib/libopencm3_stm32f4.a(usb_standard.o)
                0x00000000080024a4                _usbd_standard_request_device
 .text._usbd_standard_request_interface
                0x00000000080024f0       0x34 /home/maddocks/src/i2c-star-stm32f411ceu6-blackpill/libopencm3/lib/libopencm3_stm32f4.a(usb_standard.o)
                0x00000000080024f0                _usbd_standard_request_interface
 .text._usbd_standard_request_endpoint
                0x0000000008002524       0x40 /home/maddocks/src/i2c-star-stm32f411ceu6-blackpill/libopencm3/lib/libopencm3_stm32f4.a(usb_standard.o)
                0x0000000008002524                _usbd_standard_request_endpoint
 .text._usbd_standard_request
                0x0000000008002564       0x38 /home/maddocks/src/i2c-star-stm32f411ceu6-blackpill/libopencm3/lib/libopencm3_stm32f4.a(usb_standard.o)
                0x0000000008002564                _usbd_standard_request
 .text.usb_control_send_chunk
                0x000000000800259c       0x52 /home/maddocks/src/i2c-star-stm32f411ceu6-blackpill/libopencm3/lib/libopencm3_stm32f4.a(usb_control.o)
 .text.usb_control_request_dispatch
                0x00000000080025ee       0x60 /home/maddocks/src/i2c-star-stm32f411ceu6-blackpill/libopencm3/lib/libopencm3_stm32f4.a(usb_control.o)
 .text.stall_transaction
                0x000000000800264e       0x14 /home/maddocks/src/i2c-star-stm32f411ceu6-blackpill/libopencm3/lib/libopencm3_stm32f4.a(usb_control.o)
 .text.usb_control_recv_chunk
                0x0000000008002662       0x3c /home/maddocks/src/i2c-star-stm32f411ceu6-blackpill/libopencm3/lib/libopencm3_stm32f4.a(usb_control.o)
 .text.usb_control_setup_read
                0x000000000800269e       0x66 /home/maddocks/src/i2c-star-stm32f411ceu6-blackpill/libopencm3/lib/libopencm3_stm32f4.a(usb_control.o)
 .text.usbd_register_control_callback
                0x0000000008002704       0x2c /home/maddocks/src/i2c-star-stm32f411ceu6-blackpill/libopencm3/lib/libopencm3_stm32f4.a(usb_control.o)
                0x0000000008002704                usbd_register_control_callback
 .text._usbd_control_setup
                0x0000000008002730       0x60 /home/maddocks/src/i2c-star-stm32f411ceu6-blackpill/libopencm3/lib/libopencm3_stm32f4.a(usb_control.o)
                0x0000000008002730                _usbd_control_setup
 .text._usbd_control_out
                0x0000000008002790       0x82 /home/maddocks/src/i2c-star-stm32f411ceu6-blackpill/libopencm3/lib/libopencm3_stm32f4.a(usb_control.o)
                0x0000000008002790                _usbd_control_out
 .text._usbd_control_in
                0x0000000008002812       0x64 /home/maddocks/src/i2c-star-stm32f411ceu6-blackpill/libopencm3/lib/libopencm3_stm32f4.a(usb_control.o)
                0x0000000008002812                _usbd_control_in
 *fill*         0x0000000008002876        0x2 
 .text.stm32f107_usbd_init
                0x0000000008002878       0xd0 /home/maddocks/src/i2c-star-stm32f411ceu6-blackpill/libopencm3/lib/libopencm3_stm32f4.a(usb_f107.o)
 .text.blocking_handler
                0x0000000008002948        0x2 /home/maddocks/src/i2c-star-stm32f411ceu6-blackpill/libopencm3/lib/libopencm3_stm32f4.a(vector.o)
                0x0000000008002948                dma2_stream1_isr
                0x0000000008002948                tim8_brk_tim12_isr
                0x0000000008002948                dma1_stream7_isr
                0x0000000008002948                usart3_isr
                0x0000000008002948                tim7_isr
                0x0000000008002948                dma2d_isr
                0x0000000008002948                uart8_isr
                0x0000000008002948                dma1_stream2_isr
                0x0000000008002948                otg_hs_isr
                0x0000000008002948                blocking_handler
                0x0000000008002948                tim5_isr
                0x0000000008002948                rtc_wkup_isr
                0x0000000008002948                otg_fs_isr
                0x0000000008002948                spi1_isr
                0x0000000008002948                i2c3_er_isr
                0x0000000008002948                exti2_isr
                0x0000000008002948                spi5_isr
                0x0000000008002948                usb_fs_wkup_isr
                0x0000000008002948                tamp_stamp_isr
                0x0000000008002948                can1_rx1_isr
                0x0000000008002948                dma2_stream0_isr
                0x0000000008002948                usart1_isr
                0x0000000008002948                i2c3_ev_isr
                0x0000000008002948                usage_fault_handler
                0x0000000008002948                can2_rx0_isr
                0x0000000008002948                dma1_stream6_isr
                0x0000000008002948                can2_rx1_isr
                0x0000000008002948                can1_sce_isr
                0x0000000008002948                tim1_cc_isr
                0x0000000008002948                can1_tx_isr
                0x0000000008002948                tim1_up_tim10_isr
                0x0000000008002948                sdio_isr
                0x0000000008002948                eth_isr
                0x0000000008002948                spi6_isr
                0x0000000008002948                dma2_stream5_isr
                0x0000000008002948                pvd_isr
                0x0000000008002948                can1_rx0_isr
                0x0000000008002948                rcc_isr
                0x0000000008002948                dma2_stream3_isr
                0x0000000008002948                flash_isr
                0x0000000008002948                uart4_isr
                0x0000000008002948                lcd_tft_isr
                0x0000000008002948                rtc_alarm_isr
                0x0000000008002948                exti15_10_isr
                0x0000000008002948                hash_rng_isr
                0x0000000008002948                tim1_trg_com_tim11_isr
                0x0000000008002948                hard_fault_handler
                0x0000000008002948                exti1_isr
                0x0000000008002948                i2c1_ev_isr
                0x0000000008002948                usart6_isr
                0x0000000008002948                spi2_isr
                0x0000000008002948                cryp_isr
                0x0000000008002948                nvic_wwdg_isr
                0x0000000008002948                dma1_stream1_isr
                0x0000000008002948                dma2_stream4_isr
                0x0000000008002948                exti3_isr
                0x0000000008002948                tim3_isr
                0x0000000008002948                usart2_isr
                0x0000000008002948                sai1_isr
                0x0000000008002948                fpu_isr
                0x0000000008002948                dma1_stream4_isr
                0x0000000008002948                i2c2_er_isr
                0x0000000008002948                i2c2_ev_isr
                0x0000000008002948                uart5_isr
                0x0000000008002948                dma2_stream6_isr
                0x0000000008002948                spi4_isr
                0x0000000008002948                adc_isr
                0x0000000008002948                dma2_stream7_isr
                0x0000000008002948                tim8_up_tim13_isr
                0x0000000008002948                fsmc_isr
                0x0000000008002948                exti4_isr
                0x0000000008002948                tim6_dac_isr
                0x0000000008002948                dma1_stream3_isr
                0x0000000008002948                tim8_trg_com_tim14_isr
                0x0000000008002948                mem_manage_handler
                0x0000000008002948                lcd_tft_err_isr
                0x0000000008002948                can2_tx_isr
                0x0000000008002948                exti9_5_isr
                0x0000000008002948                tim1_brk_tim9_isr
                0x0000000008002948                uart7_isr
                0x0000000008002948                can2_sce_isr
                0x0000000008002948                tim4_isr
                0x0000000008002948                otg_hs_wkup_isr
                0x0000000008002948                i2c1_er_isr
                0x0000000008002948                dma1_stream0_isr
                0x0000000008002948                tim8_cc_isr
                0x0000000008002948                dcmi_isr
                0x0000000008002948                dma2_stream2_isr
                0x0000000008002948                eth_wkup_isr
                0x0000000008002948                bus_fault_handler
                0x0000000008002948                otg_hs_ep1_out_isr
                0x0000000008002948                spi3_isr
                0x0000000008002948                dma1_stream5_isr
                0x0000000008002948                otg_hs_ep1_in_isr
                0x0000000008002948                tim2_isr
                0x0000000008002948                exti0_isr
 .text.null_handler
                0x000000000800294a        0x2 /home/maddocks/src/i2c-star-stm32f411ceu6-blackpill/libopencm3/lib/libopencm3_stm32f4.a(vector.o)
                0x000000000800294a                null_handler
                0x000000000800294a                sv_call_handler
                0x000000000800294a                pend_sv_handler
                0x000000000800294a                debug_monitor_handler
                0x000000000800294a                nmi_handler
 .text.reset_handler
                0x000000000800294c       0x98 /home/maddocks/src/i2c-star-stm32f411ceu6-blackpill/libopencm3/lib/libopencm3_stm32f4.a(vector.o)
                0x000000000800294c                reset_handler
 .text.systick_set_reload
                0x00000000080029e4       0x10 /home/maddocks/src/i2c-star-stm32f411ceu6-blackpill/libopencm3/lib/libopencm3_stm32f4.a(systick.o)
                0x00000000080029e4                systick_set_reload
 .text.systick_set_clocksource
                0x00000000080029f4       0x18 /home/maddocks/src/i2c-star-stm32f411ceu6-blackpill/libopencm3/lib/libopencm3_stm32f4.a(systick.o)
                0x00000000080029f4                systick_set_clocksource
 .text.systick_interrupt_enable
                0x0000000008002a0c       0x10 /home/maddocks/src/i2c-star-stm32f411ceu6-blackpill/libopencm3/lib/libopencm3_stm32f4.a(systick.o)
                0x0000000008002a0c                systick_interrupt_enable
 .text.systick_counter_enable
                0x0000000008002a1c       0x10 /home/maddocks/src/i2c-star-stm32f411ceu6-blackpill/libopencm3/lib/libopencm3_stm32f4.a(systick.o)
                0x0000000008002a1c                systick_counter_enable
 .text.flash_set_ws
                0x0000000008002a2c       0x14 /home/maddocks/src/i2c-star-stm32f411ceu6-blackpill/libopencm3/lib/libopencm3_stm32f4.a(flash_common_all.o)
                0x0000000008002a2c                flash_set_ws
 .text.flash_dcache_enable
                0x0000000008002a40       0x10 /home/maddocks/src/i2c-star-stm32f411ceu6-blackpill/libopencm3/lib/libopencm3_stm32f4.a(flash_common_idcache.o)
                0x0000000008002a40                flash_dcache_enable
 .text.flash_dcache_disable
                0x0000000008002a50       0x10 /home/maddocks/src/i2c-star-stm32f411ceu6-blackpill/libopencm3/lib/libopencm3_stm32f4.a(flash_common_idcache.o)
                0x0000000008002a50                flash_dcache_disable
 .text.flash_icache_enable
                0x0000000008002a60       0x10 /home/maddocks/src/i2c-star-stm32f411ceu6-blackpill/libopencm3/lib/libopencm3_stm32f4.a(flash_common_idcache.o)
                0x0000000008002a60                flash_icache_enable
 .text.flash_icache_disable
                0x0000000008002a70       0x10 /home/maddocks/src/i2c-star-stm32f411ceu6-blackpill/libopencm3/lib/libopencm3_stm32f4.a(flash_common_idcache.o)
                0x0000000008002a70                flash_icache_disable
 .text.pwr_set_vos_scale
                0x0000000008002a80       0x18 /home/maddocks/src/i2c-star-stm32f411ceu6-blackpill/libopencm3/lib/libopencm3_stm32f4.a(pwr.o)
                0x0000000008002a80                pwr_set_vos_scale
 .text.dwc_set_address
                0x0000000008002a98       0x18 /home/maddocks/src/i2c-star-stm32f411ceu6-blackpill/libopencm3/lib/libopencm3_stm32f4.a(usb_dwc_common.o)
                0x0000000008002a98                dwc_set_address
 .text.dwc_ep_setup
                0x0000000008002ab0      0x12a /home/maddocks/src/i2c-star-stm32f411ceu6-blackpill/libopencm3/lib/libopencm3_stm32f4.a(usb_dwc_common.o)
                0x0000000008002ab0                dwc_ep_setup
 .text.dwc_endpoints_reset
                0x0000000008002bda       0x4c /home/maddocks/src/i2c-star-stm32f411ceu6-blackpill/libopencm3/lib/libopencm3_stm32f4.a(usb_dwc_common.o)
                0x0000000008002bda                dwc_endpoints_reset
 .text.dwc_ep_stall_set
                0x0000000008002c26       0x7a /home/maddocks/src/i2c-star-stm32f411ceu6-blackpill/libopencm3/lib/libopencm3_stm32f4.a(usb_dwc_common.o)
                0x0000000008002c26                dwc_ep_stall_set
 .text.dwc_ep_stall_get
                0x0000000008002ca0       0x1c /home/maddocks/src/i2c-star-stm32f411ceu6-blackpill/libopencm3/lib/libopencm3_stm32f4.a(usb_dwc_common.o)
                0x0000000008002ca0                dwc_ep_stall_get
 .text.dwc_ep_nak_set
                0x0000000008002cbc       0x28 /home/maddocks/src/i2c-star-stm32f411ceu6-blackpill/libopencm3/lib/libopencm3_stm32f4.a(usb_dwc_common.o)
                0x0000000008002cbc                dwc_ep_nak_set
 .text.dwc_ep_write_packet
                0x0000000008002ce4       0x4a /home/maddocks/src/i2c-star-stm32f411ceu6-blackpill/libopencm3/lib/libopencm3_stm32f4.a(usb_dwc_common.o)
                0x0000000008002ce4                dwc_ep_write_packet
 .text.dwc_ep_read_packet
                0x0000000008002d2e       0x74 /home/maddocks/src/i2c-star-stm32f411ceu6-blackpill/libopencm3/lib/libopencm3_stm32f4.a(usb_dwc_common.o)
                0x0000000008002d2e                dwc_ep_read_packet
 .text.dwc_poll
                0x0000000008002da2      0x1ec /home/maddocks/src/i2c-star-stm32f411ceu6-blackpill/libopencm3/lib/libopencm3_stm32f4.a(usb_dwc_common.o)
                0x0000000008002da2                dwc_poll
 .text.dwc_disconnect
                0x0000000008002f8e       0x1c /home/maddocks/src/i2c-star-stm32f411ceu6-blackpill/libopencm3/lib/libopencm3_stm32f4.a(usb_dwc_common.o)
                0x0000000008002f8e                dwc_disconnect
 *fill*         0x0000000008002faa        0x2 
 .text          0x0000000008002fac       0x10 /usr/lib/gcc/arm-none-eabi/9.2.1/../../../arm-none-eabi/lib/thumb/v7e-m+fp/hard/libc.a(lib_a-abort.o)
                0x0000000008002fac                abort
 .text          0x0000000008002fbc        0xc /usr/lib/gcc/arm-none-eabi/9.2.1/../../../arm-none-eabi/lib/thumb/v7e-m+fp/hard/libc.a(lib_a-errno.o)
                0x0000000008002fbc                __errno
 .text          0x0000000008002fc8      0x1a4 /usr/lib/gcc/arm-none-eabi/9.2.1/../../../arm-none-eabi/lib/thumb/v7e-m+fp/hard/libc.a(lib_a-fflush.o)
                0x0000000008002fc8                __sflush_r
                0x0000000008003114                _fflush_r
                0x0000000008003148                fflush
 .text          0x000000000800316c      0x1f4 /usr/lib/gcc/arm-none-eabi/9.2.1/../../../arm-none-eabi/lib/thumb/v7e-m+fp/hard/libc.a(lib_a-findfp.o)
                0x0000000008003170                _cleanup_r
                0x0000000008003254                __sfmoreglue
                0x0000000008003284                __sfp
                0x000000000800330c                _cleanup
                0x0000000008003320                __sinit
                0x0000000008003328                __sfp_lock_acquire
                0x000000000800332c                __sfp_lock_release
                0x0000000008003330                __sinit_lock_acquire
                0x0000000008003334                __sinit_lock_release
                0x0000000008003338                __fp_lock_all
                0x000000000800334c                __fp_unlock_all
 .text          0x0000000008003360       0x44 /usr/lib/gcc/arm-none-eabi/9.2.1/../../../arm-none-eabi/lib/thumb/v7e-m+fp/hard/libc.a(lib_a-fprintf.o)
                0x0000000008003360                _fprintf_r
                0x000000000800337c                fprintf
 .text          0x00000000080033a4       0x68 /usr/lib/gcc/arm-none-eabi/9.2.1/../../../arm-none-eabi/lib/thumb/v7e-m+fp/hard/libc.a(lib_a-fputc.o)
                0x00000000080033a4                _fputc_r
                0x00000000080033d4                fputc
 .text          0x000000000800340c       0x60 /usr/lib/gcc/arm-none-eabi/9.2.1/../../../arm-none-eabi/lib/thumb/v7e-m+fp/hard/libc.a(lib_a-fputs.o)
                0x000000000800340c                _fputs_r
                0x000000000800345c                fputs
 .text          0x000000000800346c      0x294 /usr/lib/gcc/arm-none-eabi/9.2.1/../../../arm-none-eabi/lib/thumb/v7e-m+fp/hard/libc.a(lib_a-freer.o)
                0x000000000800346c                _malloc_trim_r
                0x000000000800350c                _free_r
 .text          0x0000000008003700      0x308 /usr/lib/gcc/arm-none-eabi/9.2.1/../../../arm-none-eabi/lib/thumb/v7e-m+fp/hard/libc.a(lib_a-fvwrite.o)
                0x0000000008003700                __sfvwrite_r
 .text          0x0000000008003a08       0xa0 /usr/lib/gcc/arm-none-eabi/9.2.1/../../../arm-none-eabi/lib/thumb/v7e-m+fp/hard/libc.a(lib_a-fwalk.o)
                0x0000000008003a08                _fwalk
                0x0000000008003a54                _fwalk_reent
 .text          0x0000000008003aa8      0x564 /usr/lib/gcc/arm-none-eabi/9.2.1/../../../arm-none-eabi/lib/thumb/v7e-m+fp/hard/libc.a(lib_a-mallocr.o)
                0x0000000008003aa8                _malloc_r
 *fill*         0x000000000800400c        0x4 
 .text          0x0000000008004010       0xa0 /usr/lib/gcc/arm-none-eabi/9.2.1/../../../arm-none-eabi/lib/thumb/v7e-m+fp/hard/libc.a(lib_a-memchr.o)
                0x0000000008004010                memchr
 .text          0x00000000080040b0      0x134 /usr/lib/gcc/arm-none-eabi/9.2.1/../../../arm-none-eabi/lib/thumb/v7e-m+fp/hard/libc.a(lib_a-memcpy.o)
                0x00000000080040b0                memcpy
 .text          0x00000000080041e4       0xd0 /usr/lib/gcc/arm-none-eabi/9.2.1/../../../arm-none-eabi/lib/thumb/v7e-m+fp/hard/libc.a(lib_a-memmove.o)
                0x00000000080041e4                memmove
 .text          0x00000000080042b4       0xa0 /usr/lib/gcc/arm-none-eabi/9.2.1/../../../arm-none-eabi/lib/thumb/v7e-m+fp/hard/libc.a(lib_a-memset.o)
                0x00000000080042b4                memset
 .text          0x0000000008004354        0x8 /usr/lib/gcc/arm-none-eabi/9.2.1/../../../arm-none-eabi/lib/thumb/v7e-m+fp/hard/libc.a(lib_a-mlock.o)
                0x0000000008004354                __malloc_lock
                0x0000000008004358                __malloc_unlock
 .text          0x000000000800435c       0x48 /usr/lib/gcc/arm-none-eabi/9.2.1/../../../arm-none-eabi/lib/thumb/v7e-m+fp/hard/libc.a(lib_a-printf.o)
                0x000000000800435c                _printf_r
                0x000000000800437c                printf
 .text          0x00000000080043a4       0xb4 /usr/lib/gcc/arm-none-eabi/9.2.1/../../../arm-none-eabi/lib/thumb/v7e-m+fp/hard/libc.a(lib_a-putc.o)
                0x00000000080043a4                _putc_r
                0x00000000080043f8                putc
 .text          0x0000000008004458       0x1c /usr/lib/gcc/arm-none-eabi/9.2.1/../../../arm-none-eabi/lib/thumb/v7e-m+fp/hard/libc.a(lib_a-putchar.o)
                0x0000000008004458                _putchar_r
                0x0000000008004460                putchar
 .text          0x0000000008004474       0x78 /usr/lib/gcc/arm-none-eabi/9.2.1/../../../arm-none-eabi/lib/thumb/v7e-m+fp/hard/libc.a(lib_a-puts.o)
                0x0000000008004474                _puts_r
                0x00000000080044dc                puts
 .text          0x00000000080044ec      0x36c /usr/lib/gcc/arm-none-eabi/9.2.1/../../../arm-none-eabi/lib/thumb/v7e-m+fp/hard/libc.a(lib_a-reallocr.o)
                0x00000000080044ec                _realloc_r
 .text          0x0000000008004858       0x24 /usr/lib/gcc/arm-none-eabi/9.2.1/../../../arm-none-eabi/lib/thumb/v7e-m+fp/hard/libc.a(lib_a-sbrkr.o)
                0x0000000008004858                _sbrk_r
 .text          0x000000000800487c      0x15c /usr/lib/gcc/arm-none-eabi/9.2.1/../../../arm-none-eabi/lib/thumb/v7e-m+fp/hard/libc.a(lib_a-signal.o)
                0x00000000080048a4                _init_signal_r
                0x00000000080048b0                _signal_r
                0x00000000080048e8                _raise_r
                0x0000000008004940                __sigtramp_r
                0x0000000008004994                raise
                0x00000000080049a4                signal
                0x00000000080049b4                _init_signal
                0x00000000080049c8                __sigtramp
 .text          0x00000000080049d8       0x2c /usr/lib/gcc/arm-none-eabi/9.2.1/../../../arm-none-eabi/lib/thumb/v7e-m+fp/hard/libc.a(lib_a-signalr.o)
                0x00000000080049d8                _kill_r
                0x0000000008004a00                _getpid_r
 .text          0x0000000008004a04       0x90 /usr/lib/gcc/arm-none-eabi/9.2.1/../../../arm-none-eabi/lib/thumb/v7e-m+fp/hard/libc.a(lib_a-stdio.o)
                0x0000000008004a04                __sread
                0x0000000008004a28                __seofread
                0x0000000008004a2c                __swrite
                0x0000000008004a6c                __sseek
                0x0000000008004a8c                __sclose
 *fill*         0x0000000008004a94        0xc 
 .text          0x0000000008004aa0      0x2dc /usr/lib/gcc/arm-none-eabi/9.2.1/../../../arm-none-eabi/lib/thumb/v7e-m+fp/hard/libc.a(lib_a-strcmp.o)
                0x0000000008004aa8                strcmp
 *fill*         0x0000000008004d7c        0x4 
 .text          0x0000000008004d80       0xdc /usr/lib/gcc/arm-none-eabi/9.2.1/../../../arm-none-eabi/lib/thumb/v7e-m+fp/hard/libc.a(lib_a-strlen.o)
                0x0000000008004d80                strlen
 .text          0x0000000008004e5c      0x168 /usr/lib/gcc/arm-none-eabi/9.2.1/../../../arm-none-eabi/lib/thumb/v7e-m+fp/hard/libc.a(lib_a-strtol.o)
                0x0000000008004f90                _strtol_r
                0x0000000008004f94                strtol_l
                0x0000000008004fac                strtol
 *fill*         0x0000000008004fc4        0x4 
 .text          0x0000000008004fc8     0x1580 /usr/lib/gcc/arm-none-eabi/9.2.1/../../../arm-none-eabi/lib/thumb/v7e-m+fp/hard/libc.a(lib_a-vfprintf.o)
                0x0000000008004fc8                _vfprintf_r
                0x00000000080064c4                vfprintf
 .text          0x0000000008006548       0xc0 /usr/lib/gcc/arm-none-eabi/9.2.1/../../../arm-none-eabi/lib/thumb/v7e-m+fp/hard/libc.a(lib_a-wbuf.o)
                0x0000000008006548                __swbuf_r
                0x00000000080065f8                __swbuf
 .text          0x0000000008006608       0x2c /usr/lib/gcc/arm-none-eabi/9.2.1/../../../arm-none-eabi/lib/thumb/v7e-m+fp/hard/libc.a(lib_a-writer.o)
                0x0000000008006608                _write_r
 .text          0x0000000008006634       0xd0 /usr/lib/gcc/arm-none-eabi/9.2.1/../../../arm-none-eabi/lib/thumb/v7e-m+fp/hard/libc.a(lib_a-wsetup.o)
                0x0000000008006634                __swsetup_r
 .text          0x0000000008006704       0x24 /usr/lib/gcc/arm-none-eabi/9.2.1/../../../arm-none-eabi/lib/thumb/v7e-m+fp/hard/libc.a(lib_a-closer.o)
                0x0000000008006704                _close_r
 .text          0x0000000008006728      0xfc0 /usr/lib/gcc/arm-none-eabi/9.2.1/../../../arm-none-eabi/lib/thumb/v7e-m+fp/hard/libc.a(lib_a-dtoa.o)
                0x000000000800684c                _dtoa_r
 .text          0x00000000080076e8       0x98 /usr/lib/gcc/arm-none-eabi/9.2.1/../../../arm-none-eabi/lib/thumb/v7e-m+fp/hard/libc.a(lib_a-fclose.o)
                0x00000000080076e8                _fclose_r
                0x0000000008007770                fclose
 .text          0x0000000008007780       0x14 /usr/lib/gcc/arm-none-eabi/9.2.1/../../../arm-none-eabi/lib/thumb/v7e-m+fp/hard/libc.a(lib_a-localeconv.o)
                0x0000000008007780                __localeconv_l
                0x0000000008007784                _localeconv_r
                0x000000000800778c                localeconv
 .text          0x0000000008007794       0x2c /usr/lib/gcc/arm-none-eabi/9.2.1/../../../arm-none-eabi/lib/thumb/v7e-m+fp/hard/libc.a(lib_a-lseekr.o)
                0x0000000008007794                _lseek_r
 .text          0x00000000080077c0       0xf0 /usr/lib/gcc/arm-none-eabi/9.2.1/../../../arm-none-eabi/lib/thumb/v7e-m+fp/hard/libc.a(lib_a-makebuf.o)
                0x00000000080077c0                __swhatbuf_r
                0x000000000800781c                __smakebuf_r
 .text          0x00000000080078b0      0x9a8 /usr/lib/gcc/arm-none-eabi/9.2.1/../../../arm-none-eabi/lib/thumb/v7e-m+fp/hard/libc.a(lib_a-mprec.o)
                0x00000000080078b0                _Balloc
                0x00000000080078fc                _Bfree
                0x0000000008007910                __multadd
                0x00000000080079b4                __s2b
                0x0000000008007a60                __hi0bits
                0x0000000008007aa0                __lo0bits
                0x0000000008007b00                __i2b
                0x0000000008007b2c                __multiply
                0x0000000008007c78                __pow5mult
                0x0000000008007d10                __lshift
                0x0000000008007ddc                __mcmp
                0x0000000008007e14                __mdiff
                0x0000000008007f3c                __ulp
                0x0000000008007f8c                __b2d
                0x0000000008008044                __d2b
                0x0000000008008118                __ratio
                0x0000000008008178                _mprec_log10
                0x00000000080081b8                __copybits
                0x0000000008008200                __any_on
 .text          0x0000000008008258       0x2c /usr/lib/gcc/arm-none-eabi/9.2.1/../../../arm-none-eabi/lib/thumb/v7e-m+fp/hard/libc.a(lib_a-readr.o)
                0x0000000008008258                _read_r
 .text          0x0000000008008284      0xd00 /usr/lib/gcc/arm-none-eabi/9.2.1/../../../arm-none-eabi/lib/thumb/v7e-m+fp/hard/libc.a(lib_a-vfiprintf.o)
                0x00000000080082fc                __sprint_r
                0x0000000008008310                _vfiprintf_r
                0x0000000008008f00                vfiprintf
 .text          0x0000000008008f84       0x48 /usr/lib/gcc/arm-none-eabi/9.2.1/../../../arm-none-eabi/lib/thumb/v7e-m+fp/hard/libc.a(lib_a-assert.o)
                0x0000000008008f84                __assert_func
                0x0000000008008fc0                __assert
 .text          0x0000000008008fcc       0x60 /usr/lib/gcc/arm-none-eabi/9.2.1/../../../arm-none-eabi/lib/thumb/v7e-m+fp/hard/libc.a(lib_a-callocr.o)
                0x0000000008008fcc                _calloc_r
 .text          0x000000000800902c       0x44 /usr/lib/gcc/arm-none-eabi/9.2.1/../../../arm-none-eabi/lib/thumb/v7e-m+fp/hard/libc.a(lib_a-fiprintf.o)
                0x000000000800902c                _fiprintf_r
                0x0000000008009048                fiprintf
 .text          0x0000000008009070      0x110 /usr/lib/gcc/arm-none-eabi/9.2.1/../../../arm-none-eabi/lib/thumb/v7e-m+fp/hard/libc.a(lib_a-fputwc.o)
                0x0000000008009070                __fputwc
                0x0000000008009118                _fputwc_r
                0x0000000008009140                fputwc
 .text          0x0000000008009180       0x28 /usr/lib/gcc/arm-none-eabi/9.2.1/../../../arm-none-eabi/lib/thumb/v7e-m+fp/hard/libc.a(lib_a-fstatr.o)
                0x0000000008009180                _fstat_r
 .text          0x00000000080091a8       0x24 /usr/lib/gcc/arm-none-eabi/9.2.1/../../../arm-none-eabi/lib/thumb/v7e-m+fp/hard/libc.a(lib_a-isattyr.o)
                0x00000000080091a8                _isatty_r
 .text          0x00000000080091cc       0x5c /usr/lib/gcc/arm-none-eabi/9.2.1/../../../arm-none-eabi/lib/thumb/v7e-m+fp/hard/libc.a(lib_a-locale.o)
                0x00000000080091cc                _setlocale_r
                0x000000000800920c                __locale_mb_cur_max
                0x0000000008009218                setlocale
 .text          0x0000000008009228       0x40 /usr/lib/gcc/arm-none-eabi/9.2.1/../../../arm-none-eabi/lib/thumb/v7e-m+fp/hard/libc.a(lib_a-mbtowc_r.o)
                0x0000000008009228                _mbtowc_r
                0x000000000800923c                __ascii_mbtowc
 .text          0x0000000008009268       0x7c /usr/lib/gcc/arm-none-eabi/9.2.1/../../../arm-none-eabi/lib/thumb/v7e-m+fp/hard/libc.a(lib_a-wcrtomb.o)
                0x0000000008009268                _wcrtomb_r
                0x000000000800929c                wcrtomb
 .text          0x00000000080092e4       0x30 /usr/lib/gcc/arm-none-eabi/9.2.1/../../../arm-none-eabi/lib/thumb/v7e-m+fp/hard/libc.a(lib_a-wctomb_r.o)
                0x00000000080092e4                _wctomb_r
                0x00000000080092f8                __ascii_wctomb
 .text          0x0000000008009314      0x378 /usr/lib/gcc/arm-none-eabi/9.2.1/thumb/v7e-m+fp/hard/libgcc.a(_arm_addsubdf3.o)
                0x0000000008009314                __aeabi_drsub
                0x000000000800931c                __aeabi_dsub
                0x000000000800931c                __subdf3
                0x0000000008009320                __adddf3
                0x0000000008009320                __aeabi_dadd
                0x0000000008009598                __aeabi_ui2d
                0x0000000008009598                __floatunsidf
                0x00000000080095b8                __floatsidf
                0x00000000080095b8                __aeabi_i2d
                0x00000000080095dc                __extendsfdf2
                0x00000000080095dc                __aeabi_f2d
                0x0000000008009620                __aeabi_ul2d
                0x0000000008009620                __floatundidf
                0x0000000008009630                __floatdidf
                0x0000000008009630                __aeabi_l2d
 .text          0x000000000800968c      0x424 /usr/lib/gcc/arm-none-eabi/9.2.1/thumb/v7e-m+fp/hard/libgcc.a(_arm_muldivdf3.o)
                0x000000000800968c                __aeabi_dmul
                0x000000000800968c                __muldf3
                0x00000000080098e0                __aeabi_ddiv
                0x00000000080098e0                __divdf3
 .text          0x0000000008009ab0      0x110 /usr/lib/gcc/arm-none-eabi/9.2.1/thumb/v7e-m+fp/hard/libgcc.a(_arm_cmpdf2.o)
                0x0000000008009ab0                __gtdf2
                0x0000000008009ab0                __gedf2
                0x0000000008009ab8                __ltdf2
                0x0000000008009ab8                __ledf2
                0x0000000008009ac0                __cmpdf2
                0x0000000008009ac0                __eqdf2
                0x0000000008009ac0                __nedf2
                0x0000000008009b3c                __aeabi_cdrcmple
                0x0000000008009b4c                __aeabi_cdcmple
                0x0000000008009b4c                __aeabi_cdcmpeq
                0x0000000008009b5c                __aeabi_dcmpeq
                0x0000000008009b70                __aeabi_dcmplt
                0x0000000008009b84                __aeabi_dcmple
                0x0000000008009b98                __aeabi_dcmpge
                0x0000000008009bac                __aeabi_dcmpgt
 .text          0x0000000008009bc0       0x2c /usr/lib/gcc/arm-none-eabi/9.2.1/thumb/v7e-m+fp/hard/libgcc.a(_arm_unorddf2.o)
                0x0000000008009bc0                __aeabi_dcmpun
                0x0000000008009bc0                __unorddf2
 .text          0x0000000008009bec       0x50 /usr/lib/gcc/arm-none-eabi/9.2.1/thumb/v7e-m+fp/hard/libgcc.a(_arm_fixdfsi.o)
                0x0000000008009bec                __fixdfsi
                0x0000000008009bec                __aeabi_d2iz
 .text          0x0000000008009c3c       0x30 /usr/lib/gcc/arm-none-eabi/9.2.1/thumb/v7e-m+fp/hard/libgcc.a(_aeabi_uldivmod.o)
                0x0000000008009c3c                __aeabi_uldivmod
 .text          0x0000000008009c6c      0x2c4 /usr/lib/gcc/arm-none-eabi/9.2.1/thumb/v7e-m+fp/hard/libgcc.a(_udivmoddi4.o)
                0x0000000008009c6c                __udivmoddi4
 .text          0x0000000008009f30        0x4 /usr/lib/gcc/arm-none-eabi/9.2.1/thumb/v7e-m+fp/hard/libgcc.a(_dvmd_tls.o)
                0x0000000008009f30                __aeabi_ldiv0
                0x0000000008009f30                __aeabi_idiv0
 .text          0x0000000008009f34       0x10 /usr/lib/gcc/arm-none-eabi/9.2.1/../../../arm-none-eabi/lib/thumb/v7e-m+fp/hard/libnosys.a(close.o)
                0x0000000008009f34                _close
 .text          0x0000000008009f44       0x10 /usr/lib/gcc/arm-none-eabi/9.2.1/../../../arm-none-eabi/lib/thumb/v7e-m+fp/hard/libnosys.a(fstat.o)
                0x0000000008009f44                _fstat
 .text          0x0000000008009f54       0x10 /usr/lib/gcc/arm-none-eabi/9.2.1/../../../arm-none-eabi/lib/thumb/v7e-m+fp/hard/libnosys.a(getpid.o)
                0x0000000008009f54                _getpid
 .text          0x0000000008009f64       0x10 /usr/lib/gcc/arm-none-eabi/9.2.1/../../../arm-none-eabi/lib/thumb/v7e-m+fp/hard/libnosys.a(isatty.o)
                0x0000000008009f64                _isatty
 .text          0x0000000008009f74       0x10 /usr/lib/gcc/arm-none-eabi/9.2.1/../../../arm-none-eabi/lib/thumb/v7e-m+fp/hard/libnosys.a(kill.o)
                0x0000000008009f74                _kill
 .text          0x0000000008009f84       0x10 /usr/lib/gcc/arm-none-eabi/9.2.1/../../../arm-none-eabi/lib/thumb/v7e-m+fp/hard/libnosys.a(lseek.o)
                0x0000000008009f84                _lseek
 .text          0x0000000008009f94       0x10 /usr/lib/gcc/arm-none-eabi/9.2.1/../../../arm-none-eabi/lib/thumb/v7e-m+fp/hard/libnosys.a(read.o)
                0x0000000008009f94                _read
 .text          0x0000000008009fa4       0x1c /usr/lib/gcc/arm-none-eabi/9.2.1/../../../arm-none-eabi/lib/thumb/v7e-m+fp/hard/libnosys.a(sbrk.o)
                0x0000000008009fa4                _sbrk
 .text          0x0000000008009fc0        0x4 /usr/lib/gcc/arm-none-eabi/9.2.1/../../../arm-none-eabi/lib/thumb/v7e-m+fp/hard/libnosys.a(_exit.o)
                0x0000000008009fc0                _exit
                0x0000000008009fc4                . = ALIGN (0x4)
 *(.rodata*)
 .rodata.console_echo.str1.1
                0x0000000008009fc4        0x4 console.o
 .rodata.console_unknown.str1.1
                0x0000000008009fc8       0x15 console.o
 .rodata.console_help.str1.1
                0x0000000008009fdd       0x1b console.o
 .rodata.console_init.str1.1
                0x0000000008009ff8        0x3 console.o
 .rodata.console_run.str1.1
                0x0000000008009ffb       0x13 console.o
 .rodata.str1.1
                0x000000000800a00e        0xa console.o
 .rodata.cmd_echo
                0x000000000800a018        0x8 console.o
 .rodata.cmd_help
                0x000000000800a020        0x8 console.o
 .rodata.cmd_unknown
                0x000000000800a028        0x8 console.o
 .rodata.str1.1
                0x000000000800a030       0x2e console_cdcacm.o
 .rodata.cdcacm_functional_descriptors
                0x000000000800a05e       0x13 console_cdcacm.o
 .rodata.comm_endp
                0x000000000800a071        0xf console_cdcacm.o
 .rodata.comm_iface
                0x000000000800a080       0x15 console_cdcacm.o
 .rodata.config
                0x000000000800a095        0xd console_cdcacm.o
 .rodata.data_endp
                0x000000000800a0a2       0x1e console_cdcacm.o
 .rodata.data_iface
                0x000000000800a0c0       0x15 console_cdcacm.o
 .rodata.desc   0x000000000800a0d5       0x12 console_cdcacm.o
 *fill*         0x000000000800a0e7        0x1 
 .rodata.ifaces
                0x000000000800a0e8       0x20 console_cdcacm.o
 .rodata.parse_args.isra.0.str1.1
                0x000000000800a108       0x35 console_cmd_gpio.o
                                         0x42 (size before relaxing)
 .rodata.console_gpio_do_cmd.str1.1
                0x000000000800a13d       0x6e console_cmd_gpio.o
 .rodata.i2c_ctx_is_timed_out.str1.1
                0x000000000800a1ab       0x1a i2c_ctx.o
 .rodata.str1.1
                0x000000000800a1c5       0xc2 i2c_ctx.o
 *fill*         0x000000000800a287        0x1 
 .rodata.i2c_sr1_desc
                0x000000000800a288       0x80 i2c_ctx.o
 .rodata.fregdump_single.str1.1
                0x000000000800a308       0x1d regdump.o
 .rodata.do_uptime.str1.1
                0x000000000800a325       0x15 i2c-explorer.o
 .rodata.do_i2cbus.str1.1
                0x000000000800a33a       0x13 i2c-explorer.o
 .rodata.do_i2cwrite.str1.1
                0x000000000800a34d        0xe i2c-explorer.o
 .rodata.do_i2cget.str1.1
                0x000000000800a35b        0xd i2c-explorer.o
 .rodata.do_i2cdetect.str1.1
                0x000000000800a368       0x44 i2c-explorer.o
 .rodata.str1.1
                0x000000000800a3ac       0x74 i2c-explorer.o
 .rodata.cmd_list
                0x000000000800a420       0x60 i2c-explorer.o
 .rodata.gpio_list
                0x000000000800a480       0x28 i2c-explorer.o
 .rodata.rcc_hse_8mhz_3v3
                0x000000000800a4a8       0x54 /home/maddocks/src/i2c-star-stm32f411ceu6-blackpill/libopencm3/lib/libopencm3_stm32f4.a(rcc.o)
                0x000000000800a4a8                rcc_hse_8mhz_3v3
 .rodata.stm32f107_usb_driver
                0x000000000800a4fc       0x34 /home/maddocks/src/i2c-star-stm32f411ceu6-blackpill/libopencm3/lib/libopencm3_stm32f4.a(usb_f107.o)
                0x000000000800a4fc                stm32f107_usb_driver
 .rodata        0x000000000800a530      0x101 /usr/lib/gcc/arm-none-eabi/9.2.1/../../../arm-none-eabi/lib/thumb/v7e-m+fp/hard/libc.a(lib_a-ctype_.o)
                0x000000000800a530                _ctype_
 *fill*         0x000000000800a631        0x3 
 .rodata        0x000000000800a634        0x4 /usr/lib/gcc/arm-none-eabi/9.2.1/../../../arm-none-eabi/lib/thumb/v7e-m+fp/hard/libc.a(lib_a-impure.o)
                0x000000000800a634                _global_impure_ptr
 .rodata.str1.4
                0x000000000800a638        0x2 /usr/lib/gcc/arm-none-eabi/9.2.1/../../../arm-none-eabi/lib/thumb/v7e-m+fp/hard/libc.a(lib_a-puts.o)
 *fill*         0x000000000800a63a        0x2 
 .rodata        0x000000000800a63c       0x20 /usr/lib/gcc/arm-none-eabi/9.2.1/../../../arm-none-eabi/lib/thumb/v7e-m+fp/hard/libc.a(lib_a-vfprintf.o)
 .rodata.str1.4
                0x000000000800a65c       0x42 /usr/lib/gcc/arm-none-eabi/9.2.1/../../../arm-none-eabi/lib/thumb/v7e-m+fp/hard/libc.a(lib_a-vfprintf.o)
 *fill*         0x000000000800a69e        0x2 
 .rodata.str1.4
                0x000000000800a6a0       0x56 /usr/lib/gcc/arm-none-eabi/9.2.1/../../../arm-none-eabi/lib/thumb/v7e-m+fp/hard/libc.a(lib_a-dtoa.o)
                                         0x5a (size before relaxing)
 *fill*         0x000000000800a6f6        0x2 
 .rodata        0x000000000800a6f8      0x128 /usr/lib/gcc/arm-none-eabi/9.2.1/../../../arm-none-eabi/lib/thumb/v7e-m+fp/hard/libc.a(lib_a-mprec.o)
                0x000000000800a708                __mprec_tens
                0x000000000800a7d0                __mprec_tinytens
                0x000000000800a7f8                __mprec_bigtens
 .rodata.str1.4
                0x000000000800a820       0x33 /usr/lib/gcc/arm-none-eabi/9.2.1/../../../arm-none-eabi/lib/thumb/v7e-m+fp/hard/libc.a(lib_a-mprec.o)
                                         0x47 (size before relaxing)
 *fill*         0x000000000800a853        0x1 
 .rodata        0x000000000800a854       0x20 /usr/lib/gcc/arm-none-eabi/9.2.1/../../../arm-none-eabi/lib/thumb/v7e-m+fp/hard/libc.a(lib_a-vfiprintf.o)
 .rodata.str1.4
                0x000000000800a874       0x2f /usr/lib/gcc/arm-none-eabi/9.2.1/../../../arm-none-eabi/lib/thumb/v7e-m+fp/hard/libc.a(lib_a-vfiprintf.o)
 .rodata.str1.4
                0x000000000800a874       0x3f /usr/lib/gcc/arm-none-eabi/9.2.1/../../../arm-none-eabi/lib/thumb/v7e-m+fp/hard/libc.a(lib_a-assert.o)
                                         0x43 (size before relaxing)
 *fill*         0x000000000800a8b3        0x1 
 .rodata.str1.4
                0x000000000800a8b4        0xe /usr/lib/gcc/arm-none-eabi/9.2.1/../../../arm-none-eabi/lib/thumb/v7e-m+fp/hard/libc.a(lib_a-locale.o)
                                         0x12 (size before relaxing)
                0x000000000800a8c4                . = ALIGN (0x4)
 *fill*         0x000000000800a8c2        0x2 

.glue_7         0x000000000800a8c4        0x0
 .glue_7        0x000000000800a8c4        0x0 linker stubs

.glue_7t        0x000000000800a8c4        0x0
 .glue_7t       0x000000000800a8c4        0x0 linker stubs

.vfp11_veneer   0x000000000800a8c4        0x0
 .vfp11_veneer  0x000000000800a8c4        0x0 linker stubs

.v4_bx          0x000000000800a8c4        0x0
 .v4_bx         0x000000000800a8c4        0x0 linker stubs

.iplt           0x000000000800a8c4        0x0
 .iplt          0x000000000800a8c4        0x0 console.o

.preinit_array  0x000000000800a8c4        0x0
                0x000000000800a8c4                . = ALIGN (0x4)
                0x000000000800a8c4                __preinit_array_start = .
 *(.preinit_array)
                0x000000000800a8c4                __preinit_array_end = .

.init_array     0x000000000800a8c4        0x0
                0x000000000800a8c4                . = ALIGN (0x4)
                0x000000000800a8c4                __init_array_start = .
 *(SORT_BY_NAME(.init_array.*))
 *(.init_array)
                0x000000000800a8c4                __init_array_end = .

.fini_array     0x000000000800a8c4        0x0
                0x000000000800a8c4                . = ALIGN (0x4)
                0x000000000800a8c4                __fini_array_start = .
 *(.fini_array)
 *(SORT_BY_NAME(.fini_array.*))
                0x000000000800a8c4                __fini_array_end = .

.ARM.extab
 *(.ARM.extab*)

.ARM.exidx      0x000000000800a8c4        0x8
                0x000000000800a8c4                __exidx_start = .
 *(.ARM.exidx*)
 .ARM.exidx     0x000000000800a8c4        0x8 /usr/lib/gcc/arm-none-eabi/9.2.1/thumb/v7e-m+fp/hard/libgcc.a(_udivmoddi4.o)
                0x000000000800a8cc                __exidx_end = .

.rel.dyn        0x000000000800a8cc        0x0
 .rel.iplt      0x000000000800a8cc        0x0 console.o
                0x000000000800a8cc                . = ALIGN (0x4)
                0x000000000800a8cc                _etext = .

.data           0x0000000020000000      0xab4 load address 0x000000000800a8cc
                0x0000000020000000                _data = .
 *(.data*)
 .data.cmd_table
                0x0000000020000000       0x80 console.o
 .data.output_task
                0x0000000020000080       0x14 console_cdcacm.o
 .data.outring  0x0000000020000094       0x10 console_cdcacm.o
 .data.usb_strings
                0x00000000200000a4        0xc console_cdcacm.o
 .data.usb_task
                0x00000000200000b0       0x10 console_cdcacm.o
 .data.kernel   0x00000000200000c0       0x34 fibre.o
 .data.i2c      0x00000000200000f4        0x4 i2c-explorer.o
 .data.rcc_ahb_frequency
                0x00000000200000f8        0x4 /home/maddocks/src/i2c-star-stm32f411ceu6-blackpill/libopencm3/lib/libopencm3_stm32f4.a(rcc.o)
                0x00000000200000f8                rcc_ahb_frequency
 .data.rcc_apb1_frequency
                0x00000000200000fc        0x4 /home/maddocks/src/i2c-star-stm32f411ceu6-blackpill/libopencm3/lib/libopencm3_stm32f4.a(rcc.o)
                0x00000000200000fc                rcc_apb1_frequency
 .data.rcc_apb2_frequency
                0x0000000020000100        0x4 /home/maddocks/src/i2c-star-stm32f411ceu6-blackpill/libopencm3/lib/libopencm3_stm32f4.a(rcc.o)
                0x0000000020000100                rcc_apb2_frequency
 *fill*         0x0000000020000104        0x4 
 .data          0x0000000020000108      0x430 /usr/lib/gcc/arm-none-eabi/9.2.1/../../../arm-none-eabi/lib/thumb/v7e-m+fp/hard/libc.a(lib_a-impure.o)
                0x0000000020000108                _impure_ptr
 .data          0x0000000020000538      0x410 /usr/lib/gcc/arm-none-eabi/9.2.1/../../../arm-none-eabi/lib/thumb/v7e-m+fp/hard/libc.a(lib_a-mallocr.o)
                0x0000000020000538                __malloc_av_
                0x0000000020000940                __malloc_sbrk_base
                0x0000000020000944                __malloc_trim_threshold
 .data          0x0000000020000948      0x16c /usr/lib/gcc/arm-none-eabi/9.2.1/../../../arm-none-eabi/lib/thumb/v7e-m+fp/hard/libc.a(lib_a-locale.o)
                0x0000000020000948                __global_locale
                0x0000000020000ab4                . = ALIGN (0x4)
                0x0000000020000ab4                _edata = .
                0x000000000800a8cc                _data_loadaddr = LOADADDR (.data)

.igot.plt       0x0000000020000ab4        0x0 load address 0x000000000800b380
 .igot.plt      0x0000000020000ab4        0x0 console.o

.bss            0x0000000020000ab8      0x6b8 load address 0x000000000800b380
 *(.bss*)
 .bss.cmd.7605  0x0000000020000ab8        0x4 console.o
 .bss.locked.7603
                0x0000000020000abc        0x1 console.o
 *fill*         0x0000000020000abd        0x3 
 .bss.console   0x0000000020000ac0        0x4 console_cdcacm.o
 .bss.outbuf    0x0000000020000ac4      0x400 console_cdcacm.o
 .bss.serial_no
                0x0000000020000ec4       0x19 console_cdcacm.o
 .bss.usbd_control_buffer
                0x0000000020000edd       0x80 console_cdcacm.o
                0x0000000020000edd                usbd_control_buffer
 *fill*         0x0000000020000f5d        0x3 
 .bss.usbd_dev  0x0000000020000f60        0x4 console_cdcacm.o
 .bss.atomic_runq_buf
                0x0000000020000f64       0x20 fibre.o
 *fill*         0x0000000020000f84        0x4 
 .bss.sys_tick_counter
                0x0000000020000f88        0x8 time_libopencm3.o
 .bss.cdcacm_console
                0x0000000020000f90       0xa8 i2c-explorer.o
 .bss.usbd_dev  0x0000000020001038       0xfc /home/maddocks/src/i2c-star-stm32f411ceu6-blackpill/libopencm3/lib/libopencm3_stm32f4.a(usb_f107.o)
 .bss           0x0000000020001134       0x34 /usr/lib/gcc/arm-none-eabi/9.2.1/../../../arm-none-eabi/lib/thumb/v7e-m+fp/hard/libc.a(lib_a-mallocr.o)
                0x0000000020001134                __malloc_top_pad
                0x0000000020001138                __malloc_current_mallinfo
                0x0000000020001160                __malloc_max_sbrked_mem
                0x0000000020001164                __malloc_max_total_mem
 .bss           0x0000000020001168        0x4 /usr/lib/gcc/arm-none-eabi/9.2.1/../../../arm-none-eabi/lib/thumb/v7e-m+fp/hard/libnosys.a(sbrk.o)
 *(COMMON)
 COMMON         0x000000002000116c        0x4 /usr/lib/gcc/arm-none-eabi/9.2.1/../../../arm-none-eabi/lib/thumb/v7e-m+fp/hard/libc.a(lib_a-reent.o)
                0x000000002000116c                errno
                0x0000000020001170                . = ALIGN (0x4)
                0x0000000020001170                _ebss = .

/DISCARD/
 *(.eh_frame)
                0x0000000020001170                . = ALIGN (0x4)
                0x0000000020001170                end = .
                0x0000000020010000                PROVIDE (_stack = (ORIGIN (ram) + LENGTH (ram)))
OUTPUT(i2c-explorer.elf elf32-littlearm)
LOAD linker stubs

.debug_info     0x0000000000000000    0x4bdd3
 .debug_info    0x0000000000000000     0x1584 console.o
 .debug_info    0x0000000000001584     0x2157 console_cdcacm.o
 .debug_info    0x00000000000036db     0x18f1 console_cmd_gpio.o
 .debug_info    0x0000000000004fcc     0x1a1b i2c_ctx.o
 .debug_info    0x00000000000069e7      0x235 bitops.o
 .debug_info    0x0000000000006c1c     0x152b fibre.o
 .debug_info    0x0000000000008147       0xd0 fibre_default.o
 .debug_info    0x0000000000008217      0xdf4 list.o
 .debug_info    0x000000000000900b      0xc43 messageq.o
 .debug_info    0x0000000000009c4e      0xbb1 regdump.o
 .debug_info    0x000000000000a7ff      0xcc5 ringbuf.o
 .debug_info    0x000000000000b4c4      0x155 time_libopencm3.o
 .debug_info    0x000000000000b619      0xb15 util.o
 .debug_info    0x000000000000c12e     0x25ff i2c-explorer.o
 .debug_info    0x000000000000e72d      0x24e /home/maddocks/src/i2c-star-stm32f411ceu6-blackpill/libopencm3/lib/libopencm3_stm32f4.a(gpio_common_all.o)
 .debug_info    0x000000000000e97b      0x20f /home/maddocks/src/i2c-star-stm32f411ceu6-blackpill/libopencm3/lib/libopencm3_stm32f4.a(gpio_common_f0234.o)
 .debug_info    0x000000000000eb8a      0xdfb /home/maddocks/src/i2c-star-stm32f411ceu6-blackpill/libopencm3/lib/libopencm3_stm32f4.a(i2c_common_v1.o)
 .debug_info    0x000000000000f985      0xa92 /home/maddocks/src/i2c-star-stm32f411ceu6-blackpill/libopencm3/lib/libopencm3_stm32f4.a(rcc_common_all.o)
 .debug_info    0x0000000000010417     0x1026 /home/maddocks/src/i2c-star-stm32f411ceu6-blackpill/libopencm3/lib/libopencm3_stm32f4.a(rcc.o)
 .debug_info    0x000000000001143d     0x17c9 /home/maddocks/src/i2c-star-stm32f411ceu6-blackpill/libopencm3/lib/libopencm3_stm32f4.a(usb.o)
 .debug_info    0x0000000000012c06     0x1f8e /home/maddocks/src/i2c-star-stm32f411ceu6-blackpill/libopencm3/lib/libopencm3_stm32f4.a(usb_standard.o)
 .debug_info    0x0000000000014b94     0x18ec /home/maddocks/src/i2c-star-stm32f411ceu6-blackpill/libopencm3/lib/libopencm3_stm32f4.a(usb_control.o)
 .debug_info    0x0000000000016480     0x18d3 /home/maddocks/src/i2c-star-stm32f411ceu6-blackpill/libopencm3/lib/libopencm3_stm32f4.a(usb_f107.o)
 .debug_info    0x0000000000017d53      0x2e6 /home/maddocks/src/i2c-star-stm32f411ceu6-blackpill/libopencm3/lib/libopencm3_stm32f4.a(vector.o)
 .debug_info    0x0000000000018039      0x268 /home/maddocks/src/i2c-star-stm32f411ceu6-blackpill/libopencm3/lib/libopencm3_stm32f4.a(systick.o)
 .debug_info    0x00000000000182a1       0xf0 /home/maddocks/src/i2c-star-stm32f411ceu6-blackpill/libopencm3/lib/libopencm3_stm32f4.a(flash_common_all.o)
 .debug_info    0x0000000000018391       0xe8 /home/maddocks/src/i2c-star-stm32f411ceu6-blackpill/libopencm3/lib/libopencm3_stm32f4.a(flash_common_idcache.o)
 .debug_info    0x0000000000018479       0xdc /home/maddocks/src/i2c-star-stm32f411ceu6-blackpill/libopencm3/lib/libopencm3_stm32f4.a(pwr.o)
 .debug_info    0x0000000000018555     0x17f0 /home/maddocks/src/i2c-star-stm32f411ceu6-blackpill/libopencm3/lib/libopencm3_stm32f4.a(usb_dwc_common.o)
 .debug_info    0x0000000000019d45      0x9b5 /usr/lib/gcc/arm-none-eabi/9.2.1/../../../arm-none-eabi/lib/thumb/v7e-m+fp/hard/libc.a(lib_a-abort.o)
 .debug_info    0x000000000001a6fa      0xe91 /usr/lib/gcc/arm-none-eabi/9.2.1/../../../arm-none-eabi/lib/thumb/v7e-m+fp/hard/libc.a(lib_a-ctype_.o)
 .debug_info    0x000000000001b58b      0x953 /usr/lib/gcc/arm-none-eabi/9.2.1/../../../arm-none-eabi/lib/thumb/v7e-m+fp/hard/libc.a(lib_a-errno.o)
 .debug_info    0x000000000001bede      0xd73 /usr/lib/gcc/arm-none-eabi/9.2.1/../../../arm-none-eabi/lib/thumb/v7e-m+fp/hard/libc.a(lib_a-fflush.o)
 .debug_info    0x000000000001cc51     0x1143 /usr/lib/gcc/arm-none-eabi/9.2.1/../../../arm-none-eabi/lib/thumb/v7e-m+fp/hard/libc.a(lib_a-findfp.o)
 .debug_info    0x000000000001dd94      0xa7a /usr/lib/gcc/arm-none-eabi/9.2.1/../../../arm-none-eabi/lib/thumb/v7e-m+fp/hard/libc.a(lib_a-fprintf.o)
 .debug_info    0x000000000001e80e      0xca9 /usr/lib/gcc/arm-none-eabi/9.2.1/../../../arm-none-eabi/lib/thumb/v7e-m+fp/hard/libc.a(lib_a-fputc.o)
 .debug_info    0x000000000001f4b7      0xcf0 /usr/lib/gcc/arm-none-eabi/9.2.1/../../../arm-none-eabi/lib/thumb/v7e-m+fp/hard/libc.a(lib_a-fputs.o)
 .debug_info    0x00000000000201a7      0xdc4 /usr/lib/gcc/arm-none-eabi/9.2.1/../../../arm-none-eabi/lib/thumb/v7e-m+fp/hard/libc.a(lib_a-freer.o)
 .debug_info    0x0000000000020f6b      0xeed /usr/lib/gcc/arm-none-eabi/9.2.1/../../../arm-none-eabi/lib/thumb/v7e-m+fp/hard/libc.a(lib_a-fvwrite.o)
 .debug_info    0x0000000000021e58      0xca4 /usr/lib/gcc/arm-none-eabi/9.2.1/../../../arm-none-eabi/lib/thumb/v7e-m+fp/hard/libc.a(lib_a-fwalk.o)
 .debug_info    0x0000000000022afc      0x92a /usr/lib/gcc/arm-none-eabi/9.2.1/../../../arm-none-eabi/lib/thumb/v7e-m+fp/hard/libc.a(lib_a-impure.o)
 .debug_info    0x0000000000023426      0xf41 /usr/lib/gcc/arm-none-eabi/9.2.1/../../../arm-none-eabi/lib/thumb/v7e-m+fp/hard/libc.a(lib_a-mallocr.o)
 .debug_info    0x0000000000024367       0x26 /usr/lib/gcc/arm-none-eabi/9.2.1/../../../arm-none-eabi/lib/thumb/v7e-m+fp/hard/libc.a(lib_a-memchr.o)
 .debug_info    0x000000000002438d       0x26 /usr/lib/gcc/arm-none-eabi/9.2.1/../../../arm-none-eabi/lib/thumb/v7e-m+fp/hard/libc.a(lib_a-memcpy.o)
 .debug_info    0x00000000000243b3      0xf2b /usr/lib/gcc/arm-none-eabi/9.2.1/../../../arm-none-eabi/lib/thumb/v7e-m+fp/hard/libc.a(lib_a-memmove.o)
 .debug_info    0x00000000000252de      0xf21 /usr/lib/gcc/arm-none-eabi/9.2.1/../../../arm-none-eabi/lib/thumb/v7e-m+fp/hard/libc.a(lib_a-memset.o)
 .debug_info    0x00000000000261ff      0x961 /usr/lib/gcc/arm-none-eabi/9.2.1/../../../arm-none-eabi/lib/thumb/v7e-m+fp/hard/libc.a(lib_a-mlock.o)
 .debug_info    0x0000000000026b60      0xc35 /usr/lib/gcc/arm-none-eabi/9.2.1/../../../arm-none-eabi/lib/thumb/v7e-m+fp/hard/libc.a(lib_a-printf.o)
 .debug_info    0x0000000000027795      0xd10 /usr/lib/gcc/arm-none-eabi/9.2.1/../../../arm-none-eabi/lib/thumb/v7e-m+fp/hard/libc.a(lib_a-putc.o)
 .debug_info    0x00000000000284a5      0xbb5 /usr/lib/gcc/arm-none-eabi/9.2.1/../../../arm-none-eabi/lib/thumb/v7e-m+fp/hard/libc.a(lib_a-putchar.o)
 .debug_info    0x000000000002905a      0xce5 /usr/lib/gcc/arm-none-eabi/9.2.1/../../../arm-none-eabi/lib/thumb/v7e-m+fp/hard/libc.a(lib_a-puts.o)
 .debug_info    0x0000000000029d3f      0xefd /usr/lib/gcc/arm-none-eabi/9.2.1/../../../arm-none-eabi/lib/thumb/v7e-m+fp/hard/libc.a(lib_a-reallocr.o)
 .debug_info    0x000000000002ac3c      0x9fb /usr/lib/gcc/arm-none-eabi/9.2.1/../../../arm-none-eabi/lib/thumb/v7e-m+fp/hard/libc.a(lib_a-sbrkr.o)
 .debug_info    0x000000000002b637      0xd5c /usr/lib/gcc/arm-none-eabi/9.2.1/../../../arm-none-eabi/lib/thumb/v7e-m+fp/hard/libc.a(lib_a-signal.o)
 .debug_info    0x000000000002c393      0xa44 /usr/lib/gcc/arm-none-eabi/9.2.1/../../../arm-none-eabi/lib/thumb/v7e-m+fp/hard/libc.a(lib_a-signalr.o)
 .debug_info    0x000000000002cdd7      0xe67 /usr/lib/gcc/arm-none-eabi/9.2.1/../../../arm-none-eabi/lib/thumb/v7e-m+fp/hard/libc.a(lib_a-stdio.o)
 .debug_info    0x000000000002dc3e       0x26 /usr/lib/gcc/arm-none-eabi/9.2.1/../../../arm-none-eabi/lib/thumb/v7e-m+fp/hard/libc.a(lib_a-strcmp.o)
 .debug_info    0x000000000002dc64       0x26 /usr/lib/gcc/arm-none-eabi/9.2.1/../../../arm-none-eabi/lib/thumb/v7e-m+fp/hard/libc.a(lib_a-strlen.o)
 .debug_info    0x000000000002dc8a     0x126b /usr/lib/gcc/arm-none-eabi/9.2.1/../../../arm-none-eabi/lib/thumb/v7e-m+fp/hard/libc.a(lib_a-strtol.o)
 .debug_info    0x000000000002eef5     0x209a /usr/lib/gcc/arm-none-eabi/9.2.1/../../../arm-none-eabi/lib/thumb/v7e-m+fp/hard/libc.a(lib_a-vfprintf.o)
 .debug_info    0x0000000000030f8f      0xc90 /usr/lib/gcc/arm-none-eabi/9.2.1/../../../arm-none-eabi/lib/thumb/v7e-m+fp/hard/libc.a(lib_a-wbuf.o)
 .debug_info    0x0000000000031c1f      0xa2c /usr/lib/gcc/arm-none-eabi/9.2.1/../../../arm-none-eabi/lib/thumb/v7e-m+fp/hard/libc.a(lib_a-writer.o)
 .debug_info    0x000000000003264b      0xbf3 /usr/lib/gcc/arm-none-eabi/9.2.1/../../../arm-none-eabi/lib/thumb/v7e-m+fp/hard/libc.a(lib_a-wsetup.o)
 .debug_info    0x000000000003323e      0x9d8 /usr/lib/gcc/arm-none-eabi/9.2.1/../../../arm-none-eabi/lib/thumb/v7e-m+fp/hard/libc.a(lib_a-closer.o)
 .debug_info    0x0000000000033c16     0x1acf /usr/lib/gcc/arm-none-eabi/9.2.1/../../../arm-none-eabi/lib/thumb/v7e-m+fp/hard/libc.a(lib_a-dtoa.o)
 .debug_info    0x00000000000356e5      0xcd5 /usr/lib/gcc/arm-none-eabi/9.2.1/../../../arm-none-eabi/lib/thumb/v7e-m+fp/hard/libc.a(lib_a-fclose.o)
 .debug_info    0x00000000000363ba      0xf49 /usr/lib/gcc/arm-none-eabi/9.2.1/../../../arm-none-eabi/lib/thumb/v7e-m+fp/hard/libc.a(lib_a-localeconv.o)
 .debug_info    0x0000000000037303      0xa0d /usr/lib/gcc/arm-none-eabi/9.2.1/../../../arm-none-eabi/lib/thumb/v7e-m+fp/hard/libc.a(lib_a-lseekr.o)
 .debug_info    0x0000000000037d10      0xf69 /usr/lib/gcc/arm-none-eabi/9.2.1/../../../arm-none-eabi/lib/thumb/v7e-m+fp/hard/libc.a(lib_a-makebuf.o)
 .debug_info    0x0000000000038c79     0x228d /usr/lib/gcc/arm-none-eabi/9.2.1/../../../arm-none-eabi/lib/thumb/v7e-m+fp/hard/libc.a(lib_a-mprec.o)
 .debug_info    0x000000000003af06      0xa25 /usr/lib/gcc/arm-none-eabi/9.2.1/../../../arm-none-eabi/lib/thumb/v7e-m+fp/hard/libc.a(lib_a-readr.o)
 .debug_info    0x000000000003b92b      0xac5 /usr/lib/gcc/arm-none-eabi/9.2.1/../../../arm-none-eabi/lib/thumb/v7e-m+fp/hard/libc.a(lib_a-reent.o)
 .debug_info    0x000000000003c3f0     0x1eb6 /usr/lib/gcc/arm-none-eabi/9.2.1/../../../arm-none-eabi/lib/thumb/v7e-m+fp/hard/libc.a(lib_a-vfiprintf.o)
 .debug_info    0x000000000003e2a6      0xa41 /usr/lib/gcc/arm-none-eabi/9.2.1/../../../arm-none-eabi/lib/thumb/v7e-m+fp/hard/libc.a(lib_a-assert.o)
 .debug_info    0x000000000003ece7      0xc2f /usr/lib/gcc/arm-none-eabi/9.2.1/../../../arm-none-eabi/lib/thumb/v7e-m+fp/hard/libc.a(lib_a-callocr.o)
 .debug_info    0x000000000003f916      0xa71 /usr/lib/gcc/arm-none-eabi/9.2.1/../../../arm-none-eabi/lib/thumb/v7e-m+fp/hard/libc.a(lib_a-fiprintf.o)
 .debug_info    0x0000000000040387      0xe4a /usr/lib/gcc/arm-none-eabi/9.2.1/../../../arm-none-eabi/lib/thumb/v7e-m+fp/hard/libc.a(lib_a-fputwc.o)
 .debug_info    0x00000000000411d1      0xc24 /usr/lib/gcc/arm-none-eabi/9.2.1/../../../arm-none-eabi/lib/thumb/v7e-m+fp/hard/libc.a(lib_a-fstatr.o)
 .debug_info    0x0000000000041df5      0x9d8 /usr/lib/gcc/arm-none-eabi/9.2.1/../../../arm-none-eabi/lib/thumb/v7e-m+fp/hard/libc.a(lib_a-isattyr.o)
 .debug_info    0x00000000000427cd     0x10ca /usr/lib/gcc/arm-none-eabi/9.2.1/../../../arm-none-eabi/lib/thumb/v7e-m+fp/hard/libc.a(lib_a-locale.o)
 .debug_info    0x0000000000043897     0x1044 /usr/lib/gcc/arm-none-eabi/9.2.1/../../../arm-none-eabi/lib/thumb/v7e-m+fp/hard/libc.a(lib_a-mbtowc_r.o)
 .debug_info    0x00000000000448db     0x10b3 /usr/lib/gcc/arm-none-eabi/9.2.1/../../../arm-none-eabi/lib/thumb/v7e-m+fp/hard/libc.a(lib_a-wcrtomb.o)
 .debug_info    0x000000000004598e      0xffd /usr/lib/gcc/arm-none-eabi/9.2.1/../../../arm-none-eabi/lib/thumb/v7e-m+fp/hard/libc.a(lib_a-wctomb_r.o)
 .debug_info    0x000000000004698b       0x26 /usr/lib/gcc/arm-none-eabi/9.2.1/thumb/v7e-m+fp/hard/libgcc.a(_arm_addsubdf3.o)
 .debug_info    0x00000000000469b1       0x26 /usr/lib/gcc/arm-none-eabi/9.2.1/thumb/v7e-m+fp/hard/libgcc.a(_arm_muldivdf3.o)
 .debug_info    0x00000000000469d7       0x26 /usr/lib/gcc/arm-none-eabi/9.2.1/thumb/v7e-m+fp/hard/libgcc.a(_arm_cmpdf2.o)
 .debug_info    0x00000000000469fd       0x26 /usr/lib/gcc/arm-none-eabi/9.2.1/thumb/v7e-m+fp/hard/libgcc.a(_arm_unorddf2.o)
 .debug_info    0x0000000000046a23       0x26 /usr/lib/gcc/arm-none-eabi/9.2.1/thumb/v7e-m+fp/hard/libgcc.a(_arm_fixdfsi.o)
 .debug_info    0x0000000000046a49       0x26 /usr/lib/gcc/arm-none-eabi/9.2.1/thumb/v7e-m+fp/hard/libgcc.a(_aeabi_uldivmod.o)
 .debug_info    0x0000000000046a6f      0xd7c /usr/lib/gcc/arm-none-eabi/9.2.1/thumb/v7e-m+fp/hard/libgcc.a(_udivmoddi4.o)
 .debug_info    0x00000000000477eb       0x26 /usr/lib/gcc/arm-none-eabi/9.2.1/thumb/v7e-m+fp/hard/libgcc.a(_dvmd_tls.o)
 .debug_info    0x0000000000047811      0x96e /usr/lib/gcc/arm-none-eabi/9.2.1/../../../arm-none-eabi/lib/thumb/v7e-m+fp/hard/libnosys.a(close.o)
 .debug_info    0x000000000004817f      0xbb1 /usr/lib/gcc/arm-none-eabi/9.2.1/../../../arm-none-eabi/lib/thumb/v7e-m+fp/hard/libnosys.a(fstat.o)
 .debug_info    0x0000000000048d30      0x959 /usr/lib/gcc/arm-none-eabi/9.2.1/../../../arm-none-eabi/lib/thumb/v7e-m+fp/hard/libnosys.a(getpid.o)
 .debug_info    0x0000000000049689      0x96e /usr/lib/gcc/arm-none-eabi/9.2.1/../../../arm-none-eabi/lib/thumb/v7e-m+fp/hard/libnosys.a(isatty.o)
 .debug_info    0x0000000000049ff7      0x97c /usr/lib/gcc/arm-none-eabi/9.2.1/../../../arm-none-eabi/lib/thumb/v7e-m+fp/hard/libnosys.a(kill.o)
 .debug_info    0x000000000004a973      0x990 /usr/lib/gcc/arm-none-eabi/9.2.1/../../../arm-none-eabi/lib/thumb/v7e-m+fp/hard/libnosys.a(lseek.o)
 .debug_info    0x000000000004b303      0x990 /usr/lib/gcc/arm-none-eabi/9.2.1/../../../arm-none-eabi/lib/thumb/v7e-m+fp/hard/libnosys.a(read.o)
 .debug_info    0x000000000004bc93       0x9d /usr/lib/gcc/arm-none-eabi/9.2.1/../../../arm-none-eabi/lib/thumb/v7e-m+fp/hard/libnosys.a(sbrk.o)
 .debug_info    0x000000000004bd30       0xa3 /usr/lib/gcc/arm-none-eabi/9.2.1/../../../arm-none-eabi/lib/thumb/v7e-m+fp/hard/libnosys.a(_exit.o)

.debug_abbrev   0x0000000000000000     0xe44e
 .debug_abbrev  0x0000000000000000      0x4d3 console.o
 .debug_abbrev  0x00000000000004d3      0x52d console_cdcacm.o
 .debug_abbrev  0x0000000000000a00      0x40a console_cmd_gpio.o
 .debug_abbrev  0x0000000000000e0a      0x44b i2c_ctx.o
 .debug_abbrev  0x0000000000001255       0xde bitops.o
 .debug_abbrev  0x0000000000001333      0x402 fibre.o
 .debug_abbrev  0x0000000000001735       0x64 fibre_default.o
 .debug_abbrev  0x0000000000001799      0x2db list.o
 .debug_abbrev  0x0000000000001a74      0x276 messageq.o
 .debug_abbrev  0x0000000000001cea      0x29e regdump.o
 .debug_abbrev  0x0000000000001f88      0x2be ringbuf.o
 .debug_abbrev  0x0000000000002246       0xe1 time_libopencm3.o
 .debug_abbrev  0x0000000000002327      0x2a6 util.o
 .debug_abbrev  0x00000000000025cd      0x4b8 i2c-explorer.o
 .debug_abbrev  0x0000000000002a85      0x116 /home/maddocks/src/i2c-star-stm32f411ceu6-blackpill/libopencm3/lib/libopencm3_stm32f4.a(gpio_common_all.o)
 .debug_abbrev  0x0000000000002b9b       0xbf /home/maddocks/src/i2c-star-stm32f411ceu6-blackpill/libopencm3/lib/libopencm3_stm32f4.a(gpio_common_f0234.o)
 .debug_abbrev  0x0000000000002c5a      0x356 /home/maddocks/src/i2c-star-stm32f411ceu6-blackpill/libopencm3/lib/libopencm3_stm32f4.a(i2c_common_v1.o)
 .debug_abbrev  0x0000000000002fb0      0x1a8 /home/maddocks/src/i2c-star-stm32f411ceu6-blackpill/libopencm3/lib/libopencm3_stm32f4.a(rcc_common_all.o)
 .debug_abbrev  0x0000000000003158      0x2c1 /home/maddocks/src/i2c-star-stm32f411ceu6-blackpill/libopencm3/lib/libopencm3_stm32f4.a(rcc.o)
 .debug_abbrev  0x0000000000003419      0x333 /home/maddocks/src/i2c-star-stm32f411ceu6-blackpill/libopencm3/lib/libopencm3_stm32f4.a(usb.o)
 .debug_abbrev  0x000000000000374c      0x5a4 /home/maddocks/src/i2c-star-stm32f411ceu6-blackpill/libopencm3/lib/libopencm3_stm32f4.a(usb_standard.o)
 .debug_abbrev  0x0000000000003cf0      0x477 /home/maddocks/src/i2c-star-stm32f411ceu6-blackpill/libopencm3/lib/libopencm3_stm32f4.a(usb_control.o)
 .debug_abbrev  0x0000000000004167      0x2b7 /home/maddocks/src/i2c-star-stm32f411ceu6-blackpill/libopencm3/lib/libopencm3_stm32f4.a(usb_f107.o)
 .debug_abbrev  0x000000000000441e      0x15b /home/maddocks/src/i2c-star-stm32f411ceu6-blackpill/libopencm3/lib/libopencm3_stm32f4.a(vector.o)
 .debug_abbrev  0x0000000000004579      0x155 /home/maddocks/src/i2c-star-stm32f411ceu6-blackpill/libopencm3/lib/libopencm3_stm32f4.a(systick.o)
 .debug_abbrev  0x00000000000046ce       0x9a /home/maddocks/src/i2c-star-stm32f411ceu6-blackpill/libopencm3/lib/libopencm3_stm32f4.a(flash_common_all.o)
 .debug_abbrev  0x0000000000004768       0x56 /home/maddocks/src/i2c-star-stm32f411ceu6-blackpill/libopencm3/lib/libopencm3_stm32f4.a(flash_common_idcache.o)
 .debug_abbrev  0x00000000000047be       0x9c /home/maddocks/src/i2c-star-stm32f411ceu6-blackpill/libopencm3/lib/libopencm3_stm32f4.a(pwr.o)
 .debug_abbrev  0x000000000000485a      0x449 /home/maddocks/src/i2c-star-stm32f411ceu6-blackpill/libopencm3/lib/libopencm3_stm32f4.a(usb_dwc_common.o)
 .debug_abbrev  0x0000000000004ca3      0x20b /usr/lib/gcc/arm-none-eabi/9.2.1/../../../arm-none-eabi/lib/thumb/v7e-m+fp/hard/libc.a(lib_a-abort.o)
 .debug_abbrev  0x0000000000004eae      0x1b6 /usr/lib/gcc/arm-none-eabi/9.2.1/../../../arm-none-eabi/lib/thumb/v7e-m+fp/hard/libc.a(lib_a-ctype_.o)
 .debug_abbrev  0x0000000000005064      0x1d6 /usr/lib/gcc/arm-none-eabi/9.2.1/../../../arm-none-eabi/lib/thumb/v7e-m+fp/hard/libc.a(lib_a-errno.o)
 .debug_abbrev  0x000000000000523a      0x322 /usr/lib/gcc/arm-none-eabi/9.2.1/../../../arm-none-eabi/lib/thumb/v7e-m+fp/hard/libc.a(lib_a-fflush.o)
 .debug_abbrev  0x000000000000555c      0x425 /usr/lib/gcc/arm-none-eabi/9.2.1/../../../arm-none-eabi/lib/thumb/v7e-m+fp/hard/libc.a(lib_a-findfp.o)
 .debug_abbrev  0x0000000000005981      0x27a /usr/lib/gcc/arm-none-eabi/9.2.1/../../../arm-none-eabi/lib/thumb/v7e-m+fp/hard/libc.a(lib_a-fprintf.o)
 .debug_abbrev  0x0000000000005bfb      0x2d0 /usr/lib/gcc/arm-none-eabi/9.2.1/../../../arm-none-eabi/lib/thumb/v7e-m+fp/hard/libc.a(lib_a-fputc.o)
 .debug_abbrev  0x0000000000005ecb      0x2a9 /usr/lib/gcc/arm-none-eabi/9.2.1/../../../arm-none-eabi/lib/thumb/v7e-m+fp/hard/libc.a(lib_a-fputs.o)
 .debug_abbrev  0x0000000000006174      0x2c9 /usr/lib/gcc/arm-none-eabi/9.2.1/../../../arm-none-eabi/lib/thumb/v7e-m+fp/hard/libc.a(lib_a-freer.o)
 .debug_abbrev  0x000000000000643d      0x2ae /usr/lib/gcc/arm-none-eabi/9.2.1/../../../arm-none-eabi/lib/thumb/v7e-m+fp/hard/libc.a(lib_a-fvwrite.o)
 .debug_abbrev  0x00000000000066eb      0x24e /usr/lib/gcc/arm-none-eabi/9.2.1/../../../arm-none-eabi/lib/thumb/v7e-m+fp/hard/libc.a(lib_a-fwalk.o)
 .debug_abbrev  0x0000000000006939      0x1b8 /usr/lib/gcc/arm-none-eabi/9.2.1/../../../arm-none-eabi/lib/thumb/v7e-m+fp/hard/libc.a(lib_a-impure.o)
 .debug_abbrev  0x0000000000006af1      0x321 /usr/lib/gcc/arm-none-eabi/9.2.1/../../../arm-none-eabi/lib/thumb/v7e-m+fp/hard/libc.a(lib_a-mallocr.o)
 .debug_abbrev  0x0000000000006e12       0x14 /usr/lib/gcc/arm-none-eabi/9.2.1/../../../arm-none-eabi/lib/thumb/v7e-m+fp/hard/libc.a(lib_a-memchr.o)
 .debug_abbrev  0x0000000000006e26       0x14 /usr/lib/gcc/arm-none-eabi/9.2.1/../../../arm-none-eabi/lib/thumb/v7e-m+fp/hard/libc.a(lib_a-memcpy.o)
 .debug_abbrev  0x0000000000006e3a      0x21c /usr/lib/gcc/arm-none-eabi/9.2.1/../../../arm-none-eabi/lib/thumb/v7e-m+fp/hard/libc.a(lib_a-memmove.o)
 .debug_abbrev  0x0000000000007056      0x217 /usr/lib/gcc/arm-none-eabi/9.2.1/../../../arm-none-eabi/lib/thumb/v7e-m+fp/hard/libc.a(lib_a-memset.o)
 .debug_abbrev  0x000000000000726d      0x203 /usr/lib/gcc/arm-none-eabi/9.2.1/../../../arm-none-eabi/lib/thumb/v7e-m+fp/hard/libc.a(lib_a-mlock.o)
 .debug_abbrev  0x0000000000007470      0x2b2 /usr/lib/gcc/arm-none-eabi/9.2.1/../../../arm-none-eabi/lib/thumb/v7e-m+fp/hard/libc.a(lib_a-printf.o)
 .debug_abbrev  0x0000000000007722      0x2ff /usr/lib/gcc/arm-none-eabi/9.2.1/../../../arm-none-eabi/lib/thumb/v7e-m+fp/hard/libc.a(lib_a-putc.o)
 .debug_abbrev  0x0000000000007a21      0x26b /usr/lib/gcc/arm-none-eabi/9.2.1/../../../arm-none-eabi/lib/thumb/v7e-m+fp/hard/libc.a(lib_a-putchar.o)
 .debug_abbrev  0x0000000000007c8c      0x2c5 /usr/lib/gcc/arm-none-eabi/9.2.1/../../../arm-none-eabi/lib/thumb/v7e-m+fp/hard/libc.a(lib_a-puts.o)
 .debug_abbrev  0x0000000000007f51      0x2a8 /usr/lib/gcc/arm-none-eabi/9.2.1/../../../arm-none-eabi/lib/thumb/v7e-m+fp/hard/libc.a(lib_a-reallocr.o)
 .debug_abbrev  0x00000000000081f9      0x250 /usr/lib/gcc/arm-none-eabi/9.2.1/../../../arm-none-eabi/lib/thumb/v7e-m+fp/hard/libc.a(lib_a-sbrkr.o)
 .debug_abbrev  0x0000000000008449      0x36b /usr/lib/gcc/arm-none-eabi/9.2.1/../../../arm-none-eabi/lib/thumb/v7e-m+fp/hard/libc.a(lib_a-signal.o)
 .debug_abbrev  0x00000000000087b4      0x255 /usr/lib/gcc/arm-none-eabi/9.2.1/../../../arm-none-eabi/lib/thumb/v7e-m+fp/hard/libc.a(lib_a-signalr.o)
 .debug_abbrev  0x0000000000008a09      0x2ad /usr/lib/gcc/arm-none-eabi/9.2.1/../../../arm-none-eabi/lib/thumb/v7e-m+fp/hard/libc.a(lib_a-stdio.o)
 .debug_abbrev  0x0000000000008cb6       0x14 /usr/lib/gcc/arm-none-eabi/9.2.1/../../../arm-none-eabi/lib/thumb/v7e-m+fp/hard/libc.a(lib_a-strcmp.o)
 .debug_abbrev  0x0000000000008cca       0x14 /usr/lib/gcc/arm-none-eabi/9.2.1/../../../arm-none-eabi/lib/thumb/v7e-m+fp/hard/libc.a(lib_a-strlen.o)
 .debug_abbrev  0x0000000000008cde      0x312 /usr/lib/gcc/arm-none-eabi/9.2.1/../../../arm-none-eabi/lib/thumb/v7e-m+fp/hard/libc.a(lib_a-strtol.o)
 .debug_abbrev  0x0000000000008ff0      0x466 /usr/lib/gcc/arm-none-eabi/9.2.1/../../../arm-none-eabi/lib/thumb/v7e-m+fp/hard/libc.a(lib_a-vfprintf.o)
 .debug_abbrev  0x0000000000009456      0x2c3 /usr/lib/gcc/arm-none-eabi/9.2.1/../../../arm-none-eabi/lib/thumb/v7e-m+fp/hard/libc.a(lib_a-wbuf.o)
 .debug_abbrev  0x0000000000009719      0x22a /usr/lib/gcc/arm-none-eabi/9.2.1/../../../arm-none-eabi/lib/thumb/v7e-m+fp/hard/libc.a(lib_a-writer.o)
 .debug_abbrev  0x0000000000009943      0x283 /usr/lib/gcc/arm-none-eabi/9.2.1/../../../arm-none-eabi/lib/thumb/v7e-m+fp/hard/libc.a(lib_a-wsetup.o)
 .debug_abbrev  0x0000000000009bc6      0x225 /usr/lib/gcc/arm-none-eabi/9.2.1/../../../arm-none-eabi/lib/thumb/v7e-m+fp/hard/libc.a(lib_a-closer.o)
 .debug_abbrev  0x0000000000009deb      0x343 /usr/lib/gcc/arm-none-eabi/9.2.1/../../../arm-none-eabi/lib/thumb/v7e-m+fp/hard/libc.a(lib_a-dtoa.o)
 .debug_abbrev  0x000000000000a12e      0x327 /usr/lib/gcc/arm-none-eabi/9.2.1/../../../arm-none-eabi/lib/thumb/v7e-m+fp/hard/libc.a(lib_a-fclose.o)
 .debug_abbrev  0x000000000000a455      0x27d /usr/lib/gcc/arm-none-eabi/9.2.1/../../../arm-none-eabi/lib/thumb/v7e-m+fp/hard/libc.a(lib_a-localeconv.o)
 .debug_abbrev  0x000000000000a6d2      0x239 /usr/lib/gcc/arm-none-eabi/9.2.1/../../../arm-none-eabi/lib/thumb/v7e-m+fp/hard/libc.a(lib_a-lseekr.o)
 .debug_abbrev  0x000000000000a90b      0x334 /usr/lib/gcc/arm-none-eabi/9.2.1/../../../arm-none-eabi/lib/thumb/v7e-m+fp/hard/libc.a(lib_a-makebuf.o)
 .debug_abbrev  0x000000000000ac3f      0x4b7 /usr/lib/gcc/arm-none-eabi/9.2.1/../../../arm-none-eabi/lib/thumb/v7e-m+fp/hard/libc.a(lib_a-mprec.o)
 .debug_abbrev  0x000000000000b0f6      0x225 /usr/lib/gcc/arm-none-eabi/9.2.1/../../../arm-none-eabi/lib/thumb/v7e-m+fp/hard/libc.a(lib_a-readr.o)
 .debug_abbrev  0x000000000000b31b      0x2ba /usr/lib/gcc/arm-none-eabi/9.2.1/../../../arm-none-eabi/lib/thumb/v7e-m+fp/hard/libc.a(lib_a-reent.o)
 .debug_abbrev  0x000000000000b5d5      0x468 /usr/lib/gcc/arm-none-eabi/9.2.1/../../../arm-none-eabi/lib/thumb/v7e-m+fp/hard/libc.a(lib_a-vfiprintf.o)