BL51 BANKED LINKER/LOCATER V5.03                                                        01/06/2020  12:32:25  PAGE 1


BL51 BANKED LINKER/LOCATER V5.03, INVOKED BY:
C:\KEIL\C51\BIN\BL51.EXE .\Output\fw.obj, .\Output\isr.obj, .\Output\Virtual.obj, .\Source\USBJmpTb.OBJ, .\Source\EZUSB.
>> LIB, .\Output\DSCR.obj TO .\Output\VirtualCom PRINT (.\Output\VirtualCom.m51) RAMSIZE (256) CODE (0X80) XDATA (0X1000
>> )


MEMORY MODEL: SMALL


INPUT MODULES INCLUDED:
  .\Output\fw.obj (FW)
  .\Output\isr.obj (ISR)
  .\Output\Virtual.obj (VIRTUAL)
  .\Source\USBJmpTb.OBJ (USBJMPTBL)
  .\Source\EZUSB.LIB (RESUME)
  .\Source\EZUSB.LIB (DISCON)
  .\Source\EZUSB.LIB (EZREGS)
  .\Source\EZUSB.LIB (GET_STRD)
  .\Source\EZUSB.LIB (SUSP)
  .\Source\EZUSB.LIB (DELAY)
  .\Source\EZUSB.LIB (DELAY1MS)
  .\Output\DSCR.obj (DSCR)
  C:\KEIL\C51\LIB\C51S.LIB (?C_STARTUP)
  C:\KEIL\C51\LIB\C51S.LIB (?C?ULCMP)
  C:\KEIL\C51\LIB\C51S.LIB (?C?CCASE)
  C:\KEIL\C51\LIB\C51S.LIB (?C_INIT)


LINK MAP OF MODULE:  .\Output\VirtualCom (FW)


            TYPE    BASE      LENGTH    RELOCATION   SEGMENT NAME
            -----------------------------------------------------

            * * * * * * *   D A T A   M E M O R Y   * * * * * * *
            REG     0000H     0008H     ABSOLUTE     "REG BANK 0"
            DATA    0008H     0014H     UNIT         ?DT?VIRTUAL
                    001CH     0004H                  *** GAP ***
            BIT     0020H.0   0000H.4   UNIT         ?BI?FW
            BIT     0020H.4   0000H.1   UNIT         _BIT_GROUP_
                    0020H.5   0000H.3                *** GAP ***
            DATA    0021H     0012H     UNIT         _DATA_GROUP_
            DATA    0033H     0011H     UNIT         ?DT?FW
            DATA    0044H     0006H     UNIT         ?DT?ISR
            IDATA   004AH     0001H     UNIT         ?STACK

            * * * * * * *  X D A T A   M E M O R Y  * * * * * * *
                    0000H     1000H                  *** GAP ***
            XDATA   1000H     0007H     UNIT         ?XD?FW
                    1007H     6FF9H                  *** GAP ***
            XDATA   8000H     0001H     ABSOLUTE     
                    8001H     00FFH                  *** GAP ***
            XDATA   8100H     0001H     ABSOLUTE     
                    8101H     00FFH                  *** GAP ***
            XDATA   8200H     0001H     ABSOLUTE     
                    8201H     05FFH                  *** GAP ***
            XDATA   8800H     0001H     ABSOLUTE     
                    8801H     07FFH                  *** GAP ***
BL51 BANKED LINKER/LOCATER V5.03                                                      01/06/2020  12:32:25  PAGE 2


            XDATA   9000H     0001H     ABSOLUTE     
                    9001H     00FFH                  *** GAP ***
            XDATA   9100H     0001H     ABSOLUTE     
                    9101H     06FFH                  *** GAP ***
            XDATA   9800H     0001H     ABSOLUTE     
                    9801H     00FFH                  *** GAP ***
            XDATA   9900H     0001H     ABSOLUTE     
                    9901H     16FFH                  *** GAP ***
            XDATA   B000H     0001H     ABSOLUTE     
                    B001H     00FFH                  *** GAP ***
            XDATA   B100H     0001H     ABSOLUTE     
                    B101H     06FFH                  *** GAP ***
            XDATA   B800H     0001H     ABSOLUTE     
                    B801H     00FFH                  *** GAP ***
            XDATA   B900H     0001H     ABSOLUTE     
                    B901H     2AFFH                  *** GAP ***
            XDATA   E400H     0001H     ABSOLUTE     
                    E401H     007FH                  *** GAP ***
            XDATA   E480H     0001H     ABSOLUTE     
                    E481H     008CH                  *** GAP ***
            XDATA   E50DH     0001H     ABSOLUTE     
                    E50EH     00F2H                  *** GAP ***
            XDATA   E600H     0001H     ABSOLUTE     
            XDATA   E601H     0001H     ABSOLUTE     
            XDATA   E602H     0001H     ABSOLUTE     
            XDATA   E603H     0001H     ABSOLUTE     
            XDATA   E604H     0001H     ABSOLUTE     
            XDATA   E605H     0001H     ABSOLUTE     
            XDATA   E606H     0001H     ABSOLUTE     
            XDATA   E607H     0001H     ABSOLUTE     
            XDATA   E608H     0001H     ABSOLUTE     
            XDATA   E609H     0001H     ABSOLUTE     
            XDATA   E60AH     0001H     ABSOLUTE     
            XDATA   E60BH     0001H     ABSOLUTE     
            XDATA   E60CH     0001H     ABSOLUTE     
                    E60DH     0003H                  *** GAP ***
            XDATA   E610H     0001H     ABSOLUTE     
            XDATA   E611H     0001H     ABSOLUTE     
            XDATA   E612H     0001H     ABSOLUTE     
            XDATA   E613H     0001H     ABSOLUTE     
            XDATA   E614H     0001H     ABSOLUTE     
            XDATA   E615H     0001H     ABSOLUTE     
                    E616H     0002H                  *** GAP ***
            XDATA   E618H     0001H     ABSOLUTE     
            XDATA   E619H     0001H     ABSOLUTE     
            XDATA   E61AH     0001H     ABSOLUTE     
            XDATA   E61BH     0001H     ABSOLUTE     
                    E61CH     0004H                  *** GAP ***
            XDATA   E620H     0001H     ABSOLUTE     
            XDATA   E621H     0001H     ABSOLUTE     
            XDATA   E622H     0001H     ABSOLUTE     
            XDATA   E623H     0001H     ABSOLUTE     
            XDATA   E624H     0001H     ABSOLUTE     
            XDATA   E625H     0001H     ABSOLUTE     
            XDATA   E626H     0001H     ABSOLUTE     
            XDATA   E627H     0001H     ABSOLUTE     
            XDATA   E628H     0001H     ABSOLUTE     
BL51 BANKED LINKER/LOCATER V5.03                                                      01/06/2020  12:32:25  PAGE 3


            XDATA   E629H     0001H     ABSOLUTE     
            XDATA   E62AH     0001H     ABSOLUTE     
            XDATA   E62BH     0001H     ABSOLUTE     
            XDATA   E62CH     0001H     ABSOLUTE     
            XDATA   E62DH     0001H     ABSOLUTE     
            XDATA   E62EH     0001H     ABSOLUTE     
            XDATA   E62FH     0001H     ABSOLUTE     
            XDATA   E630H     0001H     ABSOLUTE     
            XDATA   E631H     0001H     ABSOLUTE     
            XDATA   E632H     0001H     ABSOLUTE     
            XDATA   E633H     0001H     ABSOLUTE     
            XDATA   E634H     0001H     ABSOLUTE     
            XDATA   E635H     0001H     ABSOLUTE     
            XDATA   E636H     0001H     ABSOLUTE     
            XDATA   E637H     0001H     ABSOLUTE     
                    E638H     0008H                  *** GAP ***
            XDATA   E640H     0001H     ABSOLUTE     
            XDATA   E641H     0001H     ABSOLUTE     
            XDATA   E642H     0001H     ABSOLUTE     
            XDATA   E643H     0001H     ABSOLUTE     
                    E644H     0004H                  *** GAP ***
            XDATA   E648H     0001H     ABSOLUTE     
            XDATA   E649H     0001H     ABSOLUTE     
                    E64AH     0006H                  *** GAP ***
            XDATA   E650H     0001H     ABSOLUTE     
            XDATA   E651H     0001H     ABSOLUTE     
            XDATA   E652H     0001H     ABSOLUTE     
            XDATA   E653H     0001H     ABSOLUTE     
            XDATA   E654H     0001H     ABSOLUTE     
            XDATA   E655H     0001H     ABSOLUTE     
            XDATA   E656H     0001H     ABSOLUTE     
            XDATA   E657H     0001H     ABSOLUTE     
            XDATA   E658H     0001H     ABSOLUTE     
            XDATA   E659H     0001H     ABSOLUTE     
            XDATA   E65AH     0001H     ABSOLUTE     
            XDATA   E65BH     0001H     ABSOLUTE     
            XDATA   E65CH     0001H     ABSOLUTE     
            XDATA   E65DH     0001H     ABSOLUTE     
            XDATA   E65EH     0001H     ABSOLUTE     
            XDATA   E65FH     0001H     ABSOLUTE     
            XDATA   E660H     0001H     ABSOLUTE     
            XDATA   E661H     0001H     ABSOLUTE     
            XDATA   E662H     0001H     ABSOLUTE     
            XDATA   E663H     0001H     ABSOLUTE     
            XDATA   E664H     0001H     ABSOLUTE     
            XDATA   E665H     0001H     ABSOLUTE     
            XDATA   E666H     0001H     ABSOLUTE     
            XDATA   E667H     0001H     ABSOLUTE     
            XDATA   E668H     0001H     ABSOLUTE     
                    E669H     0007H                  *** GAP ***
            XDATA   E670H     0001H     ABSOLUTE     
            XDATA   E671H     0001H     ABSOLUTE     
            XDATA   E672H     0001H     ABSOLUTE     
                    E673H     0005H                  *** GAP ***
            XDATA   E678H     0001H     ABSOLUTE     
            XDATA   E679H     0001H     ABSOLUTE     
            XDATA   E67AH     0001H     ABSOLUTE     
BL51 BANKED LINKER/LOCATER V5.03                                                      01/06/2020  12:32:25  PAGE 4


            XDATA   E67BH     0001H     ABSOLUTE     
            XDATA   E67CH     0001H     ABSOLUTE     
            XDATA   E67DH     0001H     ABSOLUTE     
            XDATA   E67EH     0001H     ABSOLUTE     
            XDATA   E67FH     0001H     ABSOLUTE     
            XDATA   E680H     0001H     ABSOLUTE     
            XDATA   E681H     0001H     ABSOLUTE     
            XDATA   E682H     0001H     ABSOLUTE     
            XDATA   E683H     0001H     ABSOLUTE     
            XDATA   E684H     0001H     ABSOLUTE     
            XDATA   E685H     0001H     ABSOLUTE     
            XDATA   E686H     0001H     ABSOLUTE     
            XDATA   E687H     0001H     ABSOLUTE     
                    E688H     0002H                  *** GAP ***
            XDATA   E68AH     0001H     ABSOLUTE     
            XDATA   E68BH     0001H     ABSOLUTE     
                    E68CH     0001H                  *** GAP ***
            XDATA   E68DH     0001H     ABSOLUTE     
                    E68EH     0001H                  *** GAP ***
            XDATA   E68FH     0001H     ABSOLUTE     
            XDATA   E690H     0001H     ABSOLUTE     
            XDATA   E691H     0001H     ABSOLUTE     
                    E692H     0002H                  *** GAP ***
            XDATA   E694H     0001H     ABSOLUTE     
            XDATA   E695H     0001H     ABSOLUTE     
                    E696H     0002H                  *** GAP ***
            XDATA   E698H     0001H     ABSOLUTE     
            XDATA   E699H     0001H     ABSOLUTE     
                    E69AH     0002H                  *** GAP ***
            XDATA   E69CH     0001H     ABSOLUTE     
            XDATA   E69DH     0001H     ABSOLUTE     
                    E69EH     0002H                  *** GAP ***
            XDATA   E6A0H     0001H     ABSOLUTE     
            XDATA   E6A1H     0001H     ABSOLUTE     
            XDATA   E6A2H     0001H     ABSOLUTE     
            XDATA   E6A3H     0001H     ABSOLUTE     
            XDATA   E6A4H     0001H     ABSOLUTE     
            XDATA   E6A5H     0001H     ABSOLUTE     
            XDATA   E6A6H     0001H     ABSOLUTE     
            XDATA   E6A7H     0001H     ABSOLUTE     
            XDATA   E6A8H     0001H     ABSOLUTE     
            XDATA   E6A9H     0001H     ABSOLUTE     
            XDATA   E6AAH     0001H     ABSOLUTE     
            XDATA   E6ABH     0001H     ABSOLUTE     
            XDATA   E6ACH     0001H     ABSOLUTE     
            XDATA   E6ADH     0001H     ABSOLUTE     
            XDATA   E6AEH     0001H     ABSOLUTE     
            XDATA   E6AFH     0001H     ABSOLUTE     
            XDATA   E6B0H     0001H     ABSOLUTE     
            XDATA   E6B1H     0001H     ABSOLUTE     
            XDATA   E6B2H     0001H     ABSOLUTE     
            XDATA   E6B3H     0001H     ABSOLUTE     
            XDATA   E6B4H     0001H     ABSOLUTE     
            XDATA   E6B5H     0001H     ABSOLUTE     
                    E6B6H     0002H                  *** GAP ***
            XDATA   E6B8H     0008H     ABSOLUTE     
            XDATA   E6C0H     0001H     ABSOLUTE     
BL51 BANKED LINKER/LOCATER V5.03                                                      01/06/2020  12:32:25  PAGE 5


            XDATA   E6C1H     0001H     ABSOLUTE     
            XDATA   E6C2H     0001H     ABSOLUTE     
            XDATA   E6C3H     0001H     ABSOLUTE     
            XDATA   E6C4H     0001H     ABSOLUTE     
            XDATA   E6C5H     0001H     ABSOLUTE     
            XDATA   E6C6H     0001H     ABSOLUTE     
            XDATA   E6C7H     0001H     ABSOLUTE     
            XDATA   E6C8H     0001H     ABSOLUTE     
            XDATA   E6C9H     0001H     ABSOLUTE     
            XDATA   E6CAH     0001H     ABSOLUTE     
            XDATA   E6CBH     0001H     ABSOLUTE     
            XDATA   E6CCH     0001H     ABSOLUTE     
            XDATA   E6CDH     0001H     ABSOLUTE     
            XDATA   E6CEH     0001H     ABSOLUTE     
            XDATA   E6CFH     0001H     ABSOLUTE     
            XDATA   E6D0H     0001H     ABSOLUTE     
            XDATA   E6D1H     0001H     ABSOLUTE     
            XDATA   E6D2H     0001H     ABSOLUTE     
            XDATA   E6D3H     0001H     ABSOLUTE     
            XDATA   E6D4H     0001H     ABSOLUTE     
                    E6D5H     0005H                  *** GAP ***
            XDATA   E6DAH     0001H     ABSOLUTE     
            XDATA   E6DBH     0001H     ABSOLUTE     
            XDATA   E6DCH     0001H     ABSOLUTE     
                    E6DDH     0005H                  *** GAP ***
            XDATA   E6E2H     0001H     ABSOLUTE     
            XDATA   E6E3H     0001H     ABSOLUTE     
            XDATA   E6E4H     0001H     ABSOLUTE     
                    E6E5H     0005H                  *** GAP ***
            XDATA   E6EAH     0001H     ABSOLUTE     
            XDATA   E6EBH     0001H     ABSOLUTE     
            XDATA   E6ECH     0001H     ABSOLUTE     
                    E6EDH     0003H                  *** GAP ***
            XDATA   E6F0H     0001H     ABSOLUTE     
            XDATA   E6F1H     0001H     ABSOLUTE     
            XDATA   E6F2H     0001H     ABSOLUTE     
            XDATA   E6F3H     0001H     ABSOLUTE     
            XDATA   E6F4H     0001H     ABSOLUTE     
            XDATA   E6F5H     0001H     ABSOLUTE     
                    E6F6H     0002H                  *** GAP ***
            XDATA   E6F8H     0001H     ABSOLUTE     
            XDATA   E6F9H     0001H     ABSOLUTE     
            XDATA   E6FAH     0001H     ABSOLUTE     
            XDATA   E6FBH     0001H     ABSOLUTE     
            XDATA   E6FCH     0001H     ABSOLUTE     
            XDATA   E6FDH     0001H     ABSOLUTE     
            XDATA   E6FEH     0001H     ABSOLUTE     
                    E6FFH     0041H                  *** GAP ***
            XDATA   E740H     0040H     ABSOLUTE     
            XDATA   E780H     0040H     ABSOLUTE     
            XDATA   E7C0H     0040H     ABSOLUTE     
                    E800H     0800H                  *** GAP ***
            XDATA   F000H     0400H     ABSOLUTE     
            XDATA   F400H     0400H     ABSOLUTE     
            XDATA   F800H     0400H     ABSOLUTE     
            XDATA   FC00H     0400H     ABSOLUTE     

BL51 BANKED LINKER/LOCATER V5.03                                                      01/06/2020  12:32:25  PAGE 6


            * * * * * * *   C O D E   M E M O R Y   * * * * * * *
            CODE    0000H     0003H     ABSOLUTE     
                    0003H     0020H                  *** GAP ***
            CODE    0023H     0003H     ABSOLUTE     
                    0026H     000DH                  *** GAP ***
            CODE    0033H     0003H     ABSOLUTE     
                    0036H     0005H                  *** GAP ***
            CODE    003BH     0003H     ABSOLUTE     
                    003EH     0005H                  *** GAP ***
            CODE    0043H     0003H     ABSOLUTE     
                    0046H     000DH                  *** GAP ***
            CODE    0053H     0003H     ABSOLUTE     
                    0056H     002AH                  *** GAP ***
            CODE    0080H     020DH     UNIT         ?PR?SETUPCOMMAND?FW
            CODE    028DH     01C3H     UNIT         ?PR?MAIN?FW
            CODE    0450H     009CH     UNIT         ?PR?SERIAL0INIT?VIRTUAL
            CODE    04ECH     0012H     UNIT         ?PR?DR_GETCONFIGURATION?VIRTUAL
            CODE    04FEH     0002H     UNIT         ?PR?TD_SUSPEND?VIRTUAL
            CODE    0500H     0188H     PAGE         DSCR
            CODE    0688H     00E1H     UNIT         ?PR?TD_INIT?VIRTUAL
            CODE    0769H     008CH     UNIT         ?C_C51STARTUP
            CODE    07F5H     000BH     UNIT         ?C_INITSEG
            CODE    0800H     00B8H     PAGE         ?PR?USB_JUMP_TABLE?USBJT
            CODE    08B8H     0075H     UNIT         ?PR?ISR_USART?ISR
            CODE    092DH     0075H     UNIT         ?PR?ISR_USART1?ISR
            CODE    09A2H     0061H     UNIT         ?PR?TD_POLL?VIRTUAL
            CODE    0A03H     005FH     UNIT         ?PR?ISR_EP4INOUT?VIRTUAL
            CODE    0A62H     0053H     UNIT         ?PR?TRANSMIT_1?VIRTUAL
            CODE    0AB5H     004BH     UNIT         ?PR?TRANSMIT?VIRTUAL
            CODE    0B00H     0046H     UNIT         ?PR?_EZUSB_DELAY?DELAY
            CODE    0B46H     0042H     UNIT         ?PR?ISR_EP1OUT?VIRTUAL
            CODE    0B88H     0037H     UNIT         ?PR?ISR_URES?VIRTUAL
            CODE    0BBFH     0037H     UNIT         ?PR?ISR_HIGHSPEED?VIRTUAL
            CODE    0BF6H     0037H     UNIT         ?C?LIB_CODE
            CODE    0C2DH     002FH     UNIT         ?PR?EZUSB_DISCON?DISCON
            CODE    0C5CH     002CH     UNIT         ?PR?EZUSB_RESUME?RESUME
            CODE    0C88H     002BH     UNIT         ?PR?_EZUSB_GETSTRINGDSCR?GET_STRD
            CODE    0CB3H     0025H     UNIT         EZUSB
            CODE    0CD8H     0018H     UNIT         ?PR?ISR_SUDAV?VIRTUAL
            CODE    0CF0H     0018H     UNIT         ?PR?ISR_SUSP?VIRTUAL
            CODE    0D08H     0016H     UNIT         ?PR?ISR_SUTOK?VIRTUAL
            CODE    0D1EH     0016H     UNIT         ?PR?ISR_SOF?VIRTUAL
            CODE    0D34H     0012H     UNIT         ?PR?DR_GETINTERFACE?VIRTUAL
            CODE    0D46H     000DH     UNIT         ?PR?SERIALINIT?VIRTUAL
            CODE    0D53H     0008H     UNIT         ?PR?DR_SETCONFIGURATION?VIRTUAL
            CODE    0D5BH     0008H     UNIT         ?PR?DR_SETINTERFACE?VIRTUAL
            CODE    0D63H     0004H     UNIT         ?PR?RESUME_ISR?FW
            CODE    0D67H     0002H     UNIT         ?PR?TD_RESUME?VIRTUAL
            CODE    0D69H     0002H     UNIT         ?PR?DR_GETDESCRIPTOR?VIRTUAL
            CODE    0D6BH     0002H     UNIT         ?PR?DR_GETSTATUS?VIRTUAL
            CODE    0D6DH     0002H     UNIT         ?PR?DR_CLEARFEATURE?VIRTUAL
            CODE    0D6FH     0002H     UNIT         ?PR?DR_SETFEATURE?VIRTUAL
            CODE    0D71H     0002H     UNIT         ?PR?DR_VENDORCMND?VIRTUAL
            CODE    0D73H     0001H     UNIT         ?PR?ISR_EP0ACK?VIRTUAL
            CODE    0D74H     0001H     UNIT         ?PR?ISR_STUB?VIRTUAL
            CODE    0D75H     0001H     UNIT         ?PR?ISR_EP0IN?VIRTUAL
            CODE    0D76H     0001H     UNIT         ?PR?ISR_EP0OUT?VIRTUAL
BL51 BANKED LINKER/LOCATER V5.03                                                      01/06/2020  12:32:25  PAGE 7


            CODE    0D77H     0001H     UNIT         ?PR?ISR_EP1IN?VIRTUAL
            CODE    0D78H     0001H     UNIT         ?PR?ISR_EP2INOUT?VIRTUAL
            CODE    0D79H     0001H     UNIT         ?PR?ISR_EP6INOUT?VIRTUAL
            CODE    0D7AH     0001H     UNIT         ?PR?ISR_EP8INOUT?VIRTUAL
            CODE    0D7BH     0001H     UNIT         ?PR?ISR_IBN?VIRTUAL
            CODE    0D7CH     0001H     UNIT         ?PR?ISR_EP0PINGNAK?VIRTUAL
            CODE    0D7DH     0001H     UNIT         ?PR?ISR_EP1PINGNAK?VIRTUAL
            CODE    0D7EH     0001H     UNIT         ?PR?ISR_EP2PINGNAK?VIRTUAL
            CODE    0D7FH     0001H     UNIT         ?PR?ISR_EP4PINGNAK?VIRTUAL
            CODE    0D80H     0001H     UNIT         ?PR?ISR_EP6PINGNAK?VIRTUAL
            CODE    0D81H     0001H     UNIT         ?PR?ISR_EP8PINGNAK?VIRTUAL
            CODE    0D82H     0001H     UNIT         ?PR?ISR_ERRORLIMIT?VIRTUAL
            CODE    0D83H     0001H     UNIT         ?PR?ISR_EP2PIDERROR?VIRTUAL
            CODE    0D84H     0001H     UNIT         ?PR?ISR_EP4PIDERROR?VIRTUAL
            CODE    0D85H     0001H     UNIT         ?PR?ISR_EP6PIDERROR?VIRTUAL
            CODE    0D86H     0001H     UNIT         ?PR?ISR_EP8PIDERROR?VIRTUAL
            CODE    0D87H     0001H     UNIT         ?PR?ISR_EP2PFLAG?VIRTUAL
            CODE    0D88H     0001H     UNIT         ?PR?ISR_EP4PFLAG?VIRTUAL
            CODE    0D89H     0001H     UNIT         ?PR?ISR_EP6PFLAG?VIRTUAL
            CODE    0D8AH     0001H     UNIT         ?PR?ISR_EP8PFLAG?VIRTUAL
            CODE    0D8BH     0001H     UNIT         ?PR?ISR_EP2EFLAG?VIRTUAL
            CODE    0D8CH     0001H     UNIT         ?PR?ISR_EP4EFLAG?VIRTUAL
            CODE    0D8DH     0001H     UNIT         ?PR?ISR_EP6EFLAG?VIRTUAL
            CODE    0D8EH     0001H     UNIT         ?PR?ISR_EP8EFLAG?VIRTUAL
            CODE    0D8FH     0001H     UNIT         ?PR?ISR_EP2FFLAG?VIRTUAL
            CODE    0D90H     0001H     UNIT         ?PR?ISR_EP4FFLAG?VIRTUAL
            CODE    0D91H     0001H     UNIT         ?PR?ISR_EP6FFLAG?VIRTUAL
            CODE    0D92H     0001H     UNIT         ?PR?ISR_EP8FFLAG?VIRTUAL
            CODE    0D93H     0001H     UNIT         ?PR?ISR_GPIFCOMPLETE?VIRTUAL
            CODE    0D94H     0001H     UNIT         ?PR?ISR_GPIFWAVEFORM?VIRTUAL



OVERLAY MAP OF MODULE:   .\Output\VirtualCom (FW)


SEGMENT                                      BIT_GROUP          DATA_GROUP 
  +--> CALLED SEGMENT                     START    LENGTH     START    LENGTH
-----------------------------------------------------------------------------
?PR?ISR_USART?ISR                         -----    -----      -----    -----
  +--> ?PR?TRANSMIT?VIRTUAL

*** NEW ROOT ***************************************************

?PR?ISR_USART1?ISR                        -----    -----      -----    -----
  +--> ?PR?TRANSMIT_1?VIRTUAL

*** NEW ROOT ***************************************************

?PR?USB_JUMP_TABLE?USBJT                  -----    -----      -----    -----
  +--> ?PR?ISR_SUDAV?VIRTUAL
  +--> ?PR?ISR_SOF?VIRTUAL
  +--> ?PR?ISR_SUTOK?VIRTUAL
  +--> ?PR?ISR_SUSP?VIRTUAL
  +--> ?PR?ISR_URES?VIRTUAL
  +--> ?PR?ISR_HIGHSPEED?VIRTUAL
  +--> ?PR?ISR_EP0ACK?VIRTUAL
BL51 BANKED LINKER/LOCATER V5.03                                                      01/06/2020  12:32:25  PAGE 8


  +--> ?PR?ISR_STUB?VIRTUAL
  +--> ?PR?ISR_EP0IN?VIRTUAL
  +--> ?PR?ISR_EP0OUT?VIRTUAL
  +--> ?PR?ISR_EP1IN?VIRTUAL
  +--> ?PR?ISR_EP1OUT?VIRTUAL
  +--> ?PR?ISR_EP2INOUT?VIRTUAL
  +--> ?PR?ISR_EP4INOUT?VIRTUAL
  +--> ?PR?ISR_EP6INOUT?VIRTUAL
  +--> ?PR?ISR_EP8INOUT?VIRTUAL
  +--> ?PR?ISR_IBN?VIRTUAL
  +--> ?PR?ISR_EP0PINGNAK?VIRTUAL
  +--> ?PR?ISR_EP1PINGNAK?VIRTUAL
  +--> ?PR?ISR_EP2PINGNAK?VIRTUAL
  +--> ?PR?ISR_EP4PINGNAK?VIRTUAL
  +--> ?PR?ISR_EP6PINGNAK?VIRTUAL
  +--> ?PR?ISR_EP8PINGNAK?VIRTUAL
  +--> ?PR?ISR_ERRORLIMIT?VIRTUAL
  +--> ?PR?ISR_EP2PIDERROR?VIRTUAL
  +--> ?PR?ISR_EP4PIDERROR?VIRTUAL
  +--> ?PR?ISR_EP6PIDERROR?VIRTUAL
  +--> ?PR?ISR_EP8PIDERROR?VIRTUAL
  +--> ?PR?ISR_EP2PFLAG?VIRTUAL
  +--> ?PR?ISR_EP4PFLAG?VIRTUAL
  +--> ?PR?ISR_EP6PFLAG?VIRTUAL
  +--> ?PR?ISR_EP8PFLAG?VIRTUAL
  +--> ?PR?ISR_EP2EFLAG?VIRTUAL
  +--> ?PR?ISR_EP4EFLAG?VIRTUAL
  +--> ?PR?ISR_EP6EFLAG?VIRTUAL
  +--> ?PR?ISR_EP8EFLAG?VIRTUAL
  +--> ?PR?ISR_EP2FFLAG?VIRTUAL
  +--> ?PR?ISR_EP4FFLAG?VIRTUAL
  +--> ?PR?ISR_EP6FFLAG?VIRTUAL
  +--> ?PR?ISR_EP8FFLAG?VIRTUAL
  +--> ?PR?ISR_GPIFCOMPLETE?VIRTUAL
  +--> ?PR?ISR_GPIFWAVEFORM?VIRTUAL

*** NEW ROOT ***************************************************

?C_C51STARTUP                             -----    -----      -----    -----
  +--> ?PR?MAIN?FW
  +--> ?C_INITSEG

?PR?MAIN?FW                               -----    -----      0021H    0010H
  +--> ?PR?TD_INIT?VIRTUAL
  +--> ?PR?EZUSB_DISCON?DISCON
  +--> ?PR?SETUPCOMMAND?FW
  +--> ?PR?TD_SUSPEND?VIRTUAL
  +--> ?PR?EZUSB_RESUME?RESUME
  +--> ?PR?TD_RESUME?VIRTUAL
  +--> ?PR?TD_POLL?VIRTUAL

?PR?TD_INIT?VIRTUAL                       -----    -----      -----    -----
  +--> ?PR?SERIALINIT?VIRTUAL

?PR?EZUSB_DISCON?DISCON                   0020H.4  0000H.1    -----    -----
  +--> ?PR?_EZUSB_DELAY?DELAY

BL51 BANKED LINKER/LOCATER V5.03                                                      01/06/2020  12:32:25  PAGE 9


?PR?_EZUSB_DELAY?DELAY                    -----    -----      0031H    0002H

?PR?SETUPCOMMAND?FW                       -----    -----      -----    -----
  +--> ?PR?SERIAL0INIT?VIRTUAL
  +--> ?PR?DR_GETDESCRIPTOR?VIRTUAL
  +--> ?PR?_EZUSB_GETSTRINGDSCR?GET_STRD
  +--> ?PR?DR_GETINTERFACE?VIRTUAL
  +--> ?PR?DR_SETINTERFACE?VIRTUAL
  +--> ?PR?DR_SETCONFIGURATION?VIRTUAL
  +--> ?PR?DR_GETCONFIGURATION?VIRTUAL
  +--> ?PR?DR_GETSTATUS?VIRTUAL
  +--> ?PR?DR_CLEARFEATURE?VIRTUAL
  +--> ?PR?DR_SETFEATURE?VIRTUAL
  +--> ?PR?DR_VENDORCMND?VIRTUAL

?PR?EZUSB_RESUME?RESUME                   -----    -----      -----    -----
  +--> ?PR?_EZUSB_DELAY?DELAY



SYMBOL TABLE OF MODULE:  .\Output\VirtualCom (FW)

  VALUE           TYPE          NAME
  ----------------------------------

  -------         MODULE        FW
  C:0000H         SYMBOL        _ICE_DUMMY_
  B:00A8H.7       PUBLIC        EA
  X:1000H         PUBLIC        LineCode
  B:0020H.0       PUBLIC        Rwuen
  B:0020H.1       PUBLIC        GotSUD
  D:0033H         PUBLIC        Len
  C:028DH         PUBLIC        main
  B:00E8H.0       PUBLIC        EUSB
  C:0D63H         PUBLIC        resume_isr
  D:0034H         PUBLIC        pHighSpeedConfigDscr
  D:0036H         PUBLIC        pDeviceDscr
  C:0080H         PUBLIC        SetupCommand
  D:0038H         PUBLIC        pConfigDscr
  D:003AH         PUBLIC        pOtherConfigDscr
  D:003CH         PUBLIC        pFullSpeedConfigDscr
  B:0020H.2       PUBLIC        Selfpwr
  D:003EH         PUBLIC        i
  D:0040H         PUBLIC        pDeviceQualDscr
  D:00D8H         PUBLIC        EICON
  D:008EH         PUBLIC        CKCON
  D:0042H         PUBLIC        pStringDscr
  B:0020H.3       PUBLIC        Sleep
  -------         PROC          MAIN
  -------         DO            
  D:0021H         SYMBOL        i
  D:0006H         SYMBOL        offset
  D:0025H         SYMBOL        DevDescrLen
  D:0029H         SYMBOL        j
  D:002DH         SYMBOL        IntDescrAddr
  D:002FH         SYMBOL        ExtDescrAddr
  -------         ENDDO         
BL51 BANKED LINKER/LOCATER V5.03                                                      01/06/2020  12:32:25  PAGE 10


  C:028DH         LINE#         72
  C:028DH         LINE#         73
  C:028DH         LINE#         78
  C:0296H         LINE#         83
  C:0298H         LINE#         84
  C:029AH         LINE#         85
  C:029CH         LINE#         86
  C:029EH         LINE#         89
  C:02A1H         LINE#         97
  C:02A9H         LINE#         98
  C:02AFH         LINE#         99
  C:02B5H         LINE#         100
  C:02BBH         LINE#         101
  C:02C1H         LINE#         103
  C:02C8H         LINE#         104
  C:02C8H         LINE#         105
  C:02CEH         LINE#         106
  C:02D4H         LINE#         107
  C:02D6H         LINE#         109
  C:02D6H         LINE#         110
  C:02DCH         LINE#         111
  C:02E2H         LINE#         112
  C:02E2H         LINE#         114
  C:02EAH         LINE#         115
  C:02EAH         LINE#         116
  C:02F0H         LINE#         117
  C:02F8H         LINE#         118
  C:0310H         LINE#         119
  C:032EH         LINE#         120
  C:0354H         LINE#         121
  C:0373H         LINE#         122
  C:03A6H         LINE#         123
  C:03ACH         LINE#         124
  C:03B6H         LINE#         125
  C:03C1H         LINE#         126
  C:03CCH         LINE#         127
  C:03D7H         LINE#         128
  C:03E2H         LINE#         129
  C:03EDH         LINE#         130
  C:03F8H         LINE#         131
  C:03F8H         LINE#         133
  C:03FAH         LINE#         134
  C:03FDH         LINE#         136
  C:0404H         LINE#         138
  C:040BH         LINE#         139
  C:040DH         LINE#         143
  C:0412H         LINE#         146
  C:0415H         LINE#         149
  C:0417H         LINE#         152
  C:0417H         LINE#         153
  C:0417H         LINE#         154
  C:041AH         LINE#         155
  C:041AH         LINE#         156
  C:041DH         LINE#         157
  C:041FH         LINE#         158
  C:041FH         LINE#         165
  C:0422H         LINE#         166
BL51 BANKED LINKER/LOCATER V5.03                                                      01/06/2020  12:32:25  PAGE 11


  C:0422H         LINE#         167
  C:0427H         LINE#         168
  C:0427H         LINE#         169
  C:0429H         LINE#         171
  C:0429H         LINE#         172
  C:042CH         LINE#         173
  C:042CH         LINE#         174
  C:0445H         LINE#         179
  C:0448H         LINE#         180
  C:044BH         LINE#         181
  C:044BH         LINE#         182
  C:044BH         LINE#         183
  C:044EH         LINE#         184
  -------         ENDPROC       MAIN
  -------         PROC          SETUPCOMMAND
  -------         DO            
  D:0001H         SYMBOL        dscr_ptr
  -------         ENDDO         
  C:0080H         LINE#         188
  C:0080H         LINE#         189
  C:0080H         LINE#         192
  C:00ACH         LINE#         193
  C:00ACH         LINE#         196
  C:00ACH         LINE#         198
  C:00AFH         LINE#         199
  C:00B1H         LINE#         200
  C:00B7H         LINE#         201
  C:00BCH         LINE#         202
  C:00C0H         LINE#         203
  C:00C2H         LINE#         205
  C:00C9H         LINE#         206
  C:00CCH         LINE#         207
  C:00DEH         LINE#         208
  C:0102H         LINE#         209
  C:0105H         LINE#         210
  C:0108H         LINE#         213
  C:0108H         LINE#         215
  C:010EH         LINE#         216
  C:0111H         LINE#         217
  C:0123H         LINE#         218
  C:0147H         LINE#         220
  C:014CH         LINE#         221
  C:014FH         LINE#         222
  C:0155H         LINE#         223
  C:0158H         LINE#         224
  C:015FH         LINE#         225
  C:0164H         LINE#         226
  C:0167H         LINE#         228
  C:0167H         LINE#         229
  C:0167H         LINE#         232
  C:0167H         LINE#         234
  C:016DH         LINE#         235
  C:0175H         LINE#         236
  C:018BH         LINE#         237
  C:018BH         LINE#         238
  C:018BH         LINE#         239
  C:0191H         LINE#         240
BL51 BANKED LINKER/LOCATER V5.03                                                      01/06/2020  12:32:25  PAGE 12


  C:0193H         LINE#         241
  C:0195H         LINE#         242
  C:0195H         LINE#         243
  C:019BH         LINE#         244
  C:019DH         LINE#         245
  C:019FH         LINE#         246
  C:019FH         LINE#         247
  C:01A5H         LINE#         248
  C:01A7H         LINE#         249
  C:01A9H         LINE#         250
  C:01A9H         LINE#         252
  C:01AFH         LINE#         253
  C:01B1H         LINE#         254
  C:01B3H         LINE#         255
  C:01B3H         LINE#         256
  C:01C6H         LINE#         257
  C:01C6H         LINE#         258
  C:01CBH         LINE#         259
  C:01D0H         LINE#         260
  C:01D3H         LINE#         264
  C:01D3H         LINE#         265
  C:01D3H         LINE#         266
  C:01D3H         LINE#         267
  C:01D6H         LINE#         268
  C:01D6H         LINE#         269
  C:01D9H         LINE#         270
  C:01DCH         LINE#         271
  C:01DCH         LINE#         272
  C:01DFH         LINE#         273
  C:01E2H         LINE#         274
  C:01E2H         LINE#         275
  C:01E5H         LINE#         276
  C:01E8H         LINE#         277
  C:01E8H         LINE#         278
  C:01EBH         LINE#         279
  C:01EEH         LINE#         280
  C:01EEH         LINE#         281
  C:01F6H         LINE#         282
  C:0205H         LINE#         283
  C:0205H         LINE#         284
  C:0205H         LINE#         285
  C:0215H         LINE#         286
  C:0216H         LINE#         287
  C:0216H         LINE#         288
  C:0216H         LINE#         289
  C:0218H         LINE#         290
  C:0218H         LINE#         291
  C:021DH         LINE#         292
  C:021EH         LINE#         293
  C:021EH         LINE#         294
  C:021EH         LINE#         295
  C:0220H         LINE#         296
  C:0220H         LINE#         299
  C:0225H         LINE#         300
  C:0229H         LINE#         301
  C:022FH         LINE#         302
  C:0231H         LINE#         303
BL51 BANKED LINKER/LOCATER V5.03                                                      01/06/2020  12:32:25  PAGE 13


  C:0231H         LINE#         304
  C:0231H         LINE#         305
  C:0231H         LINE#         306
  C:0233H         LINE#         307
  C:0233H         LINE#         308
  C:0238H         LINE#         309
  C:0244H         LINE#         310
  C:0244H         LINE#         311
  C:0244H         LINE#         312
  C:024BH         LINE#         313
  C:024FH         LINE#         315
  C:024FH         LINE#         316
  C:0251H         LINE#         317
  C:0251H         LINE#         318
  C:0257H         LINE#         319
  C:0257H         LINE#         322
  C:0257H         LINE#         324
  C:0257H         LINE#         325
  C:0259H         LINE#         326
  C:0259H         LINE#         327
  C:0259H         LINE#         328
  C:0259H         LINE#         329
  C:025EH         LINE#         330
  C:026AH         LINE#         331
  C:026AH         LINE#         332
  C:026AH         LINE#         333
  C:0271H         LINE#         334
  C:0275H         LINE#         336
  C:0275H         LINE#         337
  C:0277H         LINE#         338
  C:0277H         LINE#         342
  C:0277H         LINE#         343
  C:0279H         LINE#         344
  C:0279H         LINE#         345
  C:0279H         LINE#         346
  C:0279H         LINE#         347
  C:027EH         LINE#         348
  C:0285H         LINE#         349
  C:0285H         LINE#         356
  C:028CH         LINE#         357
  -------         ENDPROC       SETUPCOMMAND
  -------         PROC          RESUME_ISR
  C:0D63H         LINE#         360
  C:0D63H         LINE#         362
  C:0D66H         LINE#         363
  -------         ENDPROC       RESUME_ISR
  -------         ENDMOD        FW

  -------         MODULE        ISR
  C:0000H         SYMBOL        _ICE_DUMMY_
  C:092DH         PUBLIC        ISR_USART1
  X:8800H         PUBLIC        D2ON
  X:8100H         PUBLIC        D4ON
  B:0098H.0       PUBLIC        RI
  B:0098H.1       PUBLIC        TI
  D:00AAH         PUBLIC        EP2468STAT
  B:00C0H.0       PUBLIC        RI1
BL51 BANKED LINKER/LOCATER V5.03                                                      01/06/2020  12:32:25  PAGE 14


  D:0044H         PUBLIC        dut
  B:00C0H.1       PUBLIC        TI1
  X:8000H         PUBLIC        D2OFF
  X:8200H         PUBLIC        D4OFF
  D:0045H         PUBLIC        dut_1
  C:08B8H         PUBLIC        ISR_USART
  D:0099H         PUBLIC        SBUF0
  D:00C1H         PUBLIC        SBUF1
  D:0046H         SYMBOL        v
  D:0048H         SYMBOL        w
  -------         PROC          ISR_USART
  C:08B8H         LINE#         17
  C:08D5H         LINE#         19
  C:08D8H         LINE#         20
  C:08D8H         LINE#         21
  C:08DDH         LINE#         22
  C:08DDH         LINE#         23
  C:08DFH         LINE#         24
  C:08E5H         LINE#         25
  C:08EAH         LINE#         26
  C:08EDH         LINE#         27
  C:08F2H         LINE#         28
  C:08F5H         LINE#         29
  C:08FBH         LINE#         30
  C:08FEH         LINE#         31
  C:0904H         LINE#         32
  C:0904H         LINE#         33
  C:090AH         LINE#         34
  C:090AH         LINE#         35
  C:090AH         LINE#         36
  C:090AH         LINE#         37
  C:090DH         LINE#         38
  C:090DH         LINE#         39
  C:090FH         LINE#         40
  C:0912H         LINE#         41
  C:0912H         LINE#         42
  -------         ENDPROC       ISR_USART
  -------         PROC          ISR_USART1
  C:092DH         LINE#         44
  C:094AH         LINE#         47
  C:094DH         LINE#         48
  C:094DH         LINE#         49
  C:0952H         LINE#         50
  C:0952H         LINE#         51
  C:0954H         LINE#         52
  C:095AH         LINE#         53
  C:095FH         LINE#         54
  C:0962H         LINE#         55
  C:0967H         LINE#         56
  C:096AH         LINE#         57
  C:0970H         LINE#         58
  C:0973H         LINE#         59
  C:0979H         LINE#         60
  C:0979H         LINE#         61
  C:097FH         LINE#         62
  C:097FH         LINE#         63
  C:097FH         LINE#         64
BL51 BANKED LINKER/LOCATER V5.03                                                      01/06/2020  12:32:25  PAGE 15


  C:097FH         LINE#         65
  C:0982H         LINE#         66
  C:0982H         LINE#         67
  C:0984H         LINE#         68
  C:0987H         LINE#         69
  C:0987H         LINE#         70
  -------         ENDPROC       ISR_USART1
  -------         ENDMOD        ISR

  -------         MODULE        VIRTUAL
  C:0000H         SYMBOL        _ICE_DUMMY_
  C:0D82H         PUBLIC        ISR_Errorlimit
  B:00A8H.7       PUBLIC        EA
  C:0D53H         PUBLIC        DR_SetConfiguration
  C:0A62H         PUBLIC        transmit_1
  D:0008H         PUBLIC        AlternateSetting
  C:0D75H         PUBLIC        ISR_Ep0in
  C:0D77H         PUBLIC        ISR_Ep1in
  C:0688H         PUBLIC        TD_Init
  C:0D76H         PUBLIC        ISR_Ep0out
  C:0B46H         PUBLIC        ISR_Ep1out
  D:0009H         PUBLIC        RxByte0
  C:09A2H         PUBLIC        TD_Poll
  D:000AH         PUBLIC        RxByte1
  D:000BH         PUBLIC        TxByte0
  D:000CH         PUBLIC        TxByte1
  X:9800H         PUBLIC        D3ON
  C:0D93H         PUBLIC        ISR_GpifComplete
  X:B800H         PUBLIC        D5ON
  X:9900H         PUBLIC        D6ON
  X:B900H         PUBLIC        D7ON
  B:0098H.0       PUBLIC        RI
  B:0098H.1       PUBLIC        TI
  C:0D6BH         PUBLIC        DR_GetStatus
  D:00CBH         PUBLIC        RCAP2H
  C:0D7CH         PUBLIC        ISR_Ep0pingnak
  C:0D7DH         PUBLIC        ISR_Ep1pingnak
  C:0D94H         PUBLIC        ISR_GpifWaveform
  C:0D83H         PUBLIC        ISR_Ep2piderror
  C:0D7EH         PUBLIC        ISR_Ep2pingnak
  D:00CAH         PUBLIC        RCAP2L
  C:0D84H         PUBLIC        ISR_Ep4piderror
  C:0D7FH         PUBLIC        ISR_Ep4pingnak
  C:0D85H         PUBLIC        ISR_Ep6piderror
  C:0D80H         PUBLIC        ISR_Ep6pingnak
  C:0D86H         PUBLIC        ISR_Ep8piderror
  C:0D81H         PUBLIC        ISR_Ep8pingnak
  C:0450H         PUBLIC        Serial0Init
  D:0091H         PUBLIC        EXIF
  C:0D34H         PUBLIC        DR_GetInterface
  C:0D6DH         PUBLIC        DR_ClearFeature
  D:000DH         SYMBOL        bcl
  C:0D8BH         PUBLIC        ISR_Ep2eflag
  C:0D8FH         PUBLIC        ISR_Ep2fflag
  C:0D8CH         PUBLIC        ISR_Ep4eflag
  C:0D5BH         PUBLIC        DR_SetInterface
  C:0D90H         PUBLIC        ISR_Ep4fflag
BL51 BANKED LINKER/LOCATER V5.03                                                      01/06/2020  12:32:25  PAGE 16


  C:0D8DH         PUBLIC        ISR_Ep6eflag
  C:0D91H         PUBLIC        ISR_Ep6fflag
  C:0D69H         PUBLIC        DR_GetDescriptor
  C:0D8EH         PUBLIC        ISR_Ep8eflag
  C:0D92H         PUBLIC        ISR_Ep8fflag
  D:000FH         SYMBOL        bcl_1
  C:0D87H         PUBLIC        ISR_Ep2pflag
  D:00AFH         PUBLIC        AUTOPTRSETUP
  C:0D88H         PUBLIC        ISR_Ep4pflag
  D:0011H         PUBLIC        dum
  B:00A8H.4       PUBLIC        ES0
  C:0D89H         PUBLIC        ISR_Ep6pflag
  B:00A8H.6       PUBLIC        ES1
  C:0D8AH         PUBLIC        ISR_Ep8pflag
  B:00C0H.0       PUBLIC        RI1
  D:00CDH         PUBLIC        TH2
  B:00C0H.1       PUBLIC        TI1
  D:00CCH         PUBLIC        TL2
  X:9000H         PUBLIC        D3OFF
  B:00B8H.4       PUBLIC        PS0
  B:00B8H.6       PUBLIC        PS1
  C:0CD8H         PUBLIC        ISR_Sudav
  X:B000H         PUBLIC        D5OFF
  X:9100H         PUBLIC        D6OFF
  X:B100H         PUBLIC        D7OFF
  D:0012H         PUBLIC        dum_1
  C:04FEH         PUBLIC        TD_Suspend
  D:0013H         PUBLIC        Configuration
  D:0099H         PUBLIC        SBUF0
  D:00C1H         PUBLIC        SBUF1
  D:0098H         PUBLIC        SCON0
  D:00C0H         PUBLIC        SCON1
  C:0D73H         PUBLIC        ISR_Ep0ack
  C:0BBFH         PUBLIC        ISR_Highspeed
  D:00C8H         PUBLIC        T2CON
  C:0D08H         PUBLIC        ISR_Sutok
  D:0014H         SYMBOL        i
  C:0D7BH         PUBLIC        ISR_Ibn
  D:0016H         SYMBOL        j
  C:0D78H         PUBLIC        ISR_Ep2inout
  C:0A03H         PUBLIC        ISR_Ep4inout
  C:0D71H         PUBLIC        DR_VendorCmnd
  C:0D67H         PUBLIC        TD_Resume
  C:0D79H         PUBLIC        ISR_Ep6inout
  C:0D74H         PUBLIC        ISR_Stub
  C:0D7AH         PUBLIC        ISR_Ep8inout
  C:0B88H         PUBLIC        ISR_Ures
  C:0D6FH         PUBLIC        DR_SetFeature
  D:0018H         SYMBOL        w
  C:0AB5H         PUBLIC        transmit
  C:0D1EH         PUBLIC        ISR_Sof
  D:001AH         SYMBOL        z
  C:04ECH         PUBLIC        DR_GetConfiguration
  C:0D46H         PUBLIC        SerialInit
  C:0CF0H         PUBLIC        ISR_Susp
  -------         PROC          TRANSMIT
  C:0AB5H         LINE#         56
BL51 BANKED LINKER/LOCATER V5.03                                                      01/06/2020  12:32:25  PAGE 17


  C:0AB5H         LINE#         57
  C:0AB5H         LINE#         58
  C:0ABCH         LINE#         59
  C:0ABCH         LINE#         61
  C:0ACDH         LINE#         62
  C:0ACDH         LINE#         64
  C:0ADBH         LINE#         65
  C:0AE3H         LINE#         67
  C:0AE9H         LINE#         68
  C:0AECH         LINE#         69
  C:0AF2H         LINE#         70
  C:0AF8H         LINE#         71
  C:0AF9H         LINE#         73
  C:0AF9H         LINE#         74
  C:0AFFH         LINE#         75
  C:0AFFH         LINE#         76
  C:0AFFH         LINE#         77
  -------         ENDPROC       TRANSMIT
  -------         PROC          TRANSMIT_1
  C:0A62H         LINE#         79
  C:0A62H         LINE#         80
  C:0A62H         LINE#         82
  C:0A69H         LINE#         83
  C:0A69H         LINE#         85
  C:0A7AH         LINE#         86
  C:0A7AH         LINE#         88
  C:0A89H         LINE#         89
  C:0A91H         LINE#         91
  C:0A97H         LINE#         92
  C:0A9AH         LINE#         93
  C:0AA0H         LINE#         94
  C:0AA6H         LINE#         95
  C:0AA7H         LINE#         97
  C:0AA7H         LINE#         99
  C:0AADH         LINE#         100
  C:0AB0H         LINE#         101
  C:0AB1H         LINE#         102
  C:0AB4H         LINE#         103
  C:0AB4H         LINE#         104
  C:0AB4H         LINE#         105
  -------         ENDPROC       TRANSMIT_1
  -------         PROC          SERIALINIT
  C:0D46H         LINE#         107
  C:0D46H         LINE#         108
  C:0D46H         LINE#         110
  C:0D4CH         LINE#         111
  C:0D4FH         LINE#         112
  C:0D52H         LINE#         118
  -------         ENDPROC       SERIALINIT
  -------         PROC          SERIAL0INIT
  C:0450H         LINE#         120
  C:0450H         LINE#         121
  C:0450H         LINE#         123
  C:0453H         LINE#         124
  C:0456H         LINE#         126
  C:0463H         LINE#         128
  C:0463H         LINE#         129
BL51 BANKED LINKER/LOCATER V5.03                                                      01/06/2020  12:32:25  PAGE 18


  C:0466H         LINE#         130
  C:0469H         LINE#         131
  C:046BH         LINE#         132
  C:0476H         LINE#         134
  C:0476H         LINE#         135
  C:0479H         LINE#         136
  C:047CH         LINE#         137
  C:047EH         LINE#         138
  C:048AH         LINE#         140
  C:048AH         LINE#         141
  C:048DH         LINE#         142
  C:0490H         LINE#         143
  C:0492H         LINE#         144
  C:049EH         LINE#         146
  C:049EH         LINE#         147
  C:04A1H         LINE#         148
  C:04A4H         LINE#         149
  C:04A6H         LINE#         150
  C:04B1H         LINE#         152
  C:04B1H         LINE#         153
  C:04B4H         LINE#         154
  C:04B7H         LINE#         155
  C:04B9H         LINE#         156
  C:04C4H         LINE#         158
  C:04C4H         LINE#         159
  C:04C7H         LINE#         160
  C:04CAH         LINE#         161
  C:04CCH         LINE#         162
  C:04D7H         LINE#         164
  C:04D7H         LINE#         165
  C:04DAH         LINE#         166
  C:04DDH         LINE#         167
  C:04DFH         LINE#         171
  C:04DFH         LINE#         172
  C:04E2H         LINE#         173
  C:04E5H         LINE#         174
  C:04E5H         LINE#         176
  C:04E8H         LINE#         177
  C:04EBH         LINE#         180
  -------         ENDPROC       SERIAL0INIT
  -------         PROC          TD_INIT
  C:0688H         LINE#         187
  C:0688H         LINE#         188
  C:0688H         LINE#         192
  C:0691H         LINE#         195
  C:0698H         LINE#         196
  C:069BH         LINE#         197
  C:06A1H         LINE#         198
  C:06A4H         LINE#         202
  C:06AAH         LINE#         203
  C:06ADH         LINE#         204
  C:06B0H         LINE#         205
  C:06B3H         LINE#         206
  C:06B6H         LINE#         207
  C:06B9H         LINE#         208
  C:06BCH         LINE#         209
  C:06BFH         LINE#         210
BL51 BANKED LINKER/LOCATER V5.03                                                      01/06/2020  12:32:25  PAGE 19


  C:06C2H         LINE#         211
  C:06C5H         LINE#         212
  C:06C7H         LINE#         213
  C:06CAH         LINE#         216
  C:06D0H         LINE#         217
  C:06D3H         LINE#         218
  C:06D9H         LINE#         219
  C:06DCH         LINE#         220
  C:06E2H         LINE#         221
  C:06E5H         LINE#         222
  C:06EBH         LINE#         223
  C:06EEH         LINE#         224
  C:06F4H         LINE#         225
  C:06F7H         LINE#         227
  C:06FDH         LINE#         228
  C:0700H         LINE#         230
  C:0705H         LINE#         231
  C:0708H         LINE#         232
  C:070CH         LINE#         233
  C:070FH         LINE#         234
  C:0713H         LINE#         235
  C:0716H         LINE#         236
  C:071AH         LINE#         237
  C:071DH         LINE#         239
  C:0723H         LINE#         240
  C:0726H         LINE#         241
  C:0727H         LINE#         242
  C:072AH         LINE#         243
  C:072BH         LINE#         244
  C:072EH         LINE#         251
  C:0735H         LINE#         256
  C:0738H         LINE#         257
  C:073AH         LINE#         259
  C:0740H         LINE#         260
  C:0743H         LINE#         262
  C:0748H         LINE#         263
  C:074BH         LINE#         264
  C:0751H         LINE#         265
  C:0754H         LINE#         268
  C:0756H         LINE#         269
  C:0758H         LINE#         271
  C:075AH         LINE#         272
  C:075CH         LINE#         275
  C:075EH         LINE#         276
  C:0760H         LINE#         279
  C:0762H         LINE#         280
  C:0764H         LINE#         282
  C:0766H         LINE#         286
  -------         ENDPROC       TD_INIT
  -------         PROC          TD_POLL
  C:09A2H         LINE#         293
  C:09A2H         LINE#         294
  C:09A2H         LINE#         298
  C:09A9H         LINE#         299
  C:09A9H         LINE#         300
  C:09AFH         LINE#         301
  C:09B3H         LINE#         302
BL51 BANKED LINKER/LOCATER V5.03                                                      01/06/2020  12:32:25  PAGE 20


  C:09B6H         LINE#         303
  C:09B8H         LINE#         304
  C:09BAH         LINE#         305
  C:09BCH         LINE#         306
  C:09BEH         LINE#         307
  C:09C2H         LINE#         308
  C:09C5H         LINE#         309
  C:09C7H         LINE#         310
  C:09CDH         LINE#         311
  C:09CDH         LINE#         313
  C:09D4H         LINE#         314
  C:09D4H         LINE#         315
  C:09DAH         LINE#         316
  C:09DEH         LINE#         317
  C:09E1H         LINE#         318
  C:09E3H         LINE#         319
  C:09E5H         LINE#         320
  C:09E7H         LINE#         321
  C:09E9H         LINE#         322
  C:09EDH         LINE#         323
  C:09F0H         LINE#         324
  C:09F2H         LINE#         326
  C:09F6H         LINE#         327
  C:09F9H         LINE#         328
  C:09FFH         LINE#         329
  C:0A02H         LINE#         331
  C:0A02H         LINE#         342
  -------         ENDPROC       TD_POLL
  -------         PROC          TD_SUSPEND
  C:04FEH         LINE#         344
  C:04FEH         LINE#         345
  C:04FEH         LINE#         346
  C:04FFH         LINE#         347
  -------         ENDPROC       TD_SUSPEND
  -------         PROC          TD_RESUME
  C:0D67H         LINE#         349
  C:0D67H         LINE#         350
  C:0D67H         LINE#         351
  C:0D68H         LINE#         352
  -------         ENDPROC       TD_RESUME
  -------         PROC          DR_GETDESCRIPTOR
  C:0D69H         LINE#         359
  C:0D69H         LINE#         360
  C:0D69H         LINE#         361
  C:0D6AH         LINE#         362
  -------         ENDPROC       DR_GETDESCRIPTOR
  -------         PROC          DR_SETCONFIGURATION
  C:0D53H         LINE#         364
  C:0D53H         LINE#         365
  C:0D53H         LINE#         367
  C:0D59H         LINE#         368
  C:0D5AH         LINE#         369
  -------         ENDPROC       DR_SETCONFIGURATION
  -------         PROC          DR_GETCONFIGURATION
  C:04ECH         LINE#         371
  C:04ECH         LINE#         372
  C:04ECH         LINE#         373
BL51 BANKED LINKER/LOCATER V5.03                                                      01/06/2020  12:32:25  PAGE 21


  C:04F2H         LINE#         374
  C:04F7H         LINE#         375
  C:04FCH         LINE#         376
  C:04FDH         LINE#         377
  -------         ENDPROC       DR_GETCONFIGURATION
  -------         PROC          DR_SETINTERFACE
  C:0D5BH         LINE#         379
  C:0D5BH         LINE#         380
  C:0D5BH         LINE#         381
  C:0D61H         LINE#         382
  C:0D62H         LINE#         383
  -------         ENDPROC       DR_SETINTERFACE
  -------         PROC          DR_GETINTERFACE
  C:0D34H         LINE#         385
  C:0D34H         LINE#         386
  C:0D34H         LINE#         387
  C:0D3AH         LINE#         388
  C:0D3FH         LINE#         389
  C:0D44H         LINE#         390
  C:0D45H         LINE#         391
  -------         ENDPROC       DR_GETINTERFACE
  -------         PROC          DR_GETSTATUS
  C:0D6BH         LINE#         393
  C:0D6BH         LINE#         394
  C:0D6BH         LINE#         395
  C:0D6CH         LINE#         396
  -------         ENDPROC       DR_GETSTATUS
  -------         PROC          DR_CLEARFEATURE
  C:0D6DH         LINE#         398
  C:0D6DH         LINE#         399
  C:0D6DH         LINE#         400
  C:0D6EH         LINE#         401
  -------         ENDPROC       DR_CLEARFEATURE
  -------         PROC          DR_SETFEATURE
  C:0D6FH         LINE#         403
  C:0D6FH         LINE#         404
  C:0D6FH         LINE#         405
  C:0D70H         LINE#         406
  -------         ENDPROC       DR_SETFEATURE
  -------         PROC          DR_VENDORCMND
  C:0D71H         LINE#         408
  C:0D71H         LINE#         409
  C:0D71H         LINE#         410
  C:0D72H         LINE#         411
  -------         ENDPROC       DR_VENDORCMND
  -------         PROC          ISR_SUDAV
  C:0CD8H         LINE#         421
  C:0CDEH         LINE#         424
  C:0CE0H         LINE#         425
  C:0CE3H         LINE#         426
  C:0CE9H         LINE#         427
  -------         ENDPROC       ISR_SUDAV
  -------         PROC          ISR_SUTOK
  C:0D08H         LINE#         430
  C:0D0EH         LINE#         432
  C:0D11H         LINE#         433
  C:0D17H         LINE#         434
BL51 BANKED LINKER/LOCATER V5.03                                                      01/06/2020  12:32:25  PAGE 22


  -------         ENDPROC       ISR_SUTOK
  -------         PROC          ISR_SOF
  C:0D1EH         LINE#         436
  C:0D24H         LINE#         438
  C:0D27H         LINE#         439
  C:0D2DH         LINE#         440
  -------         ENDPROC       ISR_SOF
  -------         PROC          ISR_URES
  C:0B88H         LINE#         442
  C:0B8EH         LINE#         444
  C:0B95H         LINE#         445
  C:0B95H         LINE#         446
  C:0B9BH         LINE#         447
  C:0BA1H         LINE#         448
  C:0BA3H         LINE#         450
  C:0BA3H         LINE#         451
  C:0BA9H         LINE#         452
  C:0BAFH         LINE#         453
  C:0BAFH         LINE#         455
  C:0BB2H         LINE#         456
  C:0BB8H         LINE#         457
  -------         ENDPROC       ISR_URES
  -------         PROC          ISR_SUSP
  C:0CF0H         LINE#         459
  C:0CF6H         LINE#         461
  C:0CF8H         LINE#         462
  C:0CFBH         LINE#         463
  C:0D01H         LINE#         465
  -------         ENDPROC       ISR_SUSP
  -------         PROC          ISR_HIGHSPEED
  C:0BBFH         LINE#         467
  C:0BC5H         LINE#         469
  C:0BCCH         LINE#         470
  C:0BCCH         LINE#         471
  C:0BD2H         LINE#         472
  C:0BD8H         LINE#         473
  C:0BDAH         LINE#         475
  C:0BDAH         LINE#         476
  C:0BE0H         LINE#         477
  C:0BE6H         LINE#         478
  C:0BE6H         LINE#         480
  C:0BE9H         LINE#         481
  C:0BEFH         LINE#         482
  -------         ENDPROC       ISR_HIGHSPEED
  -------         PROC          ISR_EP0ACK
  C:0D73H         LINE#         483
  C:0D73H         LINE#         485
  -------         ENDPROC       ISR_EP0ACK
  -------         PROC          ISR_STUB
  C:0D74H         LINE#         486
  C:0D74H         LINE#         488
  -------         ENDPROC       ISR_STUB
  -------         PROC          ISR_EP0IN
  C:0D75H         LINE#         489
  C:0D75H         LINE#         491
  -------         ENDPROC       ISR_EP0IN
  -------         PROC          ISR_EP0OUT
BL51 BANKED LINKER/LOCATER V5.03                                                      01/06/2020  12:32:25  PAGE 23


  C:0D76H         LINE#         492
  C:0D76H         LINE#         496
  -------         ENDPROC       ISR_EP0OUT
  -------         PROC          ISR_EP1IN
  C:0D77H         LINE#         497
  C:0D77H         LINE#         499
  -------         ENDPROC       ISR_EP1IN
  -------         PROC          ISR_EP1OUT
  C:0B46H         LINE#         502
  C:0B4EH         LINE#         505
  C:0B51H         LINE#         506
  C:0B57H         LINE#         507
  C:0B5AH         LINE#         509
  C:0B60H         LINE#         510
  C:0B69H         LINE#         511
  C:0B77H         LINE#         512
  C:0B7FH         LINE#         515
  -------         ENDPROC       ISR_EP1OUT
  -------         PROC          ISR_EP2INOUT
  C:0D78H         LINE#         516
  C:0D78H         LINE#         518
  -------         ENDPROC       ISR_EP2INOUT
  -------         PROC          ISR_EP4INOUT
  C:0A03H         LINE#         519
  C:0A14H         LINE#         522
  C:0A17H         LINE#         523
  C:0A1DH         LINE#         526
  C:0A20H         LINE#         528
  C:0A26H         LINE#         529
  C:0A3CH         LINE#         530
  C:0A4BH         LINE#         531
  C:0A53H         LINE#         532
  -------         ENDPROC       ISR_EP4INOUT
  -------         PROC          ISR_EP6INOUT
  C:0D79H         LINE#         533
  C:0D79H         LINE#         535
  -------         ENDPROC       ISR_EP6INOUT
  -------         PROC          ISR_EP8INOUT
  C:0D7AH         LINE#         536
  C:0D7AH         LINE#         538
  -------         ENDPROC       ISR_EP8INOUT
  -------         PROC          ISR_IBN
  C:0D7BH         LINE#         539
  C:0D7BH         LINE#         541
  -------         ENDPROC       ISR_IBN
  -------         PROC          ISR_EP0PINGNAK
  C:0D7CH         LINE#         542
  C:0D7CH         LINE#         544
  -------         ENDPROC       ISR_EP0PINGNAK
  -------         PROC          ISR_EP1PINGNAK
  C:0D7DH         LINE#         545
  C:0D7DH         LINE#         547
  -------         ENDPROC       ISR_EP1PINGNAK
  -------         PROC          ISR_EP2PINGNAK
  C:0D7EH         LINE#         548
  C:0D7EH         LINE#         550
  -------         ENDPROC       ISR_EP2PINGNAK
BL51 BANKED LINKER/LOCATER V5.03                                                      01/06/2020  12:32:25  PAGE 24


  -------         PROC          ISR_EP4PINGNAK
  C:0D7FH         LINE#         551
  C:0D7FH         LINE#         553
  -------         ENDPROC       ISR_EP4PINGNAK
  -------         PROC          ISR_EP6PINGNAK
  C:0D80H         LINE#         554
  C:0D80H         LINE#         556
  -------         ENDPROC       ISR_EP6PINGNAK
  -------         PROC          ISR_EP8PINGNAK
  C:0D81H         LINE#         557
  C:0D81H         LINE#         559
  -------         ENDPROC       ISR_EP8PINGNAK
  -------         PROC          ISR_ERRORLIMIT
  C:0D82H         LINE#         560
  C:0D82H         LINE#         562
  -------         ENDPROC       ISR_ERRORLIMIT
  -------         PROC          ISR_EP2PIDERROR
  C:0D83H         LINE#         563
  C:0D83H         LINE#         565
  -------         ENDPROC       ISR_EP2PIDERROR
  -------         PROC          ISR_EP4PIDERROR
  C:0D84H         LINE#         566
  C:0D84H         LINE#         568
  -------         ENDPROC       ISR_EP4PIDERROR
  -------         PROC          ISR_EP6PIDERROR
  C:0D85H         LINE#         569
  C:0D85H         LINE#         571
  -------         ENDPROC       ISR_EP6PIDERROR
  -------         PROC          ISR_EP8PIDERROR
  C:0D86H         LINE#         572
  C:0D86H         LINE#         574
  -------         ENDPROC       ISR_EP8PIDERROR
  -------         PROC          ISR_EP2PFLAG
  C:0D87H         LINE#         575
  C:0D87H         LINE#         577
  -------         ENDPROC       ISR_EP2PFLAG
  -------         PROC          ISR_EP4PFLAG
  C:0D88H         LINE#         578
  C:0D88H         LINE#         580
  -------         ENDPROC       ISR_EP4PFLAG
  -------         PROC          ISR_EP6PFLAG
  C:0D89H         LINE#         581
  C:0D89H         LINE#         583
  -------         ENDPROC       ISR_EP6PFLAG
  -------         PROC          ISR_EP8PFLAG
  C:0D8AH         LINE#         584
  C:0D8AH         LINE#         586
  -------         ENDPROC       ISR_EP8PFLAG
  -------         PROC          ISR_EP2EFLAG
  C:0D8BH         LINE#         587
  C:0D8BH         LINE#         589
  -------         ENDPROC       ISR_EP2EFLAG
  -------         PROC          ISR_EP4EFLAG
  C:0D8CH         LINE#         590
  C:0D8CH         LINE#         592
  -------         ENDPROC       ISR_EP4EFLAG
  -------         PROC          ISR_EP6EFLAG
BL51 BANKED LINKER/LOCATER V5.03                                                      01/06/2020  12:32:25  PAGE 25


  C:0D8DH         LINE#         593
  C:0D8DH         LINE#         595
  -------         ENDPROC       ISR_EP6EFLAG
  -------         PROC          ISR_EP8EFLAG
  C:0D8EH         LINE#         596
  C:0D8EH         LINE#         598
  -------         ENDPROC       ISR_EP8EFLAG
  -------         PROC          ISR_EP2FFLAG
  C:0D8FH         LINE#         599
  C:0D8FH         LINE#         601
  -------         ENDPROC       ISR_EP2FFLAG
  -------         PROC          ISR_EP4FFLAG
  C:0D90H         LINE#         602
  C:0D90H         LINE#         604
  -------         ENDPROC       ISR_EP4FFLAG
  -------         PROC          ISR_EP6FFLAG
  C:0D91H         LINE#         605
  C:0D91H         LINE#         607
  -------         ENDPROC       ISR_EP6FFLAG
  -------         PROC          ISR_EP8FFLAG
  C:0D92H         LINE#         608
  C:0D92H         LINE#         610
  -------         ENDPROC       ISR_EP8FFLAG
  -------         PROC          ISR_GPIFCOMPLETE
  C:0D93H         LINE#         611
  C:0D93H         LINE#         613
  -------         ENDPROC       ISR_GPIFCOMPLETE
  -------         PROC          ISR_GPIFWAVEFORM
  C:0D94H         LINE#         614
  C:0D94H         LINE#         616
  -------         ENDPROC       ISR_GPIFWAVEFORM
  -------         ENDMOD        VIRTUAL

  -------         MODULE        USBJMPTBL
  C:0800H         SEGMENT       ?PR?USB_JUMP_TABLE?USBJT
  N:0045H         PUBLIC        USB_INT2AUTOVECTOR
  N:0055H         PUBLIC        USB_INT4AUTOVECTOR
  C:0800H         PUBLIC        USB_JUMP_TABLE
  N:0000H         SYMBOL        USBJMPTBL
  C:0043H         LINE#         49
  C:0053H         LINE#         53
  C:0800H         LINE#         61
  C:0804H         LINE#         63
  C:0808H         LINE#         65
  C:080CH         LINE#         67
  C:0810H         LINE#         69
  C:0814H         LINE#         71
  C:0818H         LINE#         73
  C:081CH         LINE#         75
  C:0820H         LINE#         77
  C:0824H         LINE#         79
  C:0828H         LINE#         81
  C:082CH         LINE#         83
  C:0830H         LINE#         85
  C:0834H         LINE#         87
  C:0838H         LINE#         89
  C:083CH         LINE#         91
BL51 BANKED LINKER/LOCATER V5.03                                                      01/06/2020  12:32:25  PAGE 26


  C:0840H         LINE#         93
  C:0844H         LINE#         95
  C:0848H         LINE#         97
  C:084CH         LINE#         99
  C:0850H         LINE#         101
  C:0854H         LINE#         103
  C:0858H         LINE#         105
  C:085CH         LINE#         107
  C:0860H         LINE#         109
  C:0864H         LINE#         111
  C:0868H         LINE#         113
  C:086CH         LINE#         115
  C:0870H         LINE#         117
  C:0874H         LINE#         119
  C:0878H         LINE#         121
  C:087CH         LINE#         123
  C:0880H         LINE#         126
  C:0884H         LINE#         128
  C:0888H         LINE#         130
  C:088CH         LINE#         132
  C:0890H         LINE#         134
  C:0894H         LINE#         136
  C:0898H         LINE#         138
  C:089CH         LINE#         140
  C:08A0H         LINE#         142
  C:08A4H         LINE#         144
  C:08A8H         LINE#         146
  C:08ACH         LINE#         148
  C:08B0H         LINE#         150
  C:08B4H         LINE#         152
  -------         ENDMOD        USBJMPTBL

  -------         MODULE        RESUME
  C:0000H         SYMBOL        _ICE_DUMMY_
  C:0C5CH         PUBLIC        EZUSB_Resume
  -------         PROC          EZUSB_RESUME
  C:0C5CH         LINE#         38
  C:0C5CH         LINE#         39
  C:0C5CH         LINE#         40
  C:0C72H         LINE#         42
  C:0C72H         LINE#         43
  C:0C79H         LINE#         44
  C:0C80H         LINE#         45
  C:0C87H         LINE#         46
  C:0C87H         LINE#         47
  -------         ENDPROC       EZUSB_RESUME
  -------         ENDMOD        RESUME

  -------         MODULE        DISCON
  C:0000H         SYMBOL        _ICE_DUMMY_
  D:0091H         PUBLIC        EXIF
  C:0C2DH         PUBLIC        EZUSB_Discon
  -------         PROC          EZUSB_DISCON
  B:0020H.4       SYMBOL        renum
  C:0C2DH         LINE#         39
  C:0C2DH         LINE#         40
  C:0C2DH         LINE#         42
BL51 BANKED LINKER/LOCATER V5.03                                                      01/06/2020  12:32:25  PAGE 27


  C:0C30H         LINE#         43
  C:0C39H         LINE#         45
  C:0C40H         LINE#         47
  C:0C47H         LINE#         49
  C:0C4DH         LINE#         50
  C:0C51H         LINE#         51
  C:0C54H         LINE#         53
  C:0C5BH         LINE#         54
  -------         ENDPROC       EZUSB_DISCON
  -------         ENDMOD        DISCON

  -------         MODULE        EZREGS
  C:0000H         SYMBOL        _ICE_DUMMY_
  X:E652H         PUBLIC        EP4FIFOIE
  X:E668H         PUBLIC        INTSETUP
  X:E600H         PUBLIC        CPUCS
  X:E654H         PUBLIC        EP6FIFOIE
  X:E680H         PUBLIC        USBCS
  X:E65FH         PUBLIC        EPIRQ
  X:E656H         PUBLIC        EP8FIFOIE
  X:E6F2H         PUBLIC        XGPIFSGLDATLNOX
  X:E6C0H         PUBLIC        GPIFWFSELECT
  X:E6F0H         PUBLIC        XGPIFSGLDATH
  X:E605H         PUBLIC        BREAKPT
  X:E609H         PUBLIC        FIFOPINPOLAR
  X:E640H         PUBLIC        EP2ISOINPKTS
  X:E678H         PUBLIC        I2CS
  X:E610H         PUBLIC        EP1OUTCFG
  X:E6F9H         PUBLIC        TESTCFG
  X:E641H         PUBLIC        EP4ISOINPKTS
  X:E68AH         PUBLIC        EP0BCH
  X:E661H         PUBLIC        GPIFIRQ
  X:E642H         PUBLIC        EP6ISOINPKTS
  X:E690H         PUBLIC        EP2BCH
  X:E643H         PUBLIC        EP8ISOINPKTS
  X:E694H         PUBLIC        EP4BCH
  X:E68BH         PUBLIC        EP0BCL
  X:E612H         PUBLIC        EP2CFG
  X:E698H         PUBLIC        EP6BCH
  X:E691H         PUBLIC        EP2BCL
  X:E613H         PUBLIC        EP4CFG
  X:E6A7H         PUBLIC        EP2FIFOFLGS
  X:E69CH         PUBLIC        EP8BCH
  X:E695H         PUBLIC        EP4BCL
  X:E628H         PUBLIC        ECCCFG
  X:E614H         PUBLIC        EP6CFG
  X:E6A8H         PUBLIC        EP4FIFOFLGS
  X:E699H         PUBLIC        EP6BCL
  X:E780H         PUBLIC        EP1OUTBUF
  X:E67BH         PUBLIC        XAUTODAT1
  X:E615H         PUBLIC        EP8CFG
  X:E6A9H         PUBLIC        EP6FIFOFLGS
  X:E69DH         PUBLIC        EP8BCL
  X:E67CH         PUBLIC        XAUTODAT2
  X:E684H         PUBLIC        USBFRAMEH
  X:E6F5H         PUBLIC        GPIFABORT
  X:E6AAH         PUBLIC        EP8FIFOFLGS
BL51 BANKED LINKER/LOCATER V5.03                                                      01/06/2020  12:32:25  PAGE 28


  X:E6F8H         PUBLIC        DBUG
  X:E740H         PUBLIC        EP0BUF
  X:E6CBH         PUBLIC        FLOWSTB
  X:E65EH         PUBLIC        EPIE
  X:E685H         PUBLIC        USBFRAMEL
  X:E681H         PUBLIC        SUSPEND
  X:E60CH         PUBLIC        GPIFHOLDAMOUNT
  X:E6D4H         PUBLIC        EP2GPIFTRIG
  X:E6C7H         PUBLIC        FLOWLOGIC
  X:E6DCH         PUBLIC        EP4GPIFTRIG
  X:E604H         PUBLIC        FIFORESET
  X:E6E4H         PUBLIC        EP6GPIFTRIG
  X:E6C2H         PUBLIC        GPIFIDLECTL
  X:E6FAH         PUBLIC        USBTEST
  X:E6B3H         PUBLIC        SUDPTRH
  X:E6ECH         PUBLIC        EP8GPIFTRIG
  X:E6D2H         PUBLIC        EP2GPIFFLGSEL
  X:E611H         PUBLIC        EP1INCFG
  X:E6B4H         PUBLIC        SUDPTRL
  X:E687H         PUBLIC        FNADDR
  X:E6DAH         PUBLIC        EP4GPIFFLGSEL
  X:E6D1H         PUBLIC        GPIFTCB0
  X:E6CDH         PUBLIC        FLOWSTBHPERIOD
  X:E6D0H         PUBLIC        GPIFTCB1
  X:E665H         PUBLIC        CLRERRCNT
  X:E6E2H         PUBLIC        EP6GPIFFLGSEL
  X:E6CFH         PUBLIC        GPIFTCB2
  X:E664H         PUBLIC        ERRCNTLIM
  X:E6CEH         PUBLIC        GPIFTCB3
  X:E6EAH         PUBLIC        EP8GPIFFLGSEL
  X:E660H         PUBLIC        GPIFIE
  X:E67FH         PUBLIC        UDMACRCQUAL
  X:E400H         PUBLIC        GPIF_WAVE_DATA
  X:E6CCH         PUBLIC        FLOWSTBEDGE
  X:E6ABH         PUBLIC        EP2FIFOBCH
  X:E7C0H         PUBLIC        EP1INBUF
  X:E6C6H         PUBLIC        FLOWSTATE
  X:E6ADH         PUBLIC        EP4FIFOBCH
  X:E6CAH         PUBLIC        FLOWHOLDOFF
  X:E618H         PUBLIC        EP2FIFOCFG
  X:E6AFH         PUBLIC        EP6FIFOBCH
  X:E6ACH         PUBLIC        EP2FIFOBCL
  X:E619H         PUBLIC        EP4FIFOCFG
  X:E6B1H         PUBLIC        EP8FIFOBCH
  X:E6AEH         PUBLIC        EP4FIFOBCL
  X:E649H         PUBLIC        OUTPKTEND
  X:E663H         PUBLIC        USBERRIRQ
  X:E61AH         PUBLIC        EP6FIFOCFG
  X:E6B0H         PUBLIC        EP6FIFOBCL
  X:E620H         PUBLIC        EP2AUTOINLENH
  X:E61BH         PUBLIC        EP8FIFOCFG
  X:E6B2H         PUBLIC        EP8FIFOBCL
  X:E68DH         PUBLIC        EP1OUTBC
  X:E622H         PUBLIC        EP4AUTOINLENH
  X:E666H         PUBLIC        INT2IVEC
  X:E659H         PUBLIC        IBNIRQ
  X:E6FBH         PUBLIC        CT1
BL51 BANKED LINKER/LOCATER V5.03                                                      01/06/2020  12:32:25  PAGE 29


  X:E6C4H         PUBLIC        GPIFADRH
  X:E65BH         PUBLIC        NAKIRQ
  X:E624H         PUBLIC        EP6AUTOINLENH
  X:E621H         PUBLIC        EP2AUTOINLENL
  X:E601H         PUBLIC        IFCONFIG
  X:E6FCH         PUBLIC        CT2
  X:E6B5H         PUBLIC        SUDPTRCTL
  X:E667H         PUBLIC        INT4IVEC
  X:E6FDH         PUBLIC        CT3
  X:E67DH         PUBLIC        UDMACRCH
  X:E626H         PUBLIC        EP8AUTOINLENH
  X:E623H         PUBLIC        EP4AUTOINLENL
  X:E6FEH         PUBLIC        CT4
  X:F000H         PUBLIC        EP2FIFOBUF
  X:E6C5H         PUBLIC        GPIFADRL
  X:E625H         PUBLIC        EP6AUTOINLENL
  X:E630H         PUBLIC        EP2FIFOPFH
  X:F400H         PUBLIC        EP4FIFOBUF
  X:E67EH         PUBLIC        UDMACRCL
  X:E627H         PUBLIC        EP8AUTOINLENL
  X:E6D3H         PUBLIC        EP2GPIFPFSTOP
  X:E683H         PUBLIC        TOGCTL
  X:E632H         PUBLIC        EP4FIFOPFH
  X:F800H         PUBLIC        EP6FIFOBUF
  X:E629H         PUBLIC        ECCRESET
  X:E6DBH         PUBLIC        EP4GPIFPFSTOP
  X:E634H         PUBLIC        EP6FIFOPFH
  X:E631H         PUBLIC        EP2FIFOPFL
  X:FC00H         PUBLIC        EP8FIFOBUF
  X:E60BH         PUBLIC        REVCTL
  X:E6E3H         PUBLIC        EP6GPIFPFSTOP
  X:E636H         PUBLIC        EP8FIFOPFH
  X:E633H         PUBLIC        EP4FIFOPFL
  X:E608H         PUBLIC        UART230
  X:E480H         PUBLIC        RES_WAVEDATA_END
  X:E6EBH         PUBLIC        EP8GPIFPFSTOP
  X:E679H         PUBLIC        I2DAT
  X:E635H         PUBLIC        EP6FIFOPFL
  X:E6A1H         PUBLIC        EP1OUTCS
  X:E637H         PUBLIC        EP8FIFOPFL
  X:E65DH         PUBLIC        USBIRQ
  X:E670H         PUBLIC        PORTACFG
  X:E671H         PUBLIC        PORTCCFG
  X:E651H         PUBLIC        EP2FIFOIRQ
  X:E602H         PUBLIC        PINFLAGSAB
  X:E6A0H         PUBLIC        EP0CS
  X:E6F4H         PUBLIC        GPIFREADYSTAT
  X:E6C3H         PUBLIC        GPIFCTLCFG
  X:E672H         PUBLIC        PORTECFG
  X:E653H         PUBLIC        EP4FIFOIRQ
  X:E6C1H         PUBLIC        GPIFIDLECS
  X:E6A3H         PUBLIC        EP2CS
  X:E50DH         PUBLIC        GPCR2
  X:E67AH         PUBLIC        I2CTL
  X:E655H         PUBLIC        EP6FIFOIRQ
  X:E603H         PUBLIC        PINFLAGSCD
  X:E6A4H         PUBLIC        EP4CS
BL51 BANKED LINKER/LOCATER V5.03                                                      01/06/2020  12:32:25  PAGE 30


  X:E648H         PUBLIC        INPKTEND
  X:E657H         PUBLIC        EP8FIFOIRQ
  X:E6A5H         PUBLIC        EP6CS
  X:E6A6H         PUBLIC        EP8CS
  X:E68FH         PUBLIC        EP1INBC
  X:E662H         PUBLIC        USBERRIE
  X:E6C8H         PUBLIC        FLOWEQ0CTL
  X:E6C9H         PUBLIC        FLOWEQ1CTL
  X:E682H         PUBLIC        WAKEUPCS
  X:E6F1H         PUBLIC        XGPIFSGLDATLX
  X:E658H         PUBLIC        IBNIE
  X:E686H         PUBLIC        MICROFRAME
  X:E65AH         PUBLIC        NAKIE
  X:E6B8H         PUBLIC        SETUPDAT
  X:E62AH         PUBLIC        ECC1B0
  X:E62DH         PUBLIC        ECC2B0
  X:E62BH         PUBLIC        ECC1B1
  X:E6F3H         PUBLIC        GPIFREADYCFG
  X:E62EH         PUBLIC        ECC2B1
  X:E62CH         PUBLIC        ECC1B2
  X:E62FH         PUBLIC        ECC2B2
  X:E6A2H         PUBLIC        EP1INCS
  X:E606H         PUBLIC        BPADDRH
  X:E65CH         PUBLIC        USBIE
  X:E60AH         PUBLIC        REVID
  X:E607H         PUBLIC        BPADDRL
  X:E650H         PUBLIC        EP2FIFOIE
  -------         ENDMOD        EZREGS

  -------         MODULE        GET_STRD
  C:0000H         SYMBOL        _ICE_DUMMY_
  C:0C88H         PUBLIC        _EZUSB_GetStringDscr
  -------         PROC          _EZUSB_GETSTRINGDSCR
  D:0001H         SYMBOL        StrIdx
  -------         DO            
  D:0006H         SYMBOL        dscr
  -------         ENDDO         
  C:0C88H         LINE#         38
  C:0C8AH         LINE#         39
  C:0C8AH         LINE#         42
  C:0C8EH         LINE#         44
  C:0C98H         LINE#         45
  C:0C98H         LINE#         46
  C:0C9EH         LINE#         47
  C:0C9FH         LINE#         48
  C:0CADH         LINE#         49
  C:0CAFH         LINE#         51
  C:0CB2H         LINE#         52
  -------         ENDPROC       _EZUSB_GETSTRINGDSCR
  -------         ENDMOD        GET_STRD

  -------         MODULE        SUSP
  C:0CB3H         SEGMENT       EZUSB
  C:0CB3H         PUBLIC        EZUSB_SUSP
  B:00D0H.6       SYMBOL        AC
  D:00E0H         SYMBOL        ACC
  D:009AH         SYMBOL        APTR1H
BL51 BANKED LINKER/LOCATER V5.03                                                      01/06/2020  12:32:25  PAGE 31


  D:009BH         SYMBOL        APTR1L
  D:009AH         SYMBOL        AUTOPTR1H
  D:009BH         SYMBOL        AUTOPTR1L
  D:009AH         SYMBOL        AUTOPTRH1
  D:009DH         SYMBOL        AUTOPTRH2
  D:009BH         SYMBOL        AUTOPTRL1
  D:009EH         SYMBOL        AUTOPTRL2
  D:00AFH         SYMBOL        AUTOPTRSETUP
  D:00F0H         SYMBOL        B
  X:E606H         SYMBOL        BPADDRH
  X:E607H         SYMBOL        BPADDRL
  X:E605H         SYMBOL        BREAKPT
  D:008EH         SYMBOL        CKCON
  X:E665H         SYMBOL        CLRERRCNT
  X:E600H         SYMBOL        CPUCS
  B:00C8H.0       SYMBOL        CP_RL2
  X:E6FBH         SYMBOL        CT1
  X:E6FCH         SYMBOL        CT2
  X:E6FDH         SYMBOL        CT3
  X:E6FEH         SYMBOL        CT4
  B:00D0H.7       SYMBOL        CY
  B:00C8H.1       SYMBOL        C_T2
  X:E6F8H         SYMBOL        DBUG
  D:0083H         SYMBOL        DPH
  D:0085H         SYMBOL        DPH1
  D:0082H         SYMBOL        DPL
  D:0084H         SYMBOL        DPL1
  D:0086H         SYMBOL        DPS
  B:00A8H.7       SYMBOL        EA
  X:E62AH         SYMBOL        ECC1B0
  X:E62BH         SYMBOL        ECC1B1
  X:E62CH         SYMBOL        ECC1B2
  X:E62DH         SYMBOL        ECC2B0
  X:E62EH         SYMBOL        ECC2B1
  X:E62FH         SYMBOL        ECC2B2
  X:E628H         SYMBOL        ECCCFG
  X:E629H         SYMBOL        ECCRESET
  B:00E8H.1       SYMBOL        EI2C
  D:00D8H         SYMBOL        EICON
  D:00E8H         SYMBOL        EIE
  B:00E8H.2       SYMBOL        EIEX4
  B:00E8H.3       SYMBOL        EIEX5
  B:00E8H.4       SYMBOL        EIEX6
  D:00F8H         SYMBOL        EIP
  B:00F8H.2       SYMBOL        EIPX4
  B:00F8H.3       SYMBOL        EIPX5
  B:00F8H.4       SYMBOL        EIPX6
  D:00BAH         SYMBOL        EP01STAT
  X:E68AH         SYMBOL        EP0BCH
  X:E68BH         SYMBOL        EP0BCL
  X:E740H         SYMBOL        EP0BUF
  X:E6A0H         SYMBOL        EP0CS
  X:E68FH         SYMBOL        EP1INBC
  X:E7C0H         SYMBOL        EP1INBUF
  X:E611H         SYMBOL        EP1INCFG
  X:E6A2H         SYMBOL        EP1INCS
  X:E68DH         SYMBOL        EP1OUTBC
BL51 BANKED LINKER/LOCATER V5.03                                                      01/06/2020  12:32:25  PAGE 32


  X:E780H         SYMBOL        EP1OUTBUF
  X:E610H         SYMBOL        EP1OUTCFG
  X:E6A1H         SYMBOL        EP1OUTCS
  D:00AAH         SYMBOL        EP2468STAT
  D:00ABH         SYMBOL        EP24FIFOFLGS
  X:E620H         SYMBOL        EP2AUTOINLENH
  X:E621H         SYMBOL        EP2AUTOINLENL
  X:E690H         SYMBOL        EP2BCH
  X:E691H         SYMBOL        EP2BCL
  X:E612H         SYMBOL        EP2CFG
  X:E6A3H         SYMBOL        EP2CS
  X:E6ABH         SYMBOL        EP2FIFOBCH
  X:E6ACH         SYMBOL        EP2FIFOBCL
  X:F000H         SYMBOL        EP2FIFOBUF
  X:E618H         SYMBOL        EP2FIFOCFG
  X:E6A7H         SYMBOL        EP2FIFOFLGS
  X:E650H         SYMBOL        EP2FIFOIE
  X:E651H         SYMBOL        EP2FIFOIRQ
  X:E630H         SYMBOL        EP2FIFOPFH
  X:E631H         SYMBOL        EP2FIFOPFL
  X:E6D2H         SYMBOL        EP2GPIFFLGSEL
  X:E6D3H         SYMBOL        EP2GPIFPFSTOP
  X:E6D0H         SYMBOL        EP2GPIFTCH
  X:E6D1H         SYMBOL        EP2GPIFTCL
  X:E6D4H         SYMBOL        EP2GPIFTRIG
  X:E640H         SYMBOL        EP2ISOINPKTS
  X:E622H         SYMBOL        EP4AUTOINLENH
  X:E623H         SYMBOL        EP4AUTOINLENL
  X:E694H         SYMBOL        EP4BCH
  X:E695H         SYMBOL        EP4BCL
  X:E613H         SYMBOL        EP4CFG
  X:E6A4H         SYMBOL        EP4CS
  X:E6ADH         SYMBOL        EP4FIFOBCH
  X:E6AEH         SYMBOL        EP4FIFOBCL
  X:F400H         SYMBOL        EP4FIFOBUF
  X:E619H         SYMBOL        EP4FIFOCFG
  X:E6A8H         SYMBOL        EP4FIFOFLGS
  X:E652H         SYMBOL        EP4FIFOIE
  X:E653H         SYMBOL        EP4FIFOIRQ
  X:E632H         SYMBOL        EP4FIFOPFH
  X:E633H         SYMBOL        EP4FIFOPFL
  X:E6DAH         SYMBOL        EP4GPIFFLGSEL
  X:E6DBH         SYMBOL        EP4GPIFPFSTOP
  X:E6D0H         SYMBOL        EP4GPIFTCH
[...]
  B:0098H.1       SYMBOL        TI
  B:00C0H.1       SYMBOL        TI1
  D:008AH         SYMBOL        TL0
  D:008BH         SYMBOL        TL1
  D:00CCH         SYMBOL        TL2
  D:0089H         SYMBOL        TMOD
  X:E683H         SYMBOL        TOGCTL
  B:0088H.4       SYMBOL        TR0
  B:0088H.6       SYMBOL        TR1
  B:00C8H.2       SYMBOL        TR2
  X:E608H         SYMBOL        UART230
  X:E67DH         SYMBOL        UDMACRCH
  X:E67EH         SYMBOL        UDMACRCL
  X:E67FH         SYMBOL        UDMACRCQUAL
BL51 BANKED LINKER/LOCATER V5.03                                                      01/06/2020  12:32:25  PAGE 37


  X:E680H         SYMBOL        USBCS
  X:E662H         SYMBOL        USBERRIE
  X:E663H         SYMBOL        USBERRIRQ
  X:E684H         SYMBOL        USBFRAMEH
  X:E685H         SYMBOL        USBFRAMEL
  X:E65CH         SYMBOL        USBIE
  X:E65DH         SYMBOL        USBIRQ
  X:E6FAH         SYMBOL        USBTEST
  X:E682H         SYMBOL        WAKEUPCS
  X:E6F0H         SYMBOL        XGPIFSGLDATH
  X:E6F2H         SYMBOL        XGPIFSGLDATLNOX
  X:E6F1H         SYMBOL        XGPIFSGLDATLX
  C:0CB3H         LINE#         22
  C:0CB6H         LINE#         23
  C:0CB7H         LINE#         24
  C:0CB9H         LINE#         25
  C:0CBAH         LINE#         27
  C:0CBDH         LINE#         28
  C:0CBEH         LINE#         30
  C:0CC1H         LINE#         32
  C:0CC2H         LINE#         33
  C:0CC3H         LINE#         34
  C:0CC4H         LINE#         35
  C:0CC5H         LINE#         36
  C:0CC6H         LINE#         37
  -------         ENDMOD        SUSP

  -------         MODULE        DELAY
  C:0000H         SYMBOL        _ICE_DUMMY_
  C:0B00H         PUBLIC        _EZUSB_Delay
  -------         PROC          _EZUSB_DELAY
  D:0031H         SYMBOL        ms
  C:0B00H         LINE#         39
  C:0B04H         LINE#         40
  C:0B04H         LINE#         46
  C:0B0CH         LINE#         47
  C:0B1EH         LINE#         48
  C:0B28H         LINE#         49
  C:0B33H         LINE#         51
  C:0B40H         LINE#         52
  C:0B45H         LINE#         53
  -------         ENDPROC       _EZUSB_DELAY
  -------         ENDMOD        DELAY

  -------         MODULE        DELAY1MS
  C:0CB3H         SEGMENT       EZUSB
  C:0CC7H         PUBLIC        EZUSB_DELAY1MS
  B:00D0H.6       SYMBOL        AC
  D:00E0H         SYMBOL        ACC
  D:009AH         SYMBOL        APTR1H
  D:009BH         SYMBOL        APTR1L
  D:009AH         SYMBOL        AUTOPTR1H
  D:009BH         SYMBOL        AUTOPTR1L
  D:009AH         SYMBOL        AUTOPTRH1
  D:009DH         SYMBOL        AUTOPTRH2
  D:009BH         SYMBOL        AUTOPTRL1
  D:009EH         SYMBOL        AUTOPTRL2
BL51 BANKED LINKER/LOCATER V5.03                                                      01/06/2020  12:32:25  PAGE 38


  D:00AFH         SYMBOL        AUTOPTRSETUP
  D:00F0H         SYMBOL        B
  X:E606H         SYMBOL        BPADDRH
  X:E607H         SYMBOL        BPADDRL
  X:E605H         SYMBOL        BREAKPT
  D:008EH         SYMBOL        CKCON
  X:E665H         SYMBOL        CLRERRCNT
  X:E600H         SYMBOL        CPUCS
  B:00C8H.0       SYMBOL        CP_RL2
  X:E6FBH         SYMBOL        CT1
  X:E6FCH         SYMBOL        CT2
  X:E6FDH         SYMBOL        CT3
  X:E6FEH         SYMBOL        CT4
  B:00D0H.7       SYMBOL        CY
  B:00C8H.1       SYMBOL        C_T2
  X:E6F8H         SYMBOL        DBUG
  N:0000H         SYMBOL        DELAY1MS
  D:0083H         SYMBOL        DPH
  D:0085H         SYMBOL        DPH1
  D:0082H         SYMBOL        DPL
  D:0084H         SYMBOL        DPL1
  D:0086H         SYMBOL        DPS
  B:00A8H.7       SYMBOL        EA
  X:E62AH         SYMBOL        ECC1B0
  X:E62BH         SYMBOL        ECC1B1
  X:E62CH         SYMBOL        ECC1B2
  X:E62DH         SYMBOL        ECC2B0
  X:E62EH         SYMBOL        ECC2B1
  X:E62FH         SYMBOL        ECC2B2
  X:E628H         SYMBOL        ECCCFG
  X:E629H         SYMBOL        ECCRESET
  B:00E8H.1       SYMBOL        EI2C
  D:00D8H         SYMBOL        EICON
  D:00E8H         SYMBOL        EIE
  B:00E8H.2       SYMBOL        EIEX4
  B:00E8H.3       SYMBOL        EIEX5
  B:00E8H.4       SYMBOL        EIEX6
  D:00F8H         SYMBOL        EIP
  B:00F8H.2       SYMBOL        EIPX4
  B:00F8H.3       SYMBOL        EIPX5
  B:00F8H.4       SYMBOL        EIPX6
  D:00BAH         SYMBOL        EP01STAT
  X:E68AH         SYMBOL        EP0BCH
  X:E68BH         SYMBOL        EP0BCL
  X:E740H         SYMBOL        EP0BUF
  X:E6A0H         SYMBOL        EP0CS
  X:E68FH         SYMBOL        EP1INBC
  X:E7C0H         SYMBOL        EP1INBUF
  X:E611H         SYMBOL        EP1INCFG
  X:E6A2H         SYMBOL        EP1INCS
  X:E68DH         SYMBOL        EP1OUTBC
  X:E780H         SYMBOL        EP1OUTBUF
  X:E610H         SYMBOL        EP1OUTCFG
  X:E6A1H         SYMBOL        EP1OUTCS
  D:00AAH         SYMBOL        EP2468STAT
  D:00ABH         SYMBOL        EP24FIFOFLGS
  X:E620H         SYMBOL        EP2AUTOINLENH
BL51 BANKED LINKER/LOCATER V5.03                                                      01/06/2020  12:32:25  PAGE 39


  X:E621H         SYMBOL        EP2AUTOINLENL
  X:E690H         SYMBOL        EP2BCH
  X:E691H         SYMBOL        EP2BCL
  X:E612H         SYMBOL        EP2CFG
  X:E6A3H         SYMBOL        EP2CS
  X:E6ABH         SYMBOL        EP2FIFOBCH
  X:E6ACH         SYMBOL        EP2FIFOBCL
  X:F000H         SYMBOL        EP2FIFOBUF
  X:E618H         SYMBOL        EP2FIFOCFG
  X:E6A7H         SYMBOL        EP2FIFOFLGS
  X:E650H         SYMBOL        EP2FIFOIE
  X:E651H         SYMBOL        EP2FIFOIRQ
  X:E630H         SYMBOL        EP2FIFOPFH
  X:E631H         SYMBOL        EP2FIFOPFL
  X:E6D2H         SYMBOL        EP2GPIFFLGSEL
  X:E6D3H         SYMBOL        EP2GPIFPFSTOP
  X:E6D0H         SYMBOL        EP2GPIFTCH
  X:E6D1H         SYMBOL        EP2GPIFTCL
  X:E6D4H         SYMBOL        EP2GPIFTRIG
  X:E640H         SYMBOL        EP2ISOINPKTS
  X:E622H         SYMBOL        EP4AUTOINLENH
  X:E623H         SYMBOL        EP4AUTOINLENL
  X:E694H         SYMBOL        EP4BCH
  X:E695H         SYMBOL        EP4BCL
  X:E613H         SYMBOL        EP4CFG
  X:E6A4H         SYMBOL        EP4CS
  X:E6ADH         SYMBOL        EP4FIFOBCH
  X:E6AEH         SYMBOL        EP4FIFOBCL
  X:F400H         SYMBOL        EP4FIFOBUF
  X:E619H         SYMBOL        EP4FIFOCFG
  X:E6A8H         SYMBOL        EP4FIFOFLGS
  X:E652H         SYMBOL        EP4FIFOIE
  X:E653H         SYMBOL        EP4FIFOIRQ
  X:E632H         SYMBOL        EP4FIFOPFH
  X:E633H         SYMBOL        EP4FIFOPFL
  X:E6DAH         SYMBOL        EP4GPIFFLGSEL
  X:E6DBH         SYMBOL        EP4GPIFPFSTOP
  X:E6D0H         SYMBOL        EP4GPIFTCH
  X:E6D1H         SYMBOL        EP4GPIFTCL
  X:E6DCH         SYMBOL        EP4GPIFTRIG
  X:E641H         SYMBOL        EP4ISOINPKTS
  D:00ACH         SYMBOL        EP68FIFOFLGS
  X:E624H         SYMBOL        EP6AUTOINLENH
  X:E625H         SYMBOL        EP6AUTOINLENL
  X:E698H         SYMBOL        EP6BCH
  X:E699H         SYMBOL        EP6BCL
  X:E614H         SYMBOL        EP6CFG
  X:E6A5H         SYMBOL        EP6CS
  X:E6AFH         SYMBOL        EP6FIFOBCH
  X:E6B0H         SYMBOL        EP6FIFOBCL
  X:F800H         SYMBOL        EP6FIFOBUF
  X:E61AH         SYMBOL        EP6FIFOCFG
  X:E6A9H         SYMBOL        EP6FIFOFLGS
  X:E654H         SYMBOL        EP6FIFOIE
  X:E655H         SYMBOL        EP6FIFOIRQ
  X:E634H         SYMBOL        EP6FIFOPFH
  X:E635H         SYMBOL        EP6FIFOPFL
BL51 BANKED LINKER/LOCATER V5.03                                                      01/06/2020  12:32:25  PAGE 40


  X:E6E2H         SYMBOL        EP6GPIFFLGSEL
  X:E6E3H         SYMBOL        EP6GPIFPFSTOP
  X:E6D0H         SYMBOL        EP6GPIFTCH
  X:E6D1H         SYMBOL        EP6GPIFTCL
  X:E6E4H         SYMBOL        EP6GPIFTRIG
  X:E642H         SYMBOL        EP6ISOINPKTS
  X:E626H         SYMBOL        EP8AUTOINLENH
  X:E627H         SYMBOL        EP8AUTOINLENL
  X:E69CH         SYMBOL        EP8BCH
  X:E69DH         SYMBOL        EP8BCL
  X:E615H         SYMBOL        EP8CFG
  X:E6A6H         SYMBOL        EP8CS
  X:E6B1H         SYMBOL        EP8FIFOBCH
  X:E6B2H         SYMBOL        EP8FIFOBCL
  X:FC00H         SYMBOL        EP8FIFOBUF
  X:E61BH         SYMBOL        EP8FIFOCFG
  X:E6AAH         SYMBOL        EP8FIFOFLGS
  X:E656H         SYMBOL        EP8FIFOIE
  X:E657H         SYMBOL        EP8FIFOIRQ
  X:E636H         SYMBOL        EP8FIFOPFH
  X:E637H         SYMBOL        EP8FIFOPFL
  X:E6EAH         SYMBOL        EP8GPIFFLGSEL
  X:E6EBH         SYMBOL        EP8GPIFPFSTOP
  X:E6D0H         SYMBOL        EP8GPIFTCH
  X:E6D1H         SYMBOL        EP8GPIFTCL
  X:E6ECH         SYMBOL        EP8GPIFTRIG
  X:E643H         SYMBOL        EP8ISOINPKTS
  X:E65EH         SYMBOL        EPIE
  X:E65FH         SYMBOL        EPIRQ
  B:00D8H.5       SYMBOL        ERESI
  X:E664H         SYMBOL        ERRCNTLIM
  C:0CD7H         SYMBOL        ER_END
  B:00A8H.4       SYMBOL        ES0
  B:00A8H.6       SYMBOL        ES1
  B:00A8H.1       SYMBOL        ET0
  B:00A8H.3       SYMBOL        ET1
  B:00A8H.5       SYMBOL        ET2
  B:00E8H.0       SYMBOL        EUSB
  B:00A8H.0       SYMBOL        EX0
  B:00A8H.2       SYMBOL        EX1
  B:00C8H.3       SYMBOL        EXEN2
  B:00C8H.6       SYMBOL        EXF2
  D:0091H         SYMBOL        EXIF
  X:E67BH         SYMBOL        EXTAUTODAT1
  X:E67CH         SYMBOL        EXTAUTODAT2
  B:00D0H.5       SYMBOL        F0
  X:E609H         SYMBOL        FIFOPINPOLAR
  X:E604H         SYMBOL        FIFORESET
  B:00D0H.1       SYMBOL        FL
  X:E6CCH         SYMBOL        FLOWEDGE
  X:E6C8H         SYMBOL        FLOWEQ0CTL
  X:E6C9H         SYMBOL        FLOWEQ1CTL
  X:E6C7H         SYMBOL        FLOWLOGIC
  X:E6C6H         SYMBOL        FLOWSTATE
  X:E6CBH         SYMBOL        FLOWSTB
  X:E6CDH         SYMBOL        FLOWSTBHPERIOD
  X:E687H         SYMBOL        FNADDR
BL51 BANKED LINKER/LOCATER V5.03                                                      01/06/2020  12:32:25  PAGE 41


  X:E509H         SYMBOL        GPCR2
  X:E6F5H         SYMBOL        GPIFABORT
  X:E6C4H         SYMBOL        GPIFADRH
  X:E6C5H         SYMBOL        GPIFADRL
  X:E6C3H         SYMBOL        GPIFCTLCFG
  X:E60CH         SYMBOL        GPIFHOLDAMOUNT
  X:E6C1H         SYMBOL        GPIFIDLECS
  X:E6C2H         SYMBOL        GPIFIDLECTL
  X:E660H         SYMBOL        GPIFIE
  X:E661H         SYMBOL        GPIFIRQ
  X:E6F3H         SYMBOL        GPIFREADYCFG
  X:E6F4H         SYMBOL        GPIFREADYSTAT
  D:00BDH         SYMBOL        GPIFSGLDATH
  D:00BFH         SYMBOL        GPIFSGLDATLNOX
  D:00BEH         SYMBOL        GPIFSGLDATLX
  X:E6D1H         SYMBOL        GPIFTCB0
  X:E6D0H         SYMBOL        GPIFTCB1
  X:E6CFH         SYMBOL        GPIFTCB2
  X:E6CEH         SYMBOL        GPIFTCB3
  D:00BBH         SYMBOL        GPIFTRIG
  X:E6C0H         SYMBOL        GPIFWFSELECT
  X:E400H         SYMBOL        GPIF_WAVE_DATA
  X:E678H         SYMBOL        I2CS
  X:E67AH         SYMBOL        I2CTL
  X:E679H         SYMBOL        I2DAT
  X:E658H         SYMBOL        IBNIE
  X:E659H         SYMBOL        IBNIRQ
  D:00A8H         SYMBOL        IE
  B:0088H.1       SYMBOL        IE0
  B:0088H.3       SYMBOL        IE1
  X:E601H         SYMBOL        IFCONFIG
  X:E648H         SYMBOL        INPKTEND
  D:00A1H         SYMBOL        INT2CLR
  X:E666H         SYMBOL        INT2IVEC
  D:00A2H         SYMBOL        INT4CLR
  X:E667H         SYMBOL        INT4IVEC
  B:00D8H.3       SYMBOL        INT6
  X:E668H         SYMBOL        INTSETUP
  D:0080H         SYMBOL        IOA
  D:0090H         SYMBOL        IOB
  D:00A0H         SYMBOL        IOC
  D:00B0H         SYMBOL        IOD
  D:00B1H         SYMBOL        IOE
  D:00B8H         SYMBOL        IP
  B:0088H.0       SYMBOL        IT0
  B:0088H.2       SYMBOL        IT1
  C:0CD0H         SYMBOL        LOOP
  X:E686H         SYMBOL        MICROFRAME
  D:0092H         SYMBOL        MPAGE
  X:E65AH         SYMBOL        NAKIE
  X:E65BH         SYMBOL        NAKIRQ
  D:00B2H         SYMBOL        OEA
  D:00B3H         SYMBOL        OEB
  D:00B4H         SYMBOL        OEC
  D:00B5H         SYMBOL        OED
  D:00B6H         SYMBOL        OEE
  X:E649H         SYMBOL        OUTPKTEND
BL51 BANKED LINKER/LOCATER V5.03                                                      01/06/2020  12:32:25  PAGE 42


  B:00D0H.2       SYMBOL        OV
  B:00D0H.0       SYMBOL        P
  B:0080H.0       SYMBOL        PA0
  B:0080H.1       SYMBOL        PA1
  B:0080H.2       SYMBOL        PA2
  B:0080H.3       SYMBOL        PA3
  B:0080H.4       SYMBOL        PA4
  B:0080H.5       SYMBOL        PA5
  B:0080H.6       SYMBOL        PA6
  B:0080H.7       SYMBOL        PA7
  B:0090H.0       SYMBOL        PB0
  B:0090H.1       SYMBOL        PB1
  B:0090H.2       SYMBOL        PB2
  B:0090H.3       SYMBOL        PB3
  B:0090H.4       SYMBOL        PB4
  B:0090H.5       SYMBOL        PB5
  B:0090H.6       SYMBOL        PB6
  B:0090H.7       SYMBOL        PB7
  B:00A0H.0       SYMBOL        PC0
  B:00A0H.1       SYMBOL        PC1
  B:00A0H.2       SYMBOL        PC2
  B:00A0H.3       SYMBOL        PC3
  B:00A0H.4       SYMBOL        PC4
  B:00A0H.5       SYMBOL        PC5
  B:00A0H.6       SYMBOL        PC6
  B:00A0H.7       SYMBOL        PC7
  D:0087H         SYMBOL        PCON
  B:00B0H.0       SYMBOL        PD0
  B:00B0H.1       SYMBOL        PD1
  B:00B0H.2       SYMBOL        PD2
  B:00B0H.3       SYMBOL        PD3
  B:00B0H.4       SYMBOL        PD4
  B:00B0H.5       SYMBOL        PD5
  B:00B0H.6       SYMBOL        PD6
  B:00B0H.7       SYMBOL        PD7
  B:00F8H.1       SYMBOL        PI2C
  X:E602H         SYMBOL        PINFLAGSAB
  X:E603H         SYMBOL        PINFLAGSCD
  X:E670H         SYMBOL        PORTACFG
  X:E671H         SYMBOL        PORTCCFG
  X:E672H         SYMBOL        PORTECFG
  B:00B8H.4       SYMBOL        PS0
  B:00B8H.6       SYMBOL        PS1
  D:00D0H         SYMBOL        PSW
  B:00B8H.1       SYMBOL        PT0
  B:00B8H.3       SYMBOL        PT1
  B:00B8H.5       SYMBOL        PT2
  B:00F8H.0       SYMBOL        PUSB
  B:00B8H.0       SYMBOL        PX0
  B:00B8H.2       SYMBOL        PX1
  B:0098H.2       SYMBOL        RB8
  B:00C0H.2       SYMBOL        RB81
  D:00CBH         SYMBOL        RCAP2H
  D:00CAH         SYMBOL        RCAP2L
  B:00C8H.5       SYMBOL        RCLK
  B:0098H.4       SYMBOL        REN
  B:00C0H.4       SYMBOL        REN1
BL51 BANKED LINKER/LOCATER V5.03                                                      01/06/2020  12:32:25  PAGE 43


  B:00D8H.4       SYMBOL        RESI
  X:E480H         SYMBOL        RES_WAVEDATA_END
  X:E60BH         SYMBOL        REVCTL
  X:E60AH         SYMBOL        REVID
  B:0098H.0       SYMBOL        RI
  B:00C0H.0       SYMBOL        RI1
  B:00D0H.3       SYMBOL        RS0
  B:00D0H.4       SYMBOL        RS1
  D:0099H         SYMBOL        SBUF0
  D:00C1H         SYMBOL        SBUF1
  D:0098H         SYMBOL        SCON0
  D:00C0H         SYMBOL        SCON1
  X:E6B8H         SYMBOL        SETUPDAT
  B:0098H.7       SYMBOL        SM0
  B:00C0H.7       SYMBOL        SM01
  B:0098H.6       SYMBOL        SM1
  B:00C0H.6       SYMBOL        SM11
  B:0098H.5       SYMBOL        SM2
  B:00C0H.5       SYMBOL        SM21
  B:00D8H.7       SYMBOL        SMOD1
  D:0081H         SYMBOL        SP
  X:E6B5H         SYMBOL        SUDPTRCTL
  X:E6B3H         SYMBOL        SUDPTRH
  X:E6B4H         SYMBOL        SUDPTRL
  X:E681H         SYMBOL        SUSPEND
  D:00C8H         SYMBOL        T2CON
  B:0098H.3       SYMBOL        TB8
  B:00C0H.3       SYMBOL        TB81
  B:00C8H.4       SYMBOL        TCLK
  D:0088H         SYMBOL        TCON
  X:E6F9H         SYMBOL        TESTCFG
  B:0088H.5       SYMBOL        TF0
  B:0088H.7       SYMBOL        TF1
  B:00C8H.7       SYMBOL        TF2
  D:008CH         SYMBOL        TH0
  D:008DH         SYMBOL        TH1
  D:00CDH         SYMBOL        TH2
  B:0098H.1       SYMBOL        TI
  B:00C0H.1       SYMBOL        TI1
  D:008AH         SYMBOL        TL0
  D:008BH         SYMBOL        TL1
  D:00CCH         SYMBOL        TL2
  D:0089H         SYMBOL        TMOD
  X:E683H         SYMBOL        TOGCTL
  B:0088H.4       SYMBOL        TR0
  B:0088H.6       SYMBOL        TR1
  B:00C8H.2       SYMBOL        TR2
  X:E608H         SYMBOL        UART230
  X:E67DH         SYMBOL        UDMACRCH
  X:E67EH         SYMBOL        UDMACRCL
  X:E67FH         SYMBOL        UDMACRCQUAL
  X:E680H         SYMBOL        USBCS
  X:E662H         SYMBOL        USBERRIE
  X:E663H         SYMBOL        USBERRIRQ
  X:E684H         SYMBOL        USBFRAMEH
  X:E685H         SYMBOL        USBFRAMEL
  X:E65CH         SYMBOL        USBIE
BL51 BANKED LINKER/LOCATER V5.03                                                      01/06/2020  12:32:25  PAGE 44


  X:E65DH         SYMBOL        USBIRQ
  X:E6FAH         SYMBOL        USBTEST
  X:E682H         SYMBOL        WAKEUPCS
  X:E6F0H         SYMBOL        XGPIFSGLDATH
  X:E6F2H         SYMBOL        XGPIFSGLDATLNOX
  X:E6F1H         SYMBOL        XGPIFSGLDATLX
  C:0CC7H         LINE#         48
  C:0CC9H         LINE#         49
  C:0CCBH         LINE#         50
  C:0CCEH         LINE#         51
  C:0CD0H         LINE#         53
  C:0CD1H         LINE#         54
  C:0CD3H         LINE#         55
  C:0CD5H         LINE#         56
  C:0CD7H         LINE#         58
  -------         ENDMOD        DELAY1MS

  -------         MODULE        DSCR
  C:0500H         SEGMENT       DSCR
  C:0500H         PUBLIC        DEVICEDSCR
  C:0512H         PUBLIC        DEVICEQUALDSCR
  C:05A9H         PUBLIC        FULLSPEEDCONFIGDSCR
  C:051CH         PUBLIC        HIGHSPEEDCONFIGDSCR
  C:0636H         PUBLIC        STRINGDSCR
  C:0686H         PUBLIC        USERDSCR
  N:0002H         SYMBOL        DSCR_CONFIG
  N:0009H         SYMBOL        DSCR_CONFIG_LEN
  N:0001H         SYMBOL        DSCR_DEVICE
  N:0012H         SYMBOL        DSCR_DEVICE_LEN
  N:0006H         SYMBOL        DSCR_DEVQUAL
  N:000AH         SYMBOL        DSCR_DEVQUAL_LEN
  N:0005H         SYMBOL        DSCR_ENDPNT
  N:0007H         SYMBOL        DSCR_ENDPNT_LEN
  N:0004H         SYMBOL        DSCR_INTRFC
  N:0009H         SYMBOL        DSCR_INTRFC_LEN
  N:0003H         SYMBOL        DSCR_STRING
  N:0002H         SYMBOL        ET_BULK
  N:0000H         SYMBOL        ET_CONTROL
  N:0003H         SYMBOL        ET_INT
  N:0001H         SYMBOL        ET_ISO
  C:0636H         SYMBOL        FULLSPEEDCONFIGDSCREND
  C:05A9H         SYMBOL        HIGHSPEEDCONFIGDSCREND
  C:0636H         SYMBOL        STRINGDSCR0
  C:063AH         SYMBOL        STRINGDSCR0END
  C:063AH         SYMBOL        STRINGDSCR1
  C:064AH         SYMBOL        STRINGDSCR1END
  C:064AH         SYMBOL        STRINGDSCR2
  C:0682H         SYMBOL        STRINGDSCR2END
  C:0682H         SYMBOL        STRINGDSCR3
  C:0686H         SYMBOL        STRINGDSCR3END
  -------         ENDMOD        DSCR

  -------         MODULE        ?C?ULCMP
  C:0BF6H         PUBLIC        ?C?ULCMP
  -------         ENDMOD        ?C?ULCMP

  -------         MODULE        ?C?CCASE
BL51 BANKED LINKER/LOCATER V5.03                                                      01/06/2020  12:32:25  PAGE 45


  C:0C07H         PUBLIC        ?C?CCASE
  -------         ENDMOD        ?C?CCASE

******************************************************************************
* RESTRICTED VERSION WITH 1000H BYTE CODE SIZE LIMIT; USED: 0D7EH BYTE (84%) *
******************************************************************************

Program Size: data=70.5 xdata=4492 code=3367
LINK/LOCATE RUN COMPLETE.  0 WARNING(S),  0 ERROR(S)
