Archive member included to satisfy reference by file (symbol)

/home/maddocks/src/i2c-star-stm32f411ceu6-blackpill/libopencm3/lib/libopencm3_stm32f1.a(desig.o)
                              i2c-stm32f1-usb.o (desig_get_unique_id_as_string)
/home/maddocks/src/i2c-star-stm32f411ceu6-blackpill/libopencm3/lib/libopencm3_stm32f1.a(gpio.o)
                              console_stm32.o (gpio_set_mode)
/home/maddocks/src/i2c-star-stm32f411ceu6-blackpill/libopencm3/lib/libopencm3_stm32f1.a(gpio_common_all.o)
                              i2c-stm32f1-usb.o (gpio_clear)
/home/maddocks/src/i2c-star-stm32f411ceu6-blackpill/libopencm3/lib/libopencm3_stm32f1.a(i2c_common_v1.o)
                              i2c_ctx.o (i2c_peripheral_enable)
/home/maddocks/src/i2c-star-stm32f411ceu6-blackpill/libopencm3/lib/libopencm3_stm32f1.a(rcc.o)
                              i2c-stm32f1-usb.o (rcc_clock_setup_in_hse_8mhz_out_72mhz)
/home/maddocks/src/i2c-star-stm32f411ceu6-blackpill/libopencm3/lib/libopencm3_stm32f1.a(rcc_common_all.o)
                              console_stm32.o (rcc_periph_clock_enable)
/home/maddocks/src/i2c-star-stm32f411ceu6-blackpill/libopencm3/lib/libopencm3_stm32f1.a(usart_common_all.o)
                              console_stm32.o (usart_set_baudrate)
/home/maddocks/src/i2c-star-stm32f411ceu6-blackpill/libopencm3/lib/libopencm3_stm32f1.a(usart_common_f124.o)
                              console_stm32.o (usart_send)
/home/maddocks/src/i2c-star-stm32f411ceu6-blackpill/libopencm3/lib/libopencm3_stm32f1.a(usb.o)
                              i2c-stm32f1-usb.o (usbd_init)
/home/maddocks/src/i2c-star-stm32f411ceu6-blackpill/libopencm3/lib/libopencm3_stm32f1.a(usb_control.o)
                              i2c-stm32f1-usb.o (usbd_register_control_callback)
/home/maddocks/src/i2c-star-stm32f411ceu6-blackpill/libopencm3/lib/libopencm3_stm32f1.a(usb_standard.o)
                              i2c-stm32f1-usb.o (usbd_register_set_config_callback)
/home/maddocks/src/i2c-star-stm32f411ceu6-blackpill/libopencm3/lib/libopencm3_stm32f1.a(st_usbfs_v1.o)
                              i2c-stm32f1-usb.o (st_usbfs_v1_usb_driver)
/home/maddocks/src/i2c-star-stm32f411ceu6-blackpill/libopencm3/lib/libopencm3_stm32f1.a(vector.o)
                              (reset_handler)
/home/maddocks/src/i2c-star-stm32f411ceu6-blackpill/libopencm3/lib/libopencm3_stm32f1.a(systick.o)
                              time_libopencm3.o (systick_set_reload)
/home/maddocks/src/i2c-star-stm32f411ceu6-blackpill/libopencm3/lib/libopencm3_stm32f1.a(scb.o)
                              i2c-stm32f1-usb.o (scb_reset_system)
/home/maddocks/src/i2c-star-stm32f411ceu6-blackpill/libopencm3/lib/libopencm3_stm32f1.a(nvic.o)
                              console_stm32.o (nvic_enable_irq)
/home/maddocks/src/i2c-star-stm32f411ceu6-blackpill/libopencm3/lib/libopencm3_stm32f1.a(assert.o)
                              /home/maddocks/src/i2c-star-stm32f411ceu6-blackpill/libopencm3/lib/libopencm3_stm32f1.a(rcc.o) (cm3_assert_failed)
/home/maddocks/src/i2c-star-stm32f411ceu6-blackpill/libopencm3/lib/libopencm3_stm32f1.a(flash_common_all.o)
                              /home/maddocks/src/i2c-star-stm32f411ceu6-blackpill/libopencm3/lib/libopencm3_stm32f1.a(rcc.o) (flash_set_ws)
/home/maddocks/src/i2c-star-stm32f411ceu6-blackpill/libopencm3/lib/libopencm3_stm32f1.a(st_usbfs_core.o)
                              /home/maddocks/src/i2c-star-stm32f411ceu6-blackpill/libopencm3/lib/libopencm3_stm32f1.a(st_usbfs_v1.o) (st_usbfs_set_address)
/usr/lib/gcc/arm-none-eabi/9.2.1/../../../arm-none-eabi/lib/thumb/v7-m/nofp/libc.a(lib_a-abort.o)
                              util.o (abort)
/usr/lib/gcc/arm-none-eabi/9.2.1/../../../arm-none-eabi/lib/thumb/v7-m/nofp/libc.a(lib_a-ctype_.o)
                              console.o (_ctype_)
/usr/lib/gcc/arm-none-eabi/9.2.1/../../../arm-none-eabi/lib/thumb/v7-m/nofp/libc.a(lib_a-errno.o)
                              console_stm32.o (__errno)
/usr/lib/gcc/arm-none-eabi/9.2.1/../../../arm-none-eabi/lib/thumb/v7-m/nofp/libc.a(lib_a-fflush.o)
                              console.o (fflush)
/usr/lib/gcc/arm-none-eabi/9.2.1/../../../arm-none-eabi/lib/thumb/v7-m/nofp/libc.a(lib_a-findfp.o)
                              /usr/lib/gcc/arm-none-eabi/9.2.1/../../../arm-none-eabi/lib/thumb/v7-m/nofp/libc.a(lib_a-fflush.o) (__sinit)
/usr/lib/gcc/arm-none-eabi/9.2.1/../../../arm-none-eabi/lib/thumb/v7-m/nofp/libc.a(lib_a-fprintf.o)
                              console.o (fprintf)
/usr/lib/gcc/arm-none-eabi/9.2.1/../../../arm-none-eabi/lib/thumb/v7-m/nofp/libc.a(lib_a-fputc.o)
                              console.o (fputc)
/usr/lib/gcc/arm-none-eabi/9.2.1/../../../arm-none-eabi/lib/thumb/v7-m/nofp/libc.a(lib_a-fputs.o)
                              console.o (fputs)
/usr/lib/gcc/arm-none-eabi/9.2.1/../../../arm-none-eabi/lib/thumb/v7-m/nofp/libc.a(lib_a-freer.o)
[...]
Memory Configuration

Name             Origin             Length             Attributes
rom              0x0000000008002000 0x000000000001e000 xr
ram              0x0000000020000000 0x0000000000005000 xrw
*default*        0x0000000000000000 0xffffffffffffffff

Linker script and memory map

LOAD console.o
LOAD console_stm32.o
LOAD i2c_ctx.o
LOAD bitops.o
LOAD fibre.o
LOAD fibre_default.o
LOAD list.o
LOAD messageq.o
LOAD regdump.o
LOAD ringbuf.o
LOAD time_libopencm3.o
LOAD util.o
LOAD i2c-stm32f1-usb.o
LOAD /home/maddocks/src/i2c-star-stm32f411ceu6-blackpill/libopencm3/lib/libopencm3_stm32f1.a
START GROUP
LOAD /usr/lib/gcc/arm-none-eabi/9.2.1/../../../arm-none-eabi/lib/thumb/v7-m/nofp/libc.a
LOAD /usr/lib/gcc/arm-none-eabi/9.2.1/thumb/v7-m/nofp/libgcc.a
LOAD /usr/lib/gcc/arm-none-eabi/9.2.1/../../../arm-none-eabi/lib/thumb/v7-m/nofp/libnosys.a
END GROUP
START GROUP
LOAD /usr/lib/gcc/arm-none-eabi/9.2.1/thumb/v7-m/nofp/libgcc.a
LOAD /usr/lib/gcc/arm-none-eabi/9.2.1/../../../arm-none-eabi/lib/thumb/v7-m/nofp/libc.a
END GROUP

.text           0x0000000008002000     0x976c
 *(.vectors)
 .vectors       0x0000000008002000      0x150 /home/maddocks/src/i2c-star-stm32f411ceu6-blackpill/libopencm3/lib/libopencm3_stm32f1.a(vector.o)
                0x0000000008002000                vector_table
 *(.text*)
 .text.console_echo
                0x0000000008002150       0x34 console.o
 .text.do_prompt
                0x0000000008002184       0x28 console.o
 .text.console_unknown
                0x00000000080021ac       0x1c console.o
 .text.console_help
                0x00000000080021c8       0x80 console.o
 .text.console_init
                0x0000000008002248       0x44 console.o
                0x0000000008002248                console_init
 .text.console_register
                0x000000000800228c       0x50 console.o
                0x000000000800228c                console_register
 .text.console_putchar
                0x00000000080022dc       0x14 console.o
                0x00000000080022dc                console_putchar
 .text.console_run
                0x00000000080022f0      0x180 console.o
                0x00000000080022f0                console_run
 .text.console_fibre_endpoint
                0x0000000008002470        0x8 console.o
 .text.console_hwinit
                0x0000000008002478       0x98 console_stm32.o
                0x0000000008002478                console_hwinit
 .text.usart1_isr
                0x0000000008002510       0x80 console_stm32.o
                0x0000000008002510                usart1_isr
 .text._write   0x0000000008002590       0x60 console_stm32.o
                0x0000000008002590                _write
 .text.i2c_ctx_is_timed_out
                0x00000000080025f0       0x3c i2c_ctx.o
 .text.i2c_ctx_init
                0x000000000800262c       0x1e i2c_ctx.o
                0x000000000800262c                i2c_ctx_init
 *fill*         0x000000000800264a        0x2 
 .text.i2c_ctx_reset
                0x000000000800264c       0x68 i2c_ctx.o
                0x000000000800264c                i2c_ctx_reset
 .text.i2c_ctx_start
                0x00000000080026b4       0x44 i2c_ctx.o
                0x00000000080026b4                i2c_ctx_start
 .text.i2c_ctx_sendaddr
                0x00000000080026f8       0x78 i2c_ctx.o
                0x00000000080026f8                i2c_ctx_sendaddr
 .text.i2c_ctx_senddata
                0x0000000008002770       0x40 i2c_ctx.o
                0x0000000008002770                i2c_ctx_senddata
 .text.i2c_ctx_getdata
                0x00000000080027b0       0x60 i2c_ctx.o
                0x00000000080027b0                i2c_ctx_getdata
 .text.i2c_ctx_stop
                0x0000000008002810       0x46 i2c_ctx.o
                0x0000000008002810                i2c_ctx_stop
 .text.bitcnt   0x0000000008002856       0x2a bitops.o
                0x0000000008002856                bitcnt
 .text.ctz      0x0000000008002880        0xa bitops.o
                0x0000000008002880                ctz
 .text.duetime_cmp
                0x000000000800288a        0xc fibre.o
 .text.messageq_empty
                0x0000000008002896       0x1a fibre.o
 .text.fibre_init
                0x00000000080028b0        0xc fibre.o
                0x00000000080028b0                fibre_init
 .text.fibre_run
                0x00000000080028bc       0x34 fibre.o
                0x00000000080028bc                fibre_run
 .text.handle_atomic_runq
                0x00000000080028f0       0x24 fibre.o
 .text.fibre_scheduler_next
                0x0000000008002914       0xfc fibre.o
                0x0000000008002914                fibre_scheduler_next
 .text.fibre_run_atomic
                0x0000000008002a10       0x40 fibre.o
                0x0000000008002a10                fibre_run_atomic
 .text.fibre_timeout
                0x0000000008002a50       0x48 fibre.o
                0x0000000008002a50                fibre_timeout
 .text.fibre_scheduler_main_loop
                0x0000000008002a98        0xc fibre_default.o
                0x0000000008002a98                fibre_scheduler_main_loop
 .text.list_insert
                0x0000000008002aa4       0x10 list.o
                0x0000000008002aa4                list_insert
 .text.list_extract
                0x0000000008002ab4       0x10 list.o
                0x0000000008002ab4                list_extract
 .text.list_iterate
                0x0000000008002ac4        0x8 list.o
                0x0000000008002ac4                list_iterate
 .text.list_iterator_next
                0x0000000008002acc        0xe list.o
                0x0000000008002acc                list_iterator_next
 .text.list_iterator_insert
                0x0000000008002ada       0x10 list.o
                0x0000000008002ada                list_iterator_insert
 .text.list_insert_sorted
                0x0000000008002aea       0x46 list.o
                0x0000000008002aea                list_insert_sorted
 .text.list_iterator_remove
                0x0000000008002b30       0x1a list.o
                0x0000000008002b30                list_iterator_remove
 .text.list_contains
                0x0000000008002b4a       0x24 list.o
                0x0000000008002b4a                list_contains
 .text.list_remove
                0x0000000008002b6e       0x18 list.o
                0x0000000008002b6e                list_remove
 .text.messageq_claim
                0x0000000008002b86       0x7c messageq.o
                0x0000000008002b86                messageq_claim
 .text.messageq_send
                0x0000000008002c02       0x2c messageq.o
                0x0000000008002c02                messageq_send
 .text.messageq_receive
                0x0000000008002c2e       0x48 messageq.o
                0x0000000008002c2e                messageq_receive
 .text.messageq_release
                0x0000000008002c76       0x1a messageq.o
                0x0000000008002c76                messageq_release
 .text.fregdump_single
                0x0000000008002c90       0x58 regdump.o
                0x0000000008002c90                fregdump_single
 .text.fregdump
                0x0000000008002ce8       0x20 regdump.o
                0x0000000008002ce8                fregdump
 .text.regdump  0x0000000008002d08       0x14 regdump.o
                0x0000000008002d08                regdump
 .text.ringbuf_init
                0x0000000008002d1c        0xc ringbuf.o
                0x0000000008002d1c                ringbuf_init
 .text.ringbuf_get
                0x0000000008002d28       0x3a ringbuf.o
                0x0000000008002d28                ringbuf_get
 .text.ringbuf_put
                0x0000000008002d62       0x3a ringbuf.o
                0x0000000008002d62                ringbuf_put
 .text.time_init
                0x0000000008002d9c       0x1c time_libopencm3.o
                0x0000000008002d9c                time_init
 .text.sys_tick_handler
                0x0000000008002db8       0x18 time_libopencm3.o
                0x0000000008002db8                sys_tick_handler
 .text.time_now
                0x0000000008002dd0        0xc time_libopencm3.o
                0x0000000008002dd0                time_now
 .text.cyclecmp32
                0x0000000008002ddc        0x4 util.o
                0x0000000008002ddc                cyclecmp32
 .text.usb_fibre
                0x0000000008002de0       0xb4 i2c-stm32f1-usb.o
 .text.usb_set_config
                0x0000000008002e94       0x28 i2c-stm32f1-usb.o
 .text.do_reboot
                0x0000000008002ebc       0x38 i2c-stm32f1-usb.o
 .text.do_id    0x0000000008002ef4       0x24 i2c-stm32f1-usb.o
 .text.usb_control_request
                0x0000000008002f18      0x150 i2c-stm32f1-usb.o
 .text.startup.main
                0x0000000008003068       0xa8 i2c-stm32f1-usb.o
                0x0000000008003068                main
 .text.desig_get_unique_id
                0x0000000008003110       0x20 /home/maddocks/src/i2c-star-stm32f411ceu6-blackpill/libopencm3/lib/libopencm3_stm32f1.a(desig.o)
                0x0000000008003110                desig_get_unique_id
 .text.desig_get_unique_id_as_string
                0x0000000008003130       0x70 /home/maddocks/src/i2c-star-stm32f411ceu6-blackpill/libopencm3/lib/libopencm3_stm32f1.a(desig.o)
                0x0000000008003130                desig_get_unique_id_as_string
 .text.gpio_set_mode
                0x00000000080031a0       0x5e /home/maddocks/src/i2c-star-stm32f411ceu6-blackpill/libopencm3/lib/libopencm3_stm32f1.a(gpio.o)
                0x00000000080031a0                gpio_set_mode
 .text.gpio_clear
                0x00000000080031fe        0x6 /home/maddocks/src/i2c-star-stm32f411ceu6-blackpill/libopencm3/lib/libopencm3_stm32f1.a(gpio_common_all.o)
                0x00000000080031fe                gpio_clear
 .text.i2c_peripheral_enable
                0x0000000008003204        0xa /home/maddocks/src/i2c-star-stm32f411ceu6-blackpill/libopencm3/lib/libopencm3_stm32f1.a(i2c_common_v1.o)
                0x0000000008003204                i2c_peripheral_enable
 .text.i2c_peripheral_disable
                0x000000000800320e        0xa /home/maddocks/src/i2c-star-stm32f411ceu6-blackpill/libopencm3/lib/libopencm3_stm32f1.a(i2c_common_v1.o)
                0x000000000800320e                i2c_peripheral_disable
 .text.i2c_send_start
                0x0000000008003218        0xa /home/maddocks/src/i2c-star-stm32f411ceu6-blackpill/libopencm3/lib/libopencm3_stm32f1.a(i2c_common_v1.o)
                0x0000000008003218                i2c_send_start
 .text.i2c_send_stop
                0x0000000008003222        0xa /home/maddocks/src/i2c-star-stm32f411ceu6-blackpill/libopencm3/lib/libopencm3_stm32f1.a(i2c_common_v1.o)
                0x0000000008003222                i2c_send_stop
 .text.i2c_set_own_7bit_slave_address
                0x000000000800322c        0xa /home/maddocks/src/i2c-star-stm32f411ceu6-blackpill/libopencm3/lib/libopencm3_stm32f1.a(i2c_common_v1.o)
                0x000000000800322c                i2c_set_own_7bit_slave_address
 .text.i2c_set_clock_frequency
                0x0000000008003236        0xe /home/maddocks/src/i2c-star-stm32f411ceu6-blackpill/libopencm3/lib/libopencm3_stm32f1.a(i2c_common_v1.o)
                0x0000000008003236                i2c_set_clock_frequency
 .text.i2c_send_data
                0x0000000008003244        0x4 /home/maddocks/src/i2c-star-stm32f411ceu6-blackpill/libopencm3/lib/libopencm3_stm32f1.a(i2c_common_v1.o)
                0x0000000008003244                i2c_send_data
 .text.i2c_set_ccr
                0x0000000008003248        0xc /home/maddocks/src/i2c-star-stm32f411ceu6-blackpill/libopencm3/lib/libopencm3_stm32f1.a(i2c_common_v1.o)
                0x0000000008003248                i2c_set_ccr
 .text.i2c_set_trise
                0x0000000008003254        0x4 /home/maddocks/src/i2c-star-stm32f411ceu6-blackpill/libopencm3/lib/libopencm3_stm32f1.a(i2c_common_v1.o)
                0x0000000008003254                i2c_set_trise
 .text.i2c_send_7bit_address
                0x0000000008003258        0xa /home/maddocks/src/i2c-star-stm32f411ceu6-blackpill/libopencm3/lib/libopencm3_stm32f1.a(i2c_common_v1.o)
                0x0000000008003258                i2c_send_7bit_address
 .text.i2c_get_data
                0x0000000008003262        0x6 /home/maddocks/src/i2c-star-stm32f411ceu6-blackpill/libopencm3/lib/libopencm3_stm32f1.a(i2c_common_v1.o)
                0x0000000008003262                i2c_get_data
 .text.rcc_osc_on.part.0
                0x0000000008003268       0x10 /home/maddocks/src/i2c-star-stm32f411ceu6-blackpill/libopencm3/lib/libopencm3_stm32f1.a(rcc.o)
 .text.rcc_is_osc_ready
                0x0000000008003278       0x5c /home/maddocks/src/i2c-star-stm32f411ceu6-blackpill/libopencm3/lib/libopencm3_stm32f1.a(rcc.o)
                0x0000000008003278                rcc_is_osc_ready
 .text.rcc_wait_for_osc_ready
                0x00000000080032d4       0x10 /home/maddocks/src/i2c-star-stm32f411ceu6-blackpill/libopencm3/lib/libopencm3_stm32f1.a(rcc.o)
                0x00000000080032d4                rcc_wait_for_osc_ready
 .text.rcc_osc_on
                0x00000000080032e4       0x54 /home/maddocks/src/i2c-star-stm32f411ceu6-blackpill/libopencm3/lib/libopencm3_stm32f1.a(rcc.o)
                0x00000000080032e4                rcc_osc_on
 .text.rcc_set_sysclk_source
                0x0000000008003338       0x14 /home/maddocks/src/i2c-star-stm32f411ceu6-blackpill/libopencm3/lib/libopencm3_stm32f1.a(rcc.o)
                0x0000000008003338                rcc_set_sysclk_source
 .text.rcc_set_pll_multiplication_factor
                0x000000000800334c       0x14 /home/maddocks/src/i2c-star-stm32f411ceu6-blackpill/libopencm3/lib/libopencm3_stm32f1.a(rcc.o)
                0x000000000800334c                rcc_set_pll_multiplication_factor
 .text.rcc_set_pll_source
                0x0000000008003360       0x14 /home/maddocks/src/i2c-star-stm32f411ceu6-blackpill/libopencm3/lib/libopencm3_stm32f1.a(rcc.o)
                0x0000000008003360                rcc_set_pll_source
 .text.rcc_set_pllxtpre
                0x0000000008003374       0x14 /home/maddocks/src/i2c-star-stm32f411ceu6-blackpill/libopencm3/lib/libopencm3_stm32f1.a(rcc.o)
                0x0000000008003374                rcc_set_pllxtpre
 .text.rcc_set_adcpre
                0x0000000008003388       0x14 /home/maddocks/src/i2c-star-stm32f411ceu6-blackpill/libopencm3/lib/libopencm3_stm32f1.a(rcc.o)
                0x0000000008003388                rcc_set_adcpre
 .text.rcc_set_ppre2
                0x000000000800339c       0x14 /home/maddocks/src/i2c-star-stm32f411ceu6-blackpill/libopencm3/lib/libopencm3_stm32f1.a(rcc.o)
                0x000000000800339c                rcc_set_ppre2
 .text.rcc_set_ppre1
                0x00000000080033b0       0x14 /home/maddocks/src/i2c-star-stm32f411ceu6-blackpill/libopencm3/lib/libopencm3_stm32f1.a(rcc.o)
                0x00000000080033b0                rcc_set_ppre1
 .text.rcc_set_hpre
                0x00000000080033c4       0x14 /home/maddocks/src/i2c-star-stm32f411ceu6-blackpill/libopencm3/lib/libopencm3_stm32f1.a(rcc.o)
                0x00000000080033c4                rcc_set_hpre
 .text.rcc_clock_setup_in_hse_8mhz_out_72mhz
                0x00000000080033d8       0x8c /home/maddocks/src/i2c-star-stm32f411ceu6-blackpill/libopencm3/lib/libopencm3_stm32f1.a(rcc.o)
                0x00000000080033d8                rcc_clock_setup_in_hse_8mhz_out_72mhz
 .text.rcc_periph_clock_enable
                0x0000000008003464       0x1c /home/maddocks/src/i2c-star-stm32f411ceu6-blackpill/libopencm3/lib/libopencm3_stm32f1.a(rcc_common_all.o)
                0x0000000008003464                rcc_periph_clock_enable
 .text.rcc_periph_reset_pulse
                0x0000000008003480       0x24 /home/maddocks/src/i2c-star-stm32f411ceu6-blackpill/libopencm3/lib/libopencm3_stm32f1.a(rcc_common_all.o)
                0x0000000008003480                rcc_periph_reset_pulse
 .text.usart_set_baudrate
                0x00000000080034a4       0x28 /home/maddocks/src/i2c-star-stm32f411ceu6-blackpill/libopencm3/lib/libopencm3_stm32f1.a(usart_common_all.o)
                0x00000000080034a4                usart_set_baudrate
 .text.usart_set_databits
                0x00000000080034cc       0x12 /home/maddocks/src/i2c-star-stm32f411ceu6-blackpill/libopencm3/lib/libopencm3_stm32f1.a(usart_common_all.o)
                0x00000000080034cc                usart_set_databits
 .text.usart_set_stopbits
                0x00000000080034de        0xc /home/maddocks/src/i2c-star-stm32f411ceu6-blackpill/libopencm3/lib/libopencm3_stm32f1.a(usart_common_all.o)
                0x00000000080034de                usart_set_stopbits
 .text.usart_set_parity
                0x00000000080034ea        0xc /home/maddocks/src/i2c-star-stm32f411ceu6-blackpill/libopencm3/lib/libopencm3_stm32f1.a(usart_common_all.o)
                0x00000000080034ea                usart_set_parity
 .text.usart_set_mode
                0x00000000080034f6        0xc /home/maddocks/src/i2c-star-stm32f411ceu6-blackpill/libopencm3/lib/libopencm3_stm32f1.a(usart_common_all.o)
                0x00000000080034f6                usart_set_mode
 .text.usart_set_flow_control
                0x0000000008003502        0xc /home/maddocks/src/i2c-star-stm32f411ceu6-blackpill/libopencm3/lib/libopencm3_stm32f1.a(usart_common_all.o)
                0x0000000008003502                usart_set_flow_control
 .text.usart_enable
                0x000000000800350e        0xa /home/maddocks/src/i2c-star-stm32f411ceu6-blackpill/libopencm3/lib/libopencm3_stm32f1.a(usart_common_all.o)
                0x000000000800350e                usart_enable
 .text.usart_send
                0x0000000008003518        0x8 /home/maddocks/src/i2c-star-stm32f411ceu6-blackpill/libopencm3/lib/libopencm3_stm32f1.a(usart_common_f124.o)
                0x0000000008003518                usart_send
 .text.usart_recv
                0x0000000008003520        0x8 /home/maddocks/src/i2c-star-stm32f411ceu6-blackpill/libopencm3/lib/libopencm3_stm32f1.a(usart_common_f124.o)
                0x0000000008003520                usart_recv
 .text.usbd_init
                0x0000000008003528       0x50 /home/maddocks/src/i2c-star-stm32f411ceu6-blackpill/libopencm3/lib/libopencm3_stm32f1.a(usb.o)
                0x0000000008003528                usbd_init
 .text.usbd_poll
                0x0000000008003578        0x8 /home/maddocks/src/i2c-star-stm32f411ceu6-blackpill/libopencm3/lib/libopencm3_stm32f1.a(usb.o)
                0x0000000008003578                usbd_poll
 .text.usbd_ep_setup
                0x0000000008003580        0xe /home/maddocks/src/i2c-star-stm32f411ceu6-blackpill/libopencm3/lib/libopencm3_stm32f1.a(usb.o)
                0x0000000008003580                usbd_ep_setup
 .text._usbd_reset
                0x000000000800358e       0x32 /home/maddocks/src/i2c-star-stm32f411ceu6-blackpill/libopencm3/lib/libopencm3_stm32f1.a(usb.o)
                0x000000000800358e                _usbd_reset
 .text.usbd_ep_write_packet
                0x00000000080035c0        0xe /home/maddocks/src/i2c-star-stm32f411ceu6-blackpill/libopencm3/lib/libopencm3_stm32f1.a(usb.o)
                0x00000000080035c0                usbd_ep_write_packet
 .text.usbd_ep_read_packet
                0x00000000080035ce        0xe /home/maddocks/src/i2c-star-stm32f411ceu6-blackpill/libopencm3/lib/libopencm3_stm32f1.a(usb.o)
                0x00000000080035ce                usbd_ep_read_packet
 .text.usbd_ep_stall_set
                0x00000000080035dc        0x8 /home/maddocks/src/i2c-star-stm32f411ceu6-blackpill/libopencm3/lib/libopencm3_stm32f1.a(usb.o)
                0x00000000080035dc                usbd_ep_stall_set
 .text.usbd_ep_stall_get
                0x00000000080035e4        0x8 /home/maddocks/src/i2c-star-stm32f411ceu6-blackpill/libopencm3/lib/libopencm3_stm32f1.a(usb.o)
                0x00000000080035e4                usbd_ep_stall_get
 .text.usbd_ep_nak_set
                0x00000000080035ec        0x8 /home/maddocks/src/i2c-star-stm32f411ceu6-blackpill/libopencm3/lib/libopencm3_stm32f1.a(usb.o)
                0x00000000080035ec                usbd_ep_nak_set
 .text.usb_control_send_chunk
                0x00000000080035f4       0x52 /home/maddocks/src/i2c-star-stm32f411ceu6-blackpill/libopencm3/lib/libopencm3_stm32f1.a(usb_control.o)
 .text.usb_control_request_dispatch
                0x0000000008003646       0x60 /home/maddocks/src/i2c-star-stm32f411ceu6-blackpill/libopencm3/lib/libopencm3_stm32f1.a(usb_control.o)
 .text.stall_transaction
                0x00000000080036a6       0x14 /home/maddocks/src/i2c-star-stm32f411ceu6-blackpill/libopencm3/lib/libopencm3_stm32f1.a(usb_control.o)
 .text.usb_control_recv_chunk
                0x00000000080036ba       0x3c /home/maddocks/src/i2c-star-stm32f411ceu6-blackpill/libopencm3/lib/libopencm3_stm32f1.a(usb_control.o)
 .text.usb_control_setup_read
                0x00000000080036f6       0x66 /home/maddocks/src/i2c-star-stm32f411ceu6-blackpill/libopencm3/lib/libopencm3_stm32f1.a(usb_control.o)
 .text.usbd_register_control_callback
                0x000000000800375c       0x2c /home/maddocks/src/i2c-star-stm32f411ceu6-blackpill/libopencm3/lib/libopencm3_stm32f1.a(usb_control.o)
                0x000000000800375c                usbd_register_control_callback
 .text._usbd_control_setup
                0x0000000008003788       0x60 /home/maddocks/src/i2c-star-stm32f411ceu6-blackpill/libopencm3/lib/libopencm3_stm32f1.a(usb_control.o)
                0x0000000008003788                _usbd_control_setup
 .text._usbd_control_out
                0x00000000080037e8       0x82 /home/maddocks/src/i2c-star-stm32f411ceu6-blackpill/libopencm3/lib/libopencm3_stm32f1.a(usb_control.o)
                0x00000000080037e8                _usbd_control_out
 .text._usbd_control_in
                0x000000000800386a       0x64 /home/maddocks/src/i2c-star-stm32f411ceu6-blackpill/libopencm3/lib/libopencm3_stm32f1.a(usb_control.o)
                0x000000000800386a                _usbd_control_in
 .text.usb_standard_set_address
                0x00000000080038ce       0x2a /home/maddocks/src/i2c-star-stm32f411ceu6-blackpill/libopencm3/lib/libopencm3_stm32f1.a(usb_standard.o)
 .text.usb_standard_set_configuration
                0x00000000080038f8       0x92 /home/maddocks/src/i2c-star-stm32f411ceu6-blackpill/libopencm3/lib/libopencm3_stm32f1.a(usb_standard.o)
 .text.usb_standard_get_configuration
                0x000000000800398a       0x22 /home/maddocks/src/i2c-star-stm32f411ceu6-blackpill/libopencm3/lib/libopencm3_stm32f1.a(usb_standard.o)
 .text.usb_standard_get_interface
                0x00000000080039ac       0x34 /home/maddocks/src/i2c-star-stm32f411ceu6-blackpill/libopencm3/lib/libopencm3_stm32f1.a(usb_standard.o)
 .text.usb_standard_device_get_status
                0x00000000080039e0       0x18 /home/maddocks/src/i2c-star-stm32f411ceu6-blackpill/libopencm3/lib/libopencm3_stm32f1.a(usb_standard.o)
 .text.usb_standard_endpoint_get_status
                0x00000000080039f8       0x2a /home/maddocks/src/i2c-star-stm32f411ceu6-blackpill/libopencm3/lib/libopencm3_stm32f1.a(usb_standard.o)
 .text.usb_standard_endpoint_stall
                0x0000000008003a22       0x10 /home/maddocks/src/i2c-star-stm32f411ceu6-blackpill/libopencm3/lib/libopencm3_stm32f1.a(usb_standard.o)
 .text.usb_standard_endpoint_unstall
                0x0000000008003a32       0x10 /home/maddocks/src/i2c-star-stm32f411ceu6-blackpill/libopencm3/lib/libopencm3_stm32f1.a(usb_standard.o)
 .text.usb_standard_set_interface
                0x0000000008003a42       0x50 /home/maddocks/src/i2c-star-stm32f411ceu6-blackpill/libopencm3/lib/libopencm3_stm32f1.a(usb_standard.o)
 .text.usb_standard_get_descriptor
                0x0000000008003a92      0x26a /home/maddocks/src/i2c-star-stm32f411ceu6-blackpill/libopencm3/lib/libopencm3_stm32f1.a(usb_standard.o)
 .text.usb_standard_interface_get_status
                0x0000000008003cfc       0x18 /home/maddocks/src/i2c-star-stm32f411ceu6-blackpill/libopencm3/lib/libopencm3_stm32f1.a(usb_standard.o)
 .text.usbd_register_set_config_callback
                0x0000000008003d14       0x2c /home/maddocks/src/i2c-star-stm32f411ceu6-blackpill/libopencm3/lib/libopencm3_stm32f1.a(usb_standard.o)
                0x0000000008003d14                usbd_register_set_config_callback
 .text._usbd_standard_request_device
                0x0000000008003d40       0x48 /home/maddocks/src/i2c-star-stm32f411ceu6-blackpill/libopencm3/lib/libopencm3_stm32f1.a(usb_standard.o)
                0x0000000008003d40                _usbd_standard_request_device
 .text._usbd_standard_request_interface
                0x0000000008003d88       0x30 /home/maddocks/src/i2c-star-stm32f411ceu6-blackpill/libopencm3/lib/libopencm3_stm32f1.a(usb_standard.o)
                0x0000000008003d88                _usbd_standard_request_interface
 .text._usbd_standard_request_endpoint
                0x0000000008003db8       0x3c /home/maddocks/src/i2c-star-stm32f411ceu6-blackpill/libopencm3/lib/libopencm3_stm32f1.a(usb_standard.o)
                0x0000000008003db8                _usbd_standard_request_endpoint
 .text._usbd_standard_request
                0x0000000008003df4       0x30 /home/maddocks/src/i2c-star-stm32f411ceu6-blackpill/libopencm3/lib/libopencm3_stm32f1.a(usb_standard.o)
                0x0000000008003df4                _usbd_standard_request
 .text.st_usbfs_v1_usbd_init
                0x0000000008003e24       0x30 /home/maddocks/src/i2c-star-stm32f411ceu6-blackpill/libopencm3/lib/libopencm3_stm32f1.a(st_usbfs_v1.o)
 .text.st_usbfs_copy_to_pm
                0x0000000008003e54       0x18 /home/maddocks/src/i2c-star-stm32f411ceu6-blackpill/libopencm3/lib/libopencm3_stm32f1.a(st_usbfs_v1.o)
                0x0000000008003e54                st_usbfs_copy_to_pm
 .text.st_usbfs_copy_from_pm
                0x0000000008003e6c       0x26 /home/maddocks/src/i2c-star-stm32f411ceu6-blackpill/libopencm3/lib/libopencm3_stm32f1.a(st_usbfs_v1.o)
                0x0000000008003e6c                st_usbfs_copy_from_pm
 .text.blocking_handler
                0x0000000008003e92        0x2 /home/maddocks/src/i2c-star-stm32f411ceu6-blackpill/libopencm3/lib/libopencm3_stm32f1.a(vector.o)
                0x0000000008003e92                usart3_isr
                0x0000000008003e92                rtc_isr
                0x0000000008003e92                tim7_isr
                0x0000000008003e92                adc1_2_isr
                0x0000000008003e92                tim1_trg_com_isr
                0x0000000008003e92                usb_hp_can_tx_isr
                0x0000000008003e92                tim6_isr
                0x0000000008003e92                usb_wakeup_isr
                0x0000000008003e92                blocking_handler
                0x0000000008003e92                tim5_isr
                0x0000000008003e92                otg_fs_isr
                0x0000000008003e92                spi1_isr
                0x0000000008003e92                exti2_isr
                0x0000000008003e92                dma1_channel6_isr
                0x0000000008003e92                can_rx1_isr
                0x0000000008003e92                dma1_channel5_isr
                0x0000000008003e92                dma2_channel5_isr
                0x0000000008003e92                usage_fault_handler
                0x0000000008003e92                tim8_trg_com_isr
                0x0000000008003e92                can2_rx0_isr
                0x0000000008003e92                tim1_brk_isr
                0x0000000008003e92                can2_rx1_isr
                0x0000000008003e92                tim1_cc_isr
                0x0000000008003e92                sdio_isr
                0x0000000008003e92                eth_isr
                0x0000000008003e92                dma1_channel4_isr
                0x0000000008003e92                tim8_brk_isr
                0x0000000008003e92                dma2_channel4_5_isr
                0x0000000008003e92                pvd_isr
                0x0000000008003e92                rcc_isr
                0x0000000008003e92                flash_isr
                0x0000000008003e92                uart4_isr
                0x0000000008003e92                rtc_alarm_isr
                0x0000000008003e92                exti15_10_isr
                0x0000000008003e92                hard_fault_handler
                0x0000000008003e92                exti1_isr
                0x0000000008003e92                i2c1_ev_isr
                0x0000000008003e92                dma2_channel1_isr
                0x0000000008003e92                spi2_isr
                0x0000000008003e92                tim8_up_isr
                0x0000000008003e92                dma2_channel2_isr
                0x0000000008003e92                exti3_isr
                0x0000000008003e92                adc3_isr
                0x0000000008003e92                tim3_isr
                0x0000000008003e92                usart2_isr
                0x0000000008003e92                usb_lp_can_rx0_isr
                0x0000000008003e92                i2c2_er_isr
                0x0000000008003e92                i2c2_ev_isr
                0x0000000008003e92                uart5_isr
                0x0000000008003e92                fsmc_isr
                0x0000000008003e92                dma1_channel1_isr
                0x0000000008003e92                exti4_isr
                0x0000000008003e92                mem_manage_handler
                0x0000000008003e92                can2_tx_isr
                0x0000000008003e92                exti9_5_isr
                0x0000000008003e92                dma2_channel3_isr
                0x0000000008003e92                dma1_channel7_isr
                0x0000000008003e92                tim1_up_isr
                0x0000000008003e92                can2_sce_isr
                0x0000000008003e92                tim4_isr
                0x0000000008003e92                dma1_channel2_isr
                0x0000000008003e92                i2c1_er_isr
                0x0000000008003e92                can_sce_isr
                0x0000000008003e92                tim8_cc_isr
                0x0000000008003e92                tamper_isr
                0x0000000008003e92                eth_wkup_isr
                0x0000000008003e92                bus_fault_handler
                0x0000000008003e92                wwdg_isr
                0x0000000008003e92                dma1_channel3_isr
                0x0000000008003e92                spi3_isr
                0x0000000008003e92                tim2_isr
                0x0000000008003e92                exti0_isr
 .text.null_handler
                0x0000000008003e94        0x2 /home/maddocks/src/i2c-star-stm32f411ceu6-blackpill/libopencm3/lib/libopencm3_stm32f1.a(vector.o)
                0x0000000008003e94                null_handler
                0x0000000008003e94                sv_call_handler
                0x0000000008003e94                pend_sv_handler
                0x0000000008003e94                debug_monitor_handler
                0x0000000008003e94                nmi_handler
 *fill*         0x0000000008003e96        0x2 
 .text.reset_handler
                0x0000000008003e98       0x90 /home/maddocks/src/i2c-star-stm32f411ceu6-blackpill/libopencm3/lib/libopencm3_stm32f1.a(vector.o)
                0x0000000008003e98                reset_handler
 .text.systick_set_reload
                0x0000000008003f28       0x10 /home/maddocks/src/i2c-star-stm32f411ceu6-blackpill/libopencm3/lib/libopencm3_stm32f1.a(systick.o)
                0x0000000008003f28                systick_set_reload
 .text.systick_set_clocksource
                0x0000000008003f38       0x18 /home/maddocks/src/i2c-star-stm32f411ceu6-blackpill/libopencm3/lib/libopencm3_stm32f1.a(systick.o)
                0x0000000008003f38                systick_set_clocksource
 .text.systick_interrupt_enable
                0x0000000008003f50       0x10 /home/maddocks/src/i2c-star-stm32f411ceu6-blackpill/libopencm3/lib/libopencm3_stm32f1.a(systick.o)
                0x0000000008003f50                systick_interrupt_enable
 .text.systick_counter_enable
                0x0000000008003f60       0x10 /home/maddocks/src/i2c-star-stm32f411ceu6-blackpill/libopencm3/lib/libopencm3_stm32f1.a(systick.o)
                0x0000000008003f60                systick_counter_enable
 .text.scb_reset_system
                0x0000000008003f70       0x10 /home/maddocks/src/i2c-star-stm32f411ceu6-blackpill/libopencm3/lib/libopencm3_stm32f1.a(scb.o)
                0x0000000008003f70                scb_reset_system
 .text.nvic_enable_irq
                0x0000000008003f80       0x1a /home/maddocks/src/i2c-star-stm32f411ceu6-blackpill/libopencm3/lib/libopencm3_stm32f1.a(nvic.o)
                0x0000000008003f80                nvic_enable_irq
 *fill*         0x0000000008003f9a        0x2 
 .text.flash_set_ws
                0x0000000008003f9c       0x14 /home/maddocks/src/i2c-star-stm32f411ceu6-blackpill/libopencm3/lib/libopencm3_stm32f1.a(flash_common_all.o)
                0x0000000008003f9c                flash_set_ws
 .text.st_usbfs_set_address
                0x0000000008003fb0       0x10 /home/maddocks/src/i2c-star-stm32f411ceu6-blackpill/libopencm3/lib/libopencm3_stm32f1.a(st_usbfs_core.o)
                0x0000000008003fb0                st_usbfs_set_address
 .text.st_usbfs_set_ep_rx_bufsize
                0x0000000008003fc0       0x40 /home/maddocks/src/i2c-star-stm32f411ceu6-blackpill/libopencm3/lib/libopencm3_stm32f1.a(st_usbfs_core.o)
                0x0000000008003fc0                st_usbfs_set_ep_rx_bufsize
 .text.st_usbfs_ep_setup
                0x0000000008004000      0x124 /home/maddocks/src/i2c-star-stm32f411ceu6-blackpill/libopencm3/lib/libopencm3_stm32f1.a(st_usbfs_core.o)
                0x0000000008004000                st_usbfs_ep_setup
 .text.st_usbfs_endpoints_reset
                0x0000000008004124       0x44 /home/maddocks/src/i2c-star-stm32f411ceu6-blackpill/libopencm3/lib/libopencm3_stm32f1.a(st_usbfs_core.o)
                0x0000000008004124                st_usbfs_endpoints_reset
 .text.st_usbfs_ep_stall_set
                0x0000000008004168       0xc0 /home/maddocks/src/i2c-star-stm32f411ceu6-blackpill/libopencm3/lib/libopencm3_stm32f1.a(st_usbfs_core.o)
                0x0000000008004168                st_usbfs_ep_stall_set
 .text.st_usbfs_ep_stall_get
                0x0000000008004228       0x38 /home/maddocks/src/i2c-star-stm32f411ceu6-blackpill/libopencm3/lib/libopencm3_stm32f1.a(st_usbfs_core.o)
                0x0000000008004228                st_usbfs_ep_stall_get
 .text.st_usbfs_ep_nak_set
                0x0000000008004260       0x3c /home/maddocks/src/i2c-star-stm32f411ceu6-blackpill/libopencm3/lib/libopencm3_stm32f1.a(st_usbfs_core.o)
                0x0000000008004260                st_usbfs_ep_nak_set
 .text.st_usbfs_ep_write_packet
                0x000000000800429c       0x80 /home/maddocks/src/i2c-star-stm32f411ceu6-blackpill/libopencm3/lib/libopencm3_stm32f1.a(st_usbfs_core.o)
                0x000000000800429c                st_usbfs_ep_write_packet
 .text.st_usbfs_ep_read_packet
                0x000000000800431c       0xac /home/maddocks/src/i2c-star-stm32f411ceu6-blackpill/libopencm3/lib/libopencm3_stm32f1.a(st_usbfs_core.o)
                0x000000000800431c                st_usbfs_ep_read_packet
 .text.st_usbfs_poll
                0x00000000080043c8       0xe8 /home/maddocks/src/i2c-star-stm32f411ceu6-blackpill/libopencm3/lib/libopencm3_stm32f1.a(st_usbfs_core.o)
                0x00000000080043c8                st_usbfs_poll
 .text          0x00000000080044b0       0x10 /usr/lib/gcc/arm-none-eabi/9.2.1/../../../arm-none-eabi/lib/thumb/v7-m/nofp/libc.a(lib_a-abort.o)
                0x00000000080044b0                abort
 .text          0x00000000080044c0        0xc /usr/lib/gcc/arm-none-eabi/9.2.1/../../../arm-none-eabi/lib/thumb/v7-m/nofp/libc.a(lib_a-errno.o)
                0x00000000080044c0                __errno
 .text          0x00000000080044cc      0x19c /usr/lib/gcc/arm-none-eabi/9.2.1/../../../arm-none-eabi/lib/thumb/v7-m/nofp/libc.a(lib_a-fflush.o)
                0x00000000080044cc                __sflush_r
                0x0000000008004610                _fflush_r
                0x0000000008004644                fflush
 .text          0x0000000008004668      0x1f4 /usr/lib/gcc/arm-none-eabi/9.2.1/../../../arm-none-eabi/lib/thumb/v7-m/nofp/libc.a(lib_a-findfp.o)
                0x000000000800466c                _cleanup_r
                0x0000000008004750                __sfmoreglue
                0x0000000008004780                __sfp
                0x0000000008004808                _cleanup
                0x000000000800481c                __sinit
                0x0000000008004824                __sfp_lock_acquire
                0x0000000008004828                __sfp_lock_release
                0x000000000800482c                __sinit_lock_acquire
                0x0000000008004830                __sinit_lock_release
                0x0000000008004834                __fp_lock_all
                0x0000000008004848                __fp_unlock_all
 .text          0x000000000800485c       0x48 /usr/lib/gcc/arm-none-eabi/9.2.1/../../../arm-none-eabi/lib/thumb/v7-m/nofp/libc.a(lib_a-fprintf.o)
                0x000000000800485c                _fprintf_r
                0x000000000800487c                fprintf
 .text          0x00000000080048a4       0x68 /usr/lib/gcc/arm-none-eabi/9.2.1/../../../arm-none-eabi/lib/thumb/v7-m/nofp/libc.a(lib_a-fputc.o)
                0x00000000080048a4                _fputc_r
                0x00000000080048d4                fputc
 .text          0x000000000800490c       0x60 /usr/lib/gcc/arm-none-eabi/9.2.1/../../../arm-none-eabi/lib/thumb/v7-m/nofp/libc.a(lib_a-fputs.o)
                0x000000000800490c                _fputs_r
                0x000000000800495c                fputs
 .text          0x000000000800496c      0x294 /usr/lib/gcc/arm-none-eabi/9.2.1/../../../arm-none-eabi/lib/thumb/v7-m/nofp/libc.a(lib_a-freer.o)
                0x000000000800496c                _malloc_trim_r
                0x0000000008004a0c                _free_r
 .text          0x0000000008004c00      0x300 /usr/lib/gcc/arm-none-eabi/9.2.1/../../../arm-none-eabi/lib/thumb/v7-m/nofp/libc.a(lib_a-fvwrite.o)
                0x0000000008004c00                __sfvwrite_r
 .text          0x0000000008004f00       0x98 /usr/lib/gcc/arm-none-eabi/9.2.1/../../../arm-none-eabi/lib/thumb/v7-m/nofp/libc.a(lib_a-fwalk.o)
                0x0000000008004f00                _fwalk
                0x0000000008004f48                _fwalk_reent
 .text          0x0000000008004f98      0x548 /usr/lib/gcc/arm-none-eabi/9.2.1/../../../arm-none-eabi/lib/thumb/v7-m/nofp/libc.a(lib_a-mallocr.o)
                0x0000000008004f98                _malloc_r
 .text          0x00000000080054e0       0x8c /usr/lib/gcc/arm-none-eabi/9.2.1/../../../arm-none-eabi/lib/thumb/v7-m/nofp/libc.a(lib_a-memchr-stub.o)
                0x00000000080054e0                memchr
 .text          0x000000000800556c       0xec /usr/lib/gcc/arm-none-eabi/9.2.1/../../../arm-none-eabi/lib/thumb/v7-m/nofp/libc.a(lib_a-memcpy.o)
                0x000000000800556c                memcpy
 .text          0x0000000008005658       0xcc /usr/lib/gcc/arm-none-eabi/9.2.1/../../../arm-none-eabi/lib/thumb/v7-m/nofp/libc.a(lib_a-memmove.o)
                0x0000000008005658                memmove
 .text          0x0000000008005724       0xa0 /usr/lib/gcc/arm-none-eabi/9.2.1/../../../arm-none-eabi/lib/thumb/v7-m/nofp/libc.a(lib_a-memset.o)
                0x0000000008005724                memset
 .text          0x00000000080057c4        0x8 /usr/lib/gcc/arm-none-eabi/9.2.1/../../../arm-none-eabi/lib/thumb/v7-m/nofp/libc.a(lib_a-mlock.o)
                0x00000000080057c4                __malloc_lock
                0x00000000080057c8                __malloc_unlock
 .text          0x00000000080057cc       0xb4 /usr/lib/gcc/arm-none-eabi/9.2.1/../../../arm-none-eabi/lib/thumb/v7-m/nofp/libc.a(lib_a-putc.o)
                0x00000000080057cc                _putc_r
                0x0000000008005820                putc
 .text          0x0000000008005880       0x78 /usr/lib/gcc/arm-none-eabi/9.2.1/../../../arm-none-eabi/lib/thumb/v7-m/nofp/libc.a(lib_a-puts.o)
                0x0000000008005880                _puts_r
                0x00000000080058e8                puts
 .text          0x00000000080058f8      0x37c /usr/lib/gcc/arm-none-eabi/9.2.1/../../../arm-none-eabi/lib/thumb/v7-m/nofp/libc.a(lib_a-reallocr.o)
                0x00000000080058f8                _realloc_r
 .text          0x0000000008005c74       0x24 /usr/lib/gcc/arm-none-eabi/9.2.1/../../../arm-none-eabi/lib/thumb/v7-m/nofp/libc.a(lib_a-sbrkr.o)
                0x0000000008005c74                _sbrk_r
 .text          0x0000000008005c98      0x15c /usr/lib/gcc/arm-none-eabi/9.2.1/../../../arm-none-eabi/lib/thumb/v7-m/nofp/libc.a(lib_a-signal.o)
                0x0000000008005cc0                _init_signal_r
                0x0000000008005ccc                _signal_r
                0x0000000008005d04                _raise_r
                0x0000000008005d5c                __sigtramp_r
                0x0000000008005db0                raise
                0x0000000008005dc0                signal
                0x0000000008005dd0                _init_signal
                0x0000000008005de4                __sigtramp
 .text          0x0000000008005df4       0x2c /usr/lib/gcc/arm-none-eabi/9.2.1/../../../arm-none-eabi/lib/thumb/v7-m/nofp/libc.a(lib_a-signalr.o)
                0x0000000008005df4                _kill_r
                0x0000000008005e1c                _getpid_r
 .text          0x0000000008005e20       0x90 /usr/lib/gcc/arm-none-eabi/9.2.1/../../../arm-none-eabi/lib/thumb/v7-m/nofp/libc.a(lib_a-stdio.o)
                0x0000000008005e20                __sread
                0x0000000008005e44                __seofread
                0x0000000008005e48                __swrite
                0x0000000008005e88                __sseek
                0x0000000008005ea8                __sclose
 .text          0x0000000008005eb0      0x1bc /usr/lib/gcc/arm-none-eabi/9.2.1/../../../arm-none-eabi/lib/thumb/v7-m/nofp/libc.a(lib_a-strcmp.o)
                0x0000000008005eb0                strcmp
 .text          0x000000000800606c       0x5c /usr/lib/gcc/arm-none-eabi/9.2.1/../../../arm-none-eabi/lib/thumb/v7-m/nofp/libc.a(lib_a-strlen-stub.o)
                0x000000000800606c                strlen
 .text          0x00000000080060c8     0x15b0 /usr/lib/gcc/arm-none-eabi/9.2.1/../../../arm-none-eabi/lib/thumb/v7-m/nofp/libc.a(lib_a-vfprintf.o)
                0x00000000080060c8                _vfprintf_r
                0x00000000080075f4                vfprintf
 .text          0x0000000008007678       0xc0 /usr/lib/gcc/arm-none-eabi/9.2.1/../../../arm-none-eabi/lib/thumb/v7-m/nofp/libc.a(lib_a-wbuf.o)
                0x0000000008007678                __swbuf_r
                0x0000000008007728                __swbuf
 .text          0x0000000008007738       0x2c /usr/lib/gcc/arm-none-eabi/9.2.1/../../../arm-none-eabi/lib/thumb/v7-m/nofp/libc.a(lib_a-writer.o)
                0x0000000008007738                _write_r
 .text          0x0000000008007764       0xcc /usr/lib/gcc/arm-none-eabi/9.2.1/../../../arm-none-eabi/lib/thumb/v7-m/nofp/libc.a(lib_a-wsetup.o)
                0x0000000008007764                __swsetup_r
 .text          0x0000000008007830       0x24 /usr/lib/gcc/arm-none-eabi/9.2.1/../../../arm-none-eabi/lib/thumb/v7-m/nofp/libc.a(lib_a-closer.o)
                0x0000000008007830                _close_r
 *fill*         0x0000000008007854        0x4 
 .text          0x0000000008007858     0x1008 /usr/lib/gcc/arm-none-eabi/9.2.1/../../../arm-none-eabi/lib/thumb/v7-m/nofp/libc.a(lib_a-dtoa.o)
                0x0000000008007984                _dtoa_r
 .text          0x0000000008008860       0x98 /usr/lib/gcc/arm-none-eabi/9.2.1/../../../arm-none-eabi/lib/thumb/v7-m/nofp/libc.a(lib_a-fclose.o)
                0x0000000008008860                _fclose_r
                0x00000000080088e8                fclose
 .text          0x00000000080088f8       0x14 /usr/lib/gcc/arm-none-eabi/9.2.1/../../../arm-none-eabi/lib/thumb/v7-m/nofp/libc.a(lib_a-localeconv.o)
                0x00000000080088f8                __localeconv_l
                0x00000000080088fc                _localeconv_r
                0x0000000008008904                localeconv
 .text          0x000000000800890c       0x2c /usr/lib/gcc/arm-none-eabi/9.2.1/../../../arm-none-eabi/lib/thumb/v7-m/nofp/libc.a(lib_a-lseekr.o)
                0x000000000800890c                _lseek_r
 .text          0x0000000008008938       0xf0 /usr/lib/gcc/arm-none-eabi/9.2.1/../../../arm-none-eabi/lib/thumb/v7-m/nofp/libc.a(lib_a-makebuf.o)
                0x0000000008008938                __swhatbuf_r
                0x0000000008008994                __smakebuf_r
 .text          0x0000000008008a28      0x97c /usr/lib/gcc/arm-none-eabi/9.2.1/../../../arm-none-eabi/lib/thumb/v7-m/nofp/libc.a(lib_a-mprec.o)
                0x0000000008008a28                _Balloc
                0x0000000008008a74                _Bfree
                0x0000000008008a88                __multadd
                0x0000000008008b30                __s2b
                0x0000000008008bdc                __hi0bits
                0x0000000008008c1c                __lo0bits
                0x0000000008008c7c                __i2b
                0x0000000008008ca8                __multiply
                0x0000000008008df4                __pow5mult
                0x0000000008008e8c                __lshift
                0x0000000008008f58                __mcmp
                0x0000000008008f90                __mdiff
                0x00000000080090b8                __ulp
                0x00000000080090f8                __b2d
                0x00000000080091b4                __d2b
                0x0000000008009278                __ratio
                0x00000000080092d0                _mprec_log10
                0x0000000008009308                __copybits
                0x0000000008009350                __any_on
 .text          0x00000000080093a4       0x2c /usr/lib/gcc/arm-none-eabi/9.2.1/../../../arm-none-eabi/lib/thumb/v7-m/nofp/libc.a(lib_a-readr.o)
                0x00000000080093a4                _read_r
 .text          0x00000000080093d0      0xcf4 /usr/lib/gcc/arm-none-eabi/9.2.1/../../../arm-none-eabi/lib/thumb/v7-m/nofp/libc.a(lib_a-vfiprintf.o)
                0x0000000008009448                __sprint_r
                0x0000000008009458                _vfiprintf_r
                0x000000000800a040                vfiprintf
 .text          0x000000000800a0c4       0x48 /usr/lib/gcc/arm-none-eabi/9.2.1/../../../arm-none-eabi/lib/thumb/v7-m/nofp/libc.a(lib_a-assert.o)
                0x000000000800a0c4                __assert_func
                0x000000000800a100                __assert
 .text          0x000000000800a10c       0x60 /usr/lib/gcc/arm-none-eabi/9.2.1/../../../arm-none-eabi/lib/thumb/v7-m/nofp/libc.a(lib_a-callocr.o)
                0x000000000800a10c                _calloc_r
 .text          0x000000000800a16c       0x48 /usr/lib/gcc/arm-none-eabi/9.2.1/../../../arm-none-eabi/lib/thumb/v7-m/nofp/libc.a(lib_a-fiprintf.o)
                0x000000000800a16c                _fiprintf_r
                0x000000000800a18c                fiprintf
 .text          0x000000000800a1b4      0x104 /usr/lib/gcc/arm-none-eabi/9.2.1/../../../arm-none-eabi/lib/thumb/v7-m/nofp/libc.a(lib_a-fputwc.o)
                0x000000000800a1b4                __fputwc
                0x000000000800a254                _fputwc_r
                0x000000000800a278                fputwc
 .text          0x000000000800a2b8       0x28 /usr/lib/gcc/arm-none-eabi/9.2.1/../../../arm-none-eabi/lib/thumb/v7-m/nofp/libc.a(lib_a-fstatr.o)
                0x000000000800a2b8                _fstat_r
 .text          0x000000000800a2e0       0x24 /usr/lib/gcc/arm-none-eabi/9.2.1/../../../arm-none-eabi/lib/thumb/v7-m/nofp/libc.a(lib_a-isattyr.o)
                0x000000000800a2e0                _isatty_r
 .text          0x000000000800a304       0x5c /usr/lib/gcc/arm-none-eabi/9.2.1/../../../arm-none-eabi/lib/thumb/v7-m/nofp/libc.a(lib_a-locale.o)
                0x000000000800a304                _setlocale_r
                0x000000000800a344                __locale_mb_cur_max
                0x000000000800a350                setlocale
 .text          0x000000000800a360       0x40 /usr/lib/gcc/arm-none-eabi/9.2.1/../../../arm-none-eabi/lib/thumb/v7-m/nofp/libc.a(lib_a-mbtowc_r.o)
                0x000000000800a360                _mbtowc_r
                0x000000000800a374                __ascii_mbtowc
 .text          0x000000000800a3a0       0x7c /usr/lib/gcc/arm-none-eabi/9.2.1/../../../arm-none-eabi/lib/thumb/v7-m/nofp/libc.a(lib_a-wcrtomb.o)
                0x000000000800a3a0                _wcrtomb_r
                0x000000000800a3d4                wcrtomb
 .text          0x000000000800a41c       0x30 /usr/lib/gcc/arm-none-eabi/9.2.1/../../../arm-none-eabi/lib/thumb/v7-m/nofp/libc.a(lib_a-wctomb_r.o)
                0x000000000800a41c                _wctomb_r
                0x000000000800a430                __ascii_wctomb
 .text          0x000000000800a44c      0x378 /usr/lib/gcc/arm-none-eabi/9.2.1/thumb/v7-m/nofp/libgcc.a(_arm_addsubdf3.o)
                0x000000000800a44c                __aeabi_drsub
                0x000000000800a454                __aeabi_dsub
                0x000000000800a454                __subdf3
                0x000000000800a458                __adddf3
                0x000000000800a458                __aeabi_dadd
                0x000000000800a6d0                __aeabi_ui2d
                0x000000000800a6d0                __floatunsidf
                0x000000000800a6f0                __floatsidf
                0x000000000800a6f0                __aeabi_i2d
                0x000000000800a714                __extendsfdf2
                0x000000000800a714                __aeabi_f2d
                0x000000000800a758                __aeabi_ul2d
                0x000000000800a758                __floatundidf
                0x000000000800a768                __floatdidf
                0x000000000800a768                __aeabi_l2d
 .text          0x000000000800a7c4      0x424 /usr/lib/gcc/arm-none-eabi/9.2.1/thumb/v7-m/nofp/libgcc.a(_arm_muldivdf3.o)
                0x000000000800a7c4                __aeabi_dmul
                0x000000000800a7c4                __muldf3
                0x000000000800aa18                __aeabi_ddiv
                0x000000000800aa18                __divdf3
 .text          0x000000000800abe8      0x110 /usr/lib/gcc/arm-none-eabi/9.2.1/thumb/v7-m/nofp/libgcc.a(_arm_cmpdf2.o)
                0x000000000800abe8                __gtdf2
                0x000000000800abe8                __gedf2
                0x000000000800abf0                __ltdf2
                0x000000000800abf0                __ledf2
                0x000000000800abf8                __cmpdf2
                0x000000000800abf8                __eqdf2
                0x000000000800abf8                __nedf2
                0x000000000800ac74                __aeabi_cdrcmple
                0x000000000800ac84                __aeabi_cdcmple
                0x000000000800ac84                __aeabi_cdcmpeq
                0x000000000800ac94                __aeabi_dcmpeq
                0x000000000800aca8                __aeabi_dcmplt
                0x000000000800acbc                __aeabi_dcmple
                0x000000000800acd0                __aeabi_dcmpge
                0x000000000800ace4                __aeabi_dcmpgt
 .text          0x000000000800acf8       0x2c /usr/lib/gcc/arm-none-eabi/9.2.1/thumb/v7-m/nofp/libgcc.a(_arm_unorddf2.o)
                0x000000000800acf8                __aeabi_dcmpun
                0x000000000800acf8                __unorddf2
 .text          0x000000000800ad24       0x50 /usr/lib/gcc/arm-none-eabi/9.2.1/thumb/v7-m/nofp/libgcc.a(_arm_fixdfsi.o)
                0x000000000800ad24                __fixdfsi
                0x000000000800ad24                __aeabi_d2iz
 .text          0x000000000800ad74       0x30 /usr/lib/gcc/arm-none-eabi/9.2.1/thumb/v7-m/nofp/libgcc.a(_aeabi_uldivmod.o)
                0x000000000800ad74                __aeabi_uldivmod
 .text          0x000000000800ada4      0x2c4 /usr/lib/gcc/arm-none-eabi/9.2.1/thumb/v7-m/nofp/libgcc.a(_udivmoddi4.o)
                0x000000000800ada4                __udivmoddi4
 .text          0x000000000800b068        0x4 /usr/lib/gcc/arm-none-eabi/9.2.1/thumb/v7-m/nofp/libgcc.a(_dvmd_tls.o)
                0x000000000800b068                __aeabi_ldiv0
                0x000000000800b068                __aeabi_idiv0
 .text          0x000000000800b06c       0x10 /usr/lib/gcc/arm-none-eabi/9.2.1/../../../arm-none-eabi/lib/thumb/v7-m/nofp/libnosys.a(close.o)
                0x000000000800b06c                _close
 .text          0x000000000800b07c       0x10 /usr/lib/gcc/arm-none-eabi/9.2.1/../../../arm-none-eabi/lib/thumb/v7-m/nofp/libnosys.a(fstat.o)
                0x000000000800b07c                _fstat
 .text          0x000000000800b08c       0x10 /usr/lib/gcc/arm-none-eabi/9.2.1/../../../arm-none-eabi/lib/thumb/v7-m/nofp/libnosys.a(getpid.o)
                0x000000000800b08c                _getpid
 .text          0x000000000800b09c       0x10 /usr/lib/gcc/arm-none-eabi/9.2.1/../../../arm-none-eabi/lib/thumb/v7-m/nofp/libnosys.a(isatty.o)
                0x000000000800b09c                _isatty
 .text          0x000000000800b0ac       0x10 /usr/lib/gcc/arm-none-eabi/9.2.1/../../../arm-none-eabi/lib/thumb/v7-m/nofp/libnosys.a(kill.o)
                0x000000000800b0ac                _kill
 .text          0x000000000800b0bc       0x10 /usr/lib/gcc/arm-none-eabi/9.2.1/../../../arm-none-eabi/lib/thumb/v7-m/nofp/libnosys.a(lseek.o)
                0x000000000800b0bc                _lseek
 .text          0x000000000800b0cc       0x10 /usr/lib/gcc/arm-none-eabi/9.2.1/../../../arm-none-eabi/lib/thumb/v7-m/nofp/libnosys.a(read.o)
                0x000000000800b0cc                _read
 .text          0x000000000800b0dc       0x1c /usr/lib/gcc/arm-none-eabi/9.2.1/../../../arm-none-eabi/lib/thumb/v7-m/nofp/libnosys.a(sbrk.o)
                0x000000000800b0dc                _sbrk
 .text          0x000000000800b0f8        0x4 /usr/lib/gcc/arm-none-eabi/9.2.1/../../../arm-none-eabi/lib/thumb/v7-m/nofp/libnosys.a(_exit.o)
                0x000000000800b0f8                _exit
                0x000000000800b0fc                . = ALIGN (0x4)
 *(.rodata*)
 .rodata.console_echo.str1.1
                0x000000000800b0fc        0x4 console.o
 .rodata.console_unknown.str1.1
                0x000000000800b100       0x15 console.o
 .rodata.console_help.str1.1
                0x000000000800b115       0x1b console.o
 .rodata.console_init.str1.1
                0x000000000800b130        0x3 console.o
 .rodata.console_run.str1.1
                0x000000000800b133       0x13 console.o
 .rodata.str1.1
                0x000000000800b146        0xa console.o
 .rodata.cmd_echo
                0x000000000800b150        0x8 console.o
 .rodata.cmd_help
                0x000000000800b158        0x8 console.o
 .rodata.cmd_unknown
                0x000000000800b160        0x8 console.o
 .rodata.i2c_ctx_is_timed_out.str1.1
                0x000000000800b168       0x1a i2c_ctx.o
 .rodata.str1.1
                0x000000000800b182       0xc2 i2c_ctx.o
 .rodata.i2c_sr1_desc
                0x000000000800b244       0x80 i2c_ctx.o
 .rodata.fregdump_single.str1.1
                0x000000000800b2c4       0x1d regdump.o
 .rodata.do_reboot.str1.1
                0x000000000800b2e1       0x11 i2c-stm32f1-usb.o
 .rodata.do_id.str1.1
                0x000000000800b2f2       0x11 i2c-stm32f1-usb.o
                                          0x4 (size before relaxing)
 .rodata.main.str1.1
                0x000000000800b2f2        0xa i2c-stm32f1-usb.o
 .rodata.str1.1
                0x000000000800b2fc       0x30 i2c-stm32f1-usb.o
 .rodata.cmds   0x000000000800b32c       0x10 i2c-stm32f1-usb.o
 .rodata.config
                0x000000000800b33c        0xd i2c-stm32f1-usb.o
 .rodata.dev    0x000000000800b349       0x12 i2c-stm32f1-usb.o
 .rodata.i2c_endpoint
                0x000000000800b35b        0xf i2c-stm32f1-usb.o
                0x000000000800b35b                i2c_endpoint
 .rodata.i2c_iface
                0x000000000800b36a       0x15 i2c-stm32f1-usb.o
                0x000000000800b36a                i2c_iface
 *fill*         0x000000000800b37f        0x1 
 .rodata.ifaces
                0x000000000800b380       0x10 i2c-stm32f1-usb.o
                0x000000000800b380                ifaces
 .rodata.desig_get_unique_id_as_string.str1.1
                0x000000000800b390       0x11 /home/maddocks/src/i2c-star-stm32f411ceu6-blackpill/libopencm3/lib/libopencm3_stm32f1.a(desig.o)
 *fill*         0x000000000800b3a1        0x3 
 .rodata.st_usbfs_v1_usb_driver
                0x000000000800b3a4       0x34 /home/maddocks/src/i2c-star-stm32f411ceu6-blackpill/libopencm3/lib/libopencm3_stm32f1.a(st_usbfs_v1.o)
                0x000000000800b3a4                st_usbfs_v1_usb_driver
 .rodata        0x000000000800b3d8      0x101 /usr/lib/gcc/arm-none-eabi/9.2.1/../../../arm-none-eabi/lib/thumb/v7-m/nofp/libc.a(lib_a-ctype_.o)
                0x000000000800b3d8                _ctype_
 *fill*         0x000000000800b4d9        0x3 
 .rodata        0x000000000800b4dc        0x4 /usr/lib/gcc/arm-none-eabi/9.2.1/../../../arm-none-eabi/lib/thumb/v7-m/nofp/libc.a(lib_a-impure.o)
                0x000000000800b4dc                _global_impure_ptr
 .rodata.str1.4
                0x000000000800b4e0        0x2 /usr/lib/gcc/arm-none-eabi/9.2.1/../../../arm-none-eabi/lib/thumb/v7-m/nofp/libc.a(lib_a-puts.o)
 *fill*         0x000000000800b4e2        0x2 
 .rodata        0x000000000800b4e4       0x20 /usr/lib/gcc/arm-none-eabi/9.2.1/../../../arm-none-eabi/lib/thumb/v7-m/nofp/libc.a(lib_a-vfprintf.o)
 .rodata.str1.4
                0x000000000800b504       0x42 /usr/lib/gcc/arm-none-eabi/9.2.1/../../../arm-none-eabi/lib/thumb/v7-m/nofp/libc.a(lib_a-vfprintf.o)
 *fill*         0x000000000800b546        0x2 
 .rodata.str1.4
                0x000000000800b548       0x56 /usr/lib/gcc/arm-none-eabi/9.2.1/../../../arm-none-eabi/lib/thumb/v7-m/nofp/libc.a(lib_a-dtoa.o)
                                         0x5a (size before relaxing)
 *fill*         0x000000000800b59e        0x2 
 .rodata        0x000000000800b5a0      0x128 /usr/lib/gcc/arm-none-eabi/9.2.1/../../../arm-none-eabi/lib/thumb/v7-m/nofp/libc.a(lib_a-mprec.o)
                0x000000000800b5b0                __mprec_tens
                0x000000000800b678                __mprec_tinytens
                0x000000000800b6a0                __mprec_bigtens
 .rodata.str1.4
                0x000000000800b6c8       0x33 /usr/lib/gcc/arm-none-eabi/9.2.1/../../../arm-none-eabi/lib/thumb/v7-m/nofp/libc.a(lib_a-mprec.o)
                                         0x47 (size before relaxing)
 *fill*         0x000000000800b6fb        0x1 
 .rodata        0x000000000800b6fc       0x20 /usr/lib/gcc/arm-none-eabi/9.2.1/../../../arm-none-eabi/lib/thumb/v7-m/nofp/libc.a(lib_a-vfiprintf.o)
 .rodata.str1.4
                0x000000000800b71c       0x2f /usr/lib/gcc/arm-none-eabi/9.2.1/../../../arm-none-eabi/lib/thumb/v7-m/nofp/libc.a(lib_a-vfiprintf.o)
 .rodata.str1.4
                0x000000000800b71c       0x3f /usr/lib/gcc/arm-none-eabi/9.2.1/../../../arm-none-eabi/lib/thumb/v7-m/nofp/libc.a(lib_a-assert.o)
                                         0x43 (size before relaxing)
 *fill*         0x000000000800b75b        0x1 
 .rodata.str1.4
                0x000000000800b75c        0xe /usr/lib/gcc/arm-none-eabi/9.2.1/../../../arm-none-eabi/lib/thumb/v7-m/nofp/libc.a(lib_a-locale.o)
                                         0x12 (size before relaxing)
                0x000000000800b76c                . = ALIGN (0x4)
 *fill*         0x000000000800b76a        0x2 

.glue_7         0x000000000800b76c        0x0
 .glue_7        0x000000000800b76c        0x0 linker stubs

.glue_7t        0x000000000800b76c        0x0
 .glue_7t       0x000000000800b76c        0x0 linker stubs

.vfp11_veneer   0x000000000800b76c        0x0
 .vfp11_veneer  0x000000000800b76c        0x0 linker stubs

.v4_bx          0x000000000800b76c        0x0
 .v4_bx         0x000000000800b76c        0x0 linker stubs

.iplt           0x000000000800b76c        0x0
 .iplt          0x000000000800b76c        0x0 console.o

.preinit_array  0x000000000800b76c        0x0
                0x000000000800b76c                . = ALIGN (0x4)
                0x000000000800b76c                __preinit_array_start = .
 *(.preinit_array)
                0x000000000800b76c                __preinit_array_end = .

.init_array     0x000000000800b76c        0x0
                0x000000000800b76c                . = ALIGN (0x4)
                0x000000000800b76c                __init_array_start = .
 *(SORT_BY_NAME(.init_array.*))
 *(.init_array)
                0x000000000800b76c                __init_array_end = .

.fini_array     0x000000000800b76c        0x0
                0x000000000800b76c                . = ALIGN (0x4)
                0x000000000800b76c                __fini_array_start = .
 *(.fini_array)
 *(SORT_BY_NAME(.fini_array.*))
                0x000000000800b76c                __fini_array_end = .

.ARM.extab
 *(.ARM.extab*)

.ARM.exidx      0x000000000800b76c        0x8
                0x000000000800b76c                __exidx_start = .
 *(.ARM.exidx*)
 .ARM.exidx     0x000000000800b76c        0x8 /usr/lib/gcc/arm-none-eabi/9.2.1/thumb/v7-m/nofp/libgcc.a(_udivmoddi4.o)
                0x000000000800b774                __exidx_end = .

.rel.dyn        0x000000000800b774        0x0
 .rel.iplt      0x000000000800b774        0x0 console.o
                0x000000000800b774                . = ALIGN (0x4)
                0x000000000800b774                _etext = .

.data           0x0000000020000000      0xa94 load address 0x000000000800b774
                0x0000000020000000                _data = .
 *(.data*)
 .data.cmd_table
                0x0000000020000000       0x80 console.o
 .data.outring  0x0000000020000080       0x10 console_stm32.o
 .data.kernel   0x0000000020000090       0x34 fibre.o
 .data.usb_strings
                0x00000000200000c4        0x8 i2c-stm32f1-usb.o
 .data.usb_task
                0x00000000200000cc       0x10 i2c-stm32f1-usb.o
 .data.rcc_ahb_frequency
                0x00000000200000dc        0x4 /home/maddocks/src/i2c-star-stm32f411ceu6-blackpill/libopencm3/lib/libopencm3_stm32f1.a(rcc.o)
                0x00000000200000dc                rcc_ahb_frequency
 .data.rcc_apb1_frequency
                0x00000000200000e0        0x4 /home/maddocks/src/i2c-star-stm32f411ceu6-blackpill/libopencm3/lib/libopencm3_stm32f1.a(rcc.o)
                0x00000000200000e0                rcc_apb1_frequency
 .data.rcc_apb2_frequency
                0x00000000200000e4        0x4 /home/maddocks/src/i2c-star-stm32f411ceu6-blackpill/libopencm3/lib/libopencm3_stm32f1.a(rcc.o)
                0x00000000200000e4                rcc_apb2_frequency
 .data          0x00000000200000e8      0x430 /usr/lib/gcc/arm-none-eabi/9.2.1/../../../arm-none-eabi/lib/thumb/v7-m/nofp/libc.a(lib_a-impure.o)
                0x00000000200000e8                _impure_ptr
 .data          0x0000000020000518      0x410 /usr/lib/gcc/arm-none-eabi/9.2.1/../../../arm-none-eabi/lib/thumb/v7-m/nofp/libc.a(lib_a-mallocr.o)
                0x0000000020000518                __malloc_av_
                0x0000000020000920                __malloc_sbrk_base
                0x0000000020000924                __malloc_trim_threshold
 .data          0x0000000020000928      0x16c /usr/lib/gcc/arm-none-eabi/9.2.1/../../../arm-none-eabi/lib/thumb/v7-m/nofp/libc.a(lib_a-locale.o)
                0x0000000020000928                __global_locale
                0x0000000020000a94                . = ALIGN (0x4)
                0x0000000020000a94                _edata = .
                0x000000000800b774                _data_loadaddr = LOADADDR (.data)

.igot.plt       0x0000000020000a94        0x0 load address 0x000000000800c208
 .igot.plt      0x0000000020000a94        0x0 console.o

.bss            0x0000000020000a98      0x6ec load address 0x000000000800c208
 *(.bss*)
 .bss.cmd.6242  0x0000000020000a98        0x4 console.o
 .bss.locked.6240
                0x0000000020000a9c        0x1 console.o
 *fill*         0x0000000020000a9d        0x3 
 .bss.console   0x0000000020000aa0        0x4 console_stm32.o
 .bss.outbuf    0x0000000020000aa4      0x400 console_stm32.o
 .bss.atomic_runq_buf
                0x0000000020000ea4       0x20 fibre.o
 *fill*         0x0000000020000ec4        0x4 
 .bss.sys_tick_counter
                0x0000000020000ec8        0x8 time_libopencm3.o
 .bss.reply_buf.6994
                0x0000000020000ed0       0x40 i2c-stm32f1-usb.o
 .bss.status    0x0000000020000f10        0x1 i2c-stm32f1-usb.o
 *fill*         0x0000000020000f11        0x3 
 .bss.t.7013    0x0000000020000f14        0x4 i2c-stm32f1-usb.o
 .bss.uart_console
                0x0000000020000f18       0xa8 i2c-stm32f1-usb.o
 .bss.usbd_control_buffer
                0x0000000020000fc0       0x80 i2c-stm32f1-usb.o
                0x0000000020000fc0                usbd_control_buffer
 .bss.usbd_dev  0x0000000020001040        0x4 i2c-stm32f1-usb.o
 .bss.st_usbfs_dev
                0x0000000020001044       0xfc /home/maddocks/src/i2c-star-stm32f411ceu6-blackpill/libopencm3/lib/libopencm3_stm32f1.a(st_usbfs_core.o)
                0x0000000020001044                st_usbfs_dev
 .bss.st_usbfs_force_nak
                0x0000000020001140        0x8 /home/maddocks/src/i2c-star-stm32f411ceu6-blackpill/libopencm3/lib/libopencm3_stm32f1.a(st_usbfs_core.o)
                0x0000000020001140                st_usbfs_force_nak
 .bss           0x0000000020001148       0x34 /usr/lib/gcc/arm-none-eabi/9.2.1/../../../arm-none-eabi/lib/thumb/v7-m/nofp/libc.a(lib_a-mallocr.o)
                0x0000000020001148                __malloc_top_pad
                0x000000002000114c                __malloc_current_mallinfo
                0x0000000020001174                __malloc_max_sbrked_mem
                0x0000000020001178                __malloc_max_total_mem
 .bss           0x000000002000117c        0x4 /usr/lib/gcc/arm-none-eabi/9.2.1/../../../arm-none-eabi/lib/thumb/v7-m/nofp/libnosys.a(sbrk.o)
 *(COMMON)
 COMMON         0x0000000020001180        0x4 /usr/lib/gcc/arm-none-eabi/9.2.1/../../../arm-none-eabi/lib/thumb/v7-m/nofp/libc.a(lib_a-reent.o)
                0x0000000020001180                errno
                0x0000000020001184                . = ALIGN (0x4)
                0x0000000020001184                _ebss = .

/DISCARD/
 *(.eh_frame)
                0x0000000020001184                . = ALIGN (0x4)
                0x0000000020001184                end = .
                0x0000000020005000                PROVIDE (_stack = (ORIGIN (ram) + LENGTH (ram)))
OUTPUT(i2c-stm32f1-usb.elf elf32-littlearm)
LOAD linker stubs

.debug_info     0x0000000000000000    0x46fe8
 .debug_info    0x0000000000000000     0x1584 console.o
 .debug_info    0x0000000000001584     0x1265 console_stm32.o
 .debug_info    0x00000000000027e9     0x1817 i2c_ctx.o
 .debug_info    0x0000000000004000      0x235 bitops.o
 .debug_info    0x0000000000004235     0x1529 fibre.o
 .debug_info    0x000000000000575e       0xd0 fibre_default.o
 .debug_info    0x000000000000582e      0xdf4 list.o
 .debug_info    0x0000000000006622      0xc35 messageq.o
 .debug_info    0x0000000000007257      0xbb1 regdump.o
 .debug_info    0x0000000000007e08      0xcc5 ringbuf.o
 .debug_info    0x0000000000008acd      0x155 time_libopencm3.o
 .debug_info    0x0000000000008c22      0xb15 util.o
 .debug_info    0x0000000000009737     0x1d83 i2c-stm32f1-usb.o
 .debug_info    0x000000000000b4ba      0x24f /home/maddocks/src/i2c-star-stm32f411ceu6-blackpill/libopencm3/lib/libopencm3_stm32f1.a(desig.o)
 .debug_info    0x000000000000b709      0x1e6 /home/maddocks/src/i2c-star-stm32f411ceu6-blackpill/libopencm3/lib/libopencm3_stm32f1.a(gpio.o)
 .debug_info    0x000000000000b8ef      0x24e /home/maddocks/src/i2c-star-stm32f411ceu6-blackpill/libopencm3/lib/libopencm3_stm32f1.a(gpio_common_all.o)
 .debug_info    0x000000000000bb3d      0xc12 /home/maddocks/src/i2c-star-stm32f411ceu6-blackpill/libopencm3/lib/libopencm3_stm32f1.a(i2c_common_v1.o)
 .debug_info    0x000000000000c74f     0x1283 /home/maddocks/src/i2c-star-stm32f411ceu6-blackpill/libopencm3/lib/libopencm3_stm32f1.a(rcc.o)
 .debug_info    0x000000000000d9d2      0x5f7 /home/maddocks/src/i2c-star-stm32f411ceu6-blackpill/libopencm3/lib/libopencm3_stm32f1.a(rcc_common_all.o)
 .debug_info    0x000000000000dfc9      0x503 /home/maddocks/src/i2c-star-stm32f411ceu6-blackpill/libopencm3/lib/libopencm3_stm32f1.a(usart_common_all.o)
 .debug_info    0x000000000000e4cc      0x1ad /home/maddocks/src/i2c-star-stm32f411ceu6-blackpill/libopencm3/lib/libopencm3_stm32f1.a(usart_common_f124.o)
 .debug_info    0x000000000000e679     0x17cd /home/maddocks/src/i2c-star-stm32f411ceu6-blackpill/libopencm3/lib/libopencm3_stm32f1.a(usb.o)
 .debug_info    0x000000000000fe46     0x1902 /home/maddocks/src/i2c-star-stm32f411ceu6-blackpill/libopencm3/lib/libopencm3_stm32f1.a(usb_control.o)
 .debug_info    0x0000000000011748     0x1f96 /home/maddocks/src/i2c-star-stm32f411ceu6-blackpill/libopencm3/lib/libopencm3_stm32f1.a(usb_standard.o)
 .debug_info    0x00000000000136de      0xd83 /home/maddocks/src/i2c-star-stm32f411ceu6-blackpill/libopencm3/lib/libopencm3_stm32f1.a(st_usbfs_v1.o)
 .debug_info    0x0000000000014461      0x2d1 /home/maddocks/src/i2c-star-stm32f411ceu6-blackpill/libopencm3/lib/libopencm3_stm32f1.a(vector.o)
 .debug_info    0x0000000000014732      0x268 /home/maddocks/src/i2c-star-stm32f411ceu6-blackpill/libopencm3/lib/libopencm3_stm32f1.a(systick.o)
 .debug_info    0x000000000001499a      0x962 /home/maddocks/src/i2c-star-stm32f411ceu6-blackpill/libopencm3/lib/libopencm3_stm32f1.a(scb.o)
 .debug_info    0x00000000000152fc      0x22d /home/maddocks/src/i2c-star-stm32f411ceu6-blackpill/libopencm3/lib/libopencm3_stm32f1.a(nvic.o)
 .debug_info    0x0000000000015529       0xea /home/maddocks/src/i2c-star-stm32f411ceu6-blackpill/libopencm3/lib/libopencm3_stm32f1.a(flash_common_all.o)
 .debug_info    0x0000000000015613     0x1073 /home/maddocks/src/i2c-star-stm32f411ceu6-blackpill/libopencm3/lib/libopencm3_stm32f1.a(st_usbfs_core.o)
 .debug_info    0x0000000000016686      0x9b5 /usr/lib/gcc/arm-none-eabi/9.2.1/../../../arm-none-eabi/lib/thumb/v7-m/nofp/libc.a(lib_a-abort.o)
 .debug_info    0x000000000001703b      0xe91 /usr/lib/gcc/arm-none-eabi/9.2.1/../../../arm-none-eabi/lib/thumb/v7-m/nofp/libc.a(lib_a-ctype_.o)
 .debug_info    0x0000000000017ecc      0x953 /usr/lib/gcc/arm-none-eabi/9.2.1/../../../arm-none-eabi/lib/thumb/v7-m/nofp/libc.a(lib_a-errno.o)
 .debug_info    0x000000000001881f      0xd73 /usr/lib/gcc/arm-none-eabi/9.2.1/../../../arm-none-eabi/lib/thumb/v7-m/nofp/libc.a(lib_a-fflush.o)
 .debug_info    0x0000000000019592     0x1143 /usr/lib/gcc/arm-none-eabi/9.2.1/../../../arm-none-eabi/lib/thumb/v7-m/nofp/libc.a(lib_a-findfp.o)
 .debug_info    0x000000000001a6d5      0xa7a /usr/lib/gcc/arm-none-eabi/9.2.1/../../../arm-none-eabi/lib/thumb/v7-m/nofp/libc.a(lib_a-fprintf.o)
 .debug_info    0x000000000001b14f      0xca9 /usr/lib/gcc/arm-none-eabi/9.2.1/../../../arm-none-eabi/lib/thumb/v7-m/nofp/libc.a(lib_a-fputc.o)
 .debug_info    0x000000000001bdf8      0xcf0 /usr/lib/gcc/arm-none-eabi/9.2.1/../../../arm-none-eabi/lib/thumb/v7-m/nofp/libc.a(lib_a-fputs.o)
 .debug_info    0x000000000001cae8      0xdc4 /usr/lib/gcc/arm-none-eabi/9.2.1/../../../arm-none-eabi/lib/thumb/v7-m/nofp/libc.a(lib_a-freer.o)
 .debug_info    0x000000000001d8ac      0xf1c /usr/lib/gcc/arm-none-eabi/9.2.1/../../../arm-none-eabi/lib/thumb/v7-m/nofp/libc.a(lib_a-fvwrite.o)
 .debug_info    0x000000000001e7c8      0xca4 /usr/lib/gcc/arm-none-eabi/9.2.1/../../../arm-none-eabi/lib/thumb/v7-m/nofp/libc.a(lib_a-fwalk.o)
 .debug_info    0x000000000001f46c      0x92a /usr/lib/gcc/arm-none-eabi/9.2.1/../../../arm-none-eabi/lib/thumb/v7-m/nofp/libc.a(lib_a-impure.o)
 .debug_info    0x000000000001fd96      0xf2e /usr/lib/gcc/arm-none-eabi/9.2.1/../../../arm-none-eabi/lib/thumb/v7-m/nofp/libc.a(lib_a-mallocr.o)
 .debug_info    0x0000000000020cc4      0x9e3 /usr/lib/gcc/arm-none-eabi/9.2.1/../../../arm-none-eabi/lib/thumb/v7-m/nofp/libc.a(lib_a-memchr-stub.o)
 .debug_info    0x00000000000216a7       0x26 /usr/lib/gcc/arm-none-eabi/9.2.1/../../../arm-none-eabi/lib/thumb/v7-m/nofp/libc.a(lib_a-memcpy.o)
 .debug_info    0x00000000000216cd      0xf2b /usr/lib/gcc/arm-none-eabi/9.2.1/../../../arm-none-eabi/lib/thumb/v7-m/nofp/libc.a(lib_a-memmove.o)
 .debug_info    0x00000000000225f8      0xf21 /usr/lib/gcc/arm-none-eabi/9.2.1/../../../arm-none-eabi/lib/thumb/v7-m/nofp/libc.a(lib_a-memset.o)
 .debug_info    0x0000000000023519      0x961 /usr/lib/gcc/arm-none-eabi/9.2.1/../../../arm-none-eabi/lib/thumb/v7-m/nofp/libc.a(lib_a-mlock.o)
 .debug_info    0x0000000000023e7a      0xd10 /usr/lib/gcc/arm-none-eabi/9.2.1/../../../arm-none-eabi/lib/thumb/v7-m/nofp/libc.a(lib_a-putc.o)
 .debug_info    0x0000000000024b8a      0xce5 /usr/lib/gcc/arm-none-eabi/9.2.1/../../../arm-none-eabi/lib/thumb/v7-m/nofp/libc.a(lib_a-puts.o)
 .debug_info    0x000000000002586f      0xf09 /usr/lib/gcc/arm-none-eabi/9.2.1/../../../arm-none-eabi/lib/thumb/v7-m/nofp/libc.a(lib_a-reallocr.o)
 .debug_info    0x0000000000026778      0x9fb /usr/lib/gcc/arm-none-eabi/9.2.1/../../../arm-none-eabi/lib/thumb/v7-m/nofp/libc.a(lib_a-sbrkr.o)
 .debug_info    0x0000000000027173      0xd5c /usr/lib/gcc/arm-none-eabi/9.2.1/../../../arm-none-eabi/lib/thumb/v7-m/nofp/libc.a(lib_a-signal.o)
 .debug_info    0x0000000000027ecf      0xa43 /usr/lib/gcc/arm-none-eabi/9.2.1/../../../arm-none-eabi/lib/thumb/v7-m/nofp/libc.a(lib_a-signalr.o)
 .debug_info    0x0000000000028912      0xe67 /usr/lib/gcc/arm-none-eabi/9.2.1/../../../arm-none-eabi/lib/thumb/v7-m/nofp/libc.a(lib_a-stdio.o)
 .debug_info    0x0000000000029779       0x26 /usr/lib/gcc/arm-none-eabi/9.2.1/../../../arm-none-eabi/lib/thumb/v7-m/nofp/libc.a(lib_a-strcmp.o)
 .debug_info    0x000000000002979f      0x941 /usr/lib/gcc/arm-none-eabi/9.2.1/../../../arm-none-eabi/lib/thumb/v7-m/nofp/libc.a(lib_a-strlen-stub.o)
 .debug_info    0x000000000002a0e0     0x20ba /usr/lib/gcc/arm-none-eabi/9.2.1/../../../arm-none-eabi/lib/thumb/v7-m/nofp/libc.a(lib_a-vfprintf.o)
 .debug_info    0x000000000002c19a      0xc90 /usr/lib/gcc/arm-none-eabi/9.2.1/../../../arm-none-eabi/lib/thumb/v7-m/nofp/libc.a(lib_a-wbuf.o)
 .debug_info    0x000000000002ce2a      0xa2c /usr/lib/gcc/arm-none-eabi/9.2.1/../../../arm-none-eabi/lib/thumb/v7-m/nofp/libc.a(lib_a-writer.o)
 .debug_info    0x000000000002d856      0xbf3 /usr/lib/gcc/arm-none-eabi/9.2.1/../../../arm-none-eabi/lib/thumb/v7-m/nofp/libc.a(lib_a-wsetup.o)
 .debug_info    0x000000000002e449      0x9d8 /usr/lib/gcc/arm-none-eabi/9.2.1/../../../arm-none-eabi/lib/thumb/v7-m/nofp/libc.a(lib_a-closer.o)
 .debug_info    0x000000000002ee21     0x1ab7 /usr/lib/gcc/arm-none-eabi/9.2.1/../../../arm-none-eabi/lib/thumb/v7-m/nofp/libc.a(lib_a-dtoa.o)
 .debug_info    0x00000000000308d8      0xcd5 /usr/lib/gcc/arm-none-eabi/9.2.1/../../../arm-none-eabi/lib/thumb/v7-m/nofp/libc.a(lib_a-fclose.o)
 .debug_info    0x00000000000315ad      0xf49 /usr/lib/gcc/arm-none-eabi/9.2.1/../../../arm-none-eabi/lib/thumb/v7-m/nofp/libc.a(lib_a-localeconv.o)
 .debug_info    0x00000000000324f6      0xa0d /usr/lib/gcc/arm-none-eabi/9.2.1/../../../arm-none-eabi/lib/thumb/v7-m/nofp/libc.a(lib_a-lseekr.o)
 .debug_info    0x0000000000032f03      0xf69 /usr/lib/gcc/arm-none-eabi/9.2.1/../../../arm-none-eabi/lib/thumb/v7-m/nofp/libc.a(lib_a-makebuf.o)
 .debug_info    0x0000000000033e6c     0x2285 /usr/lib/gcc/arm-none-eabi/9.2.1/../../../arm-none-eabi/lib/thumb/v7-m/nofp/libc.a(lib_a-mprec.o)
 .debug_info    0x00000000000360f1      0xa25 /usr/lib/gcc/arm-none-eabi/9.2.1/../../../arm-none-eabi/lib/thumb/v7-m/nofp/libc.a(lib_a-readr.o)
 .debug_info    0x0000000000036b16      0xac5 /usr/lib/gcc/arm-none-eabi/9.2.1/../../../arm-none-eabi/lib/thumb/v7-m/nofp/libc.a(lib_a-reent.o)
 .debug_info    0x00000000000375db     0x1ece /usr/lib/gcc/arm-none-eabi/9.2.1/../../../arm-none-eabi/lib/thumb/v7-m/nofp/libc.a(lib_a-vfiprintf.o)
 .debug_info    0x00000000000394a9      0xa41 /usr/lib/gcc/arm-none-eabi/9.2.1/../../../arm-none-eabi/lib/thumb/v7-m/nofp/libc.a(lib_a-assert.o)
 .debug_info    0x0000000000039eea      0xc2f /usr/lib/gcc/arm-none-eabi/9.2.1/../../../arm-none-eabi/lib/thumb/v7-m/nofp/libc.a(lib_a-callocr.o)
 .debug_info    0x000000000003ab19      0xa71 /usr/lib/gcc/arm-none-eabi/9.2.1/../../../arm-none-eabi/lib/thumb/v7-m/nofp/libc.a(lib_a-fiprintf.o)
 .debug_info    0x000000000003b58a      0xe57 /usr/lib/gcc/arm-none-eabi/9.2.1/../../../arm-none-eabi/lib/thumb/v7-m/nofp/libc.a(lib_a-fputwc.o)
 .debug_info    0x000000000003c3e1      0xc23 /usr/lib/gcc/arm-none-eabi/9.2.1/../../../arm-none-eabi/lib/thumb/v7-m/nofp/libc.a(lib_a-fstatr.o)
 .debug_info    0x000000000003d004      0x9d8 /usr/lib/gcc/arm-none-eabi/9.2.1/../../../arm-none-eabi/lib/thumb/v7-m/nofp/libc.a(lib_a-isattyr.o)
 .debug_info    0x000000000003d9dc     0x10ca /usr/lib/gcc/arm-none-eabi/9.2.1/../../../arm-none-eabi/lib/thumb/v7-m/nofp/libc.a(lib_a-locale.o)
 .debug_info    0x000000000003eaa6     0x1044 /usr/lib/gcc/arm-none-eabi/9.2.1/../../../arm-none-eabi/lib/thumb/v7-m/nofp/libc.a(lib_a-mbtowc_r.o)
 .debug_info    0x000000000003faea     0x10b3 /usr/lib/gcc/arm-none-eabi/9.2.1/../../../arm-none-eabi/lib/thumb/v7-m/nofp/libc.a(lib_a-wcrtomb.o)
 .debug_info    0x0000000000040b9d     0x1003 /usr/lib/gcc/arm-none-eabi/9.2.1/../../../arm-none-eabi/lib/thumb/v7-m/nofp/libc.a(lib_a-wctomb_r.o)
 .debug_info    0x0000000000041ba0       0x26 /usr/lib/gcc/arm-none-eabi/9.2.1/thumb/v7-m/nofp/libgcc.a(_arm_addsubdf3.o)
 .debug_info    0x0000000000041bc6       0x26 /usr/lib/gcc/arm-none-eabi/9.2.1/thumb/v7-m/nofp/libgcc.a(_arm_muldivdf3.o)
 .debug_info    0x0000000000041bec       0x26 /usr/lib/gcc/arm-none-eabi/9.2.1/thumb/v7-m/nofp/libgcc.a(_arm_cmpdf2.o)
 .debug_info    0x0000000000041c12       0x26 /usr/lib/gcc/arm-none-eabi/9.2.1/thumb/v7-m/nofp/libgcc.a(_arm_unorddf2.o)
 .debug_info    0x0000000000041c38       0x26 /usr/lib/gcc/arm-none-eabi/9.2.1/thumb/v7-m/nofp/libgcc.a(_arm_fixdfsi.o)
 .debug_info    0x0000000000041c5e       0x26 /usr/lib/gcc/arm-none-eabi/9.2.1/thumb/v7-m/nofp/libgcc.a(_aeabi_uldivmod.o)
 .debug_info    0x0000000000041c84      0xd7c /usr/lib/gcc/arm-none-eabi/9.2.1/thumb/v7-m/nofp/libgcc.a(_udivmoddi4.o)
 .debug_info    0x0000000000042a00       0x26 /usr/lib/gcc/arm-none-eabi/9.2.1/thumb/v7-m/nofp/libgcc.a(_dvmd_tls.o)
 .debug_info    0x0000000000042a26      0x96e /usr/lib/gcc/arm-none-eabi/9.2.1/../../../arm-none-eabi/lib/thumb/v7-m/nofp/libnosys.a(close.o)
 .debug_info    0x0000000000043394      0xbb1 /usr/lib/gcc/arm-none-eabi/9.2.1/../../../arm-none-eabi/lib/thumb/v7-m/nofp/libnosys.a(fstat.o)
 .debug_info    0x0000000000043f45      0x959 /usr/lib/gcc/arm-none-eabi/9.2.1/../../../arm-none-eabi/lib/thumb/v7-m/nofp/libnosys.a(getpid.o)
 .debug_info    0x000000000004489e      0x96e /usr/lib/gcc/arm-none-eabi/9.2.1/../../../arm-none-eabi/lib/thumb/v7-m/nofp/libnosys.a(isatty.o)
 .debug_info    0x000000000004520c      0x97c /usr/lib/gcc/arm-none-eabi/9.2.1/../../../arm-none-eabi/lib/thumb/v7-m/nofp/libnosys.a(kill.o)
 .debug_info    0x0000000000045b88      0x990 /usr/lib/gcc/arm-none-eabi/9.2.1/../../../arm-none-eabi/lib/thumb/v7-m/nofp/libnosys.a(lseek.o)
 .debug_info    0x0000000000046518      0x990 /usr/lib/gcc/arm-none-eabi/9.2.1/../../../arm-none-eabi/lib/thumb/v7-m/nofp/libnosys.a(read.o)
 .debug_info    0x0000000000046ea8       0x9d /usr/lib/gcc/arm-none-eabi/9.2.1/../../../arm-none-eabi/lib/thumb/v7-m/nofp/libnosys.a(sbrk.o)
 .debug_info    0x0000000000046f45       0xa3 /usr/lib/gcc/arm-none-eabi/9.2.1/../../../arm-none-eabi/lib/thumb/v7-m/nofp/libnosys.a(_exit.o)

.debug_abbrev   0x0000000000000000     0xdc68
 .debug_abbrev  0x0000000000000000      0x4d3 console.o
 .debug_abbrev  0x00000000000004d3      0x334 console_stm32.o
 .debug_abbrev  0x0000000000000807      0x436 i2c_ctx.o
 .debug_abbrev  0x0000000000000c3d       0xde bitops.o
 .debug_abbrev  0x0000000000000d1b      0x402 fibre.o
 .debug_abbrev  0x000000000000111d       0x64 fibre_default.o
 .debug_abbrev  0x0000000000001181      0x2db list.o
 .debug_abbrev  0x000000000000145c      0x296 messageq.o
 .debug_abbrev  0x00000000000016f2      0x29e regdump.o
 .debug_abbrev  0x0000000000001990      0x2be ringbuf.o
 .debug_abbrev  0x0000000000001c4e       0xe1 time_libopencm3.o
 .debug_abbrev  0x0000000000001d2f      0x2a6 util.o
 .debug_abbrev  0x0000000000001fd5      0x4dd i2c-stm32f1-usb.o
 .debug_abbrev  0x00000000000024b2      0x10b /home/maddocks/src/i2c-star-stm32f411ceu6-blackpill/libopencm3/lib/libopencm3_stm32f1.a(desig.o)
 .debug_abbrev  0x00000000000025bd       0xd0 /home/maddocks/src/i2c-star-stm32f411ceu6-blackpill/libopencm3/lib/libopencm3_stm32f1.a(gpio.o)
 .debug_abbrev  0x000000000000268d      0x116 /home/maddocks/src/i2c-star-stm32f411ceu6-blackpill/libopencm3/lib/libopencm3_stm32f1.a(gpio_common_all.o)
 .debug_abbrev  0x00000000000027a3      0x317 /home/maddocks/src/i2c-star-stm32f411ceu6-blackpill/libopencm3/lib/libopencm3_stm32f1.a(i2c_common_v1.o)
 .debug_abbrev  0x0000000000002aba      0x2e1 /home/maddocks/src/i2c-star-stm32f411ceu6-blackpill/libopencm3/lib/libopencm3_stm32f1.a(rcc.o)
 .debug_abbrev  0x0000000000002d9b      0x15d /home/maddocks/src/i2c-star-stm32f411ceu6-blackpill/libopencm3/lib/libopencm3_stm32f1.a(rcc_common_all.o)
 .debug_abbrev  0x0000000000002ef8      0x129 /home/maddocks/src/i2c-star-stm32f411ceu6-blackpill/libopencm3/lib/libopencm3_stm32f1.a(usart_common_all.o)
 .debug_abbrev  0x0000000000003021       0xc8 /home/maddocks/src/i2c-star-stm32f411ceu6-blackpill/libopencm3/lib/libopencm3_stm32f1.a(usart_common_f124.o)
 .debug_abbrev  0x00000000000030e9      0x333 /home/maddocks/src/i2c-star-stm32f411ceu6-blackpill/libopencm3/lib/libopencm3_stm32f1.a(usb.o)
 .debug_abbrev  0x000000000000341c      0x477 /home/maddocks/src/i2c-star-stm32f411ceu6-blackpill/libopencm3/lib/libopencm3_stm32f1.a(usb_control.o)
 .debug_abbrev  0x0000000000003893      0x5a4 /home/maddocks/src/i2c-star-stm32f411ceu6-blackpill/libopencm3/lib/libopencm3_stm32f1.a(usb_standard.o)
 .debug_abbrev  0x0000000000003e37      0x265 /home/maddocks/src/i2c-star-stm32f411ceu6-blackpill/libopencm3/lib/libopencm3_stm32f1.a(st_usbfs_v1.o)
 .debug_abbrev  0x000000000000409c      0x145 /home/maddocks/src/i2c-star-stm32f411ceu6-blackpill/libopencm3/lib/libopencm3_stm32f1.a(vector.o)
 .debug_abbrev  0x00000000000041e1      0x155 /home/maddocks/src/i2c-star-stm32f411ceu6-blackpill/libopencm3/lib/libopencm3_stm32f1.a(systick.o)
 .debug_abbrev  0x0000000000004336      0x1f2 /home/maddocks/src/i2c-star-stm32f411ceu6-blackpill/libopencm3/lib/libopencm3_stm32f1.a(scb.o)
 .debug_abbrev  0x0000000000004528       0xb5 /home/maddocks/src/i2c-star-stm32f411ceu6-blackpill/libopencm3/lib/libopencm3_stm32f1.a(nvic.o)
 .debug_abbrev  0x00000000000045dd       0x97 /home/maddocks/src/i2c-star-stm32f411ceu6-blackpill/libopencm3/lib/libopencm3_stm32f1.a(flash_common_all.o)
 .debug_abbrev  0x0000000000004674      0x2c6 /home/maddocks/src/i2c-star-stm32f411ceu6-blackpill/libopencm3/lib/libopencm3_stm32f1.a(st_usbfs_core.o)
 .debug_abbrev  0x000000000000493a      0x20b /usr/lib/gcc/arm-none-eabi/9.2.1/../../../arm-none-eabi/lib/thumb/v7-m/nofp/libc.a(lib_a-abort.o)
 .debug_abbrev  0x0000000000004b45      0x1b6 /usr/lib/gcc/arm-none-eabi/9.2.1/../../../arm-none-eabi/lib/thumb/v7-m/nofp/libc.a(lib_a-ctype_.o)
 .debug_abbrev  0x0000000000004cfb      0x1d6 /usr/lib/gcc/arm-none-eabi/9.2.1/../../../arm-none-eabi/lib/thumb/v7-m/nofp/libc.a(lib_a-errno.o)
 .debug_abbrev  0x0000000000004ed1      0x322 /usr/lib/gcc/arm-none-eabi/9.2.1/../../../arm-none-eabi/lib/thumb/v7-m/nofp/libc.a(lib_a-fflush.o)
 .debug_abbrev  0x00000000000051f3      0x425 /usr/lib/gcc/arm-none-eabi/9.2.1/../../../arm-none-eabi/lib/thumb/v7-m/nofp/libc.a(lib_a-findfp.o)
 .debug_abbrev  0x0000000000005618      0x27a /usr/lib/gcc/arm-none-eabi/9.2.1/../../../arm-none-eabi/lib/thumb/v7-m/nofp/libc.a(lib_a-fprintf.o)
 .debug_abbrev  0x0000000000005892      0x2d0 /usr/lib/gcc/arm-none-eabi/9.2.1/../../../arm-none-eabi/lib/thumb/v7-m/nofp/libc.a(lib_a-fputc.o)
 .debug_abbrev  0x0000000000005b62      0x2a9 /usr/lib/gcc/arm-none-eabi/9.2.1/../../../arm-none-eabi/lib/thumb/v7-m/nofp/libc.a(lib_a-fputs.o)
 .debug_abbrev  0x0000000000005e0b      0x2c9 /usr/lib/gcc/arm-none-eabi/9.2.1/../../../arm-none-eabi/lib/thumb/v7-m/nofp/libc.a(lib_a-freer.o)
 .debug_abbrev  0x00000000000060d4      0x2b9 /usr/lib/gcc/arm-none-eabi/9.2.1/../../../arm-none-eabi/lib/thumb/v7-m/nofp/libc.a(lib_a-fvwrite.o)
 .debug_abbrev  0x000000000000638d      0x24e /usr/lib/gcc/arm-none-eabi/9.2.1/../../../arm-none-eabi/lib/thumb/v7-m/nofp/libc.a(lib_a-fwalk.o)
 .debug_abbrev  0x00000000000065db      0x1b8 /usr/lib/gcc/arm-none-eabi/9.2.1/../../../arm-none-eabi/lib/thumb/v7-m/nofp/libc.a(lib_a-impure.o)
 .debug_abbrev  0x0000000000006793      0x321 /usr/lib/gcc/arm-none-eabi/9.2.1/../../../arm-none-eabi/lib/thumb/v7-m/nofp/libc.a(lib_a-mallocr.o)
 .debug_abbrev  0x0000000000006ab4      0x215 /usr/lib/gcc/arm-none-eabi/9.2.1/../../../arm-none-eabi/lib/thumb/v7-m/nofp/libc.a(lib_a-memchr-stub.o)
 .debug_abbrev  0x0000000000006cc9       0x14 /usr/lib/gcc/arm-none-eabi/9.2.1/../../../arm-none-eabi/lib/thumb/v7-m/nofp/libc.a(lib_a-memcpy.o)
 .debug_abbrev  0x0000000000006cdd      0x21c /usr/lib/gcc/arm-none-eabi/9.2.1/../../../arm-none-eabi/lib/thumb/v7-m/nofp/libc.a(lib_a-memmove.o)
 .debug_abbrev  0x0000000000006ef9      0x217 /usr/lib/gcc/arm-none-eabi/9.2.1/../../../arm-none-eabi/lib/thumb/v7-m/nofp/libc.a(lib_a-memset.o)
 .debug_abbrev  0x0000000000007110      0x203 /usr/lib/gcc/arm-none-eabi/9.2.1/../../../arm-none-eabi/lib/thumb/v7-m/nofp/libc.a(lib_a-mlock.o)
 .debug_abbrev  0x0000000000007313      0x2ff /usr/lib/gcc/arm-none-eabi/9.2.1/../../../arm-none-eabi/lib/thumb/v7-m/nofp/libc.a(lib_a-putc.o)
 .debug_abbrev  0x0000000000007612      0x2c5 /usr/lib/gcc/arm-none-eabi/9.2.1/../../../arm-none-eabi/lib/thumb/v7-m/nofp/libc.a(lib_a-puts.o)
 .debug_abbrev  0x00000000000078d7      0x2a1 /usr/lib/gcc/arm-none-eabi/9.2.1/../../../arm-none-eabi/lib/thumb/v7-m/nofp/libc.a(lib_a-reallocr.o)
 .debug_abbrev  0x0000000000007b78      0x250 /usr/lib/gcc/arm-none-eabi/9.2.1/../../../arm-none-eabi/lib/thumb/v7-m/nofp/libc.a(lib_a-sbrkr.o)
 .debug_abbrev  0x0000000000007dc8      0x36b /usr/lib/gcc/arm-none-eabi/9.2.1/../../../arm-none-eabi/lib/thumb/v7-m/nofp/libc.a(lib_a-signal.o)
 .debug_abbrev  0x0000000000008133      0x255 /usr/lib/gcc/arm-none-eabi/9.2.1/../../../arm-none-eabi/lib/thumb/v7-m/nofp/libc.a(lib_a-signalr.o)
 .debug_abbrev  0x0000000000008388      0x2ad /usr/lib/gcc/arm-none-eabi/9.2.1/../../../arm-none-eabi/lib/thumb/v7-m/nofp/libc.a(lib_a-stdio.o)
 .debug_abbrev  0x0000000000008635       0x14 /usr/lib/gcc/arm-none-eabi/9.2.1/../../../arm-none-eabi/lib/thumb/v7-m/nofp/libc.a(lib_a-strcmp.o)
 .debug_abbrev  0x0000000000008649      0x1d2 /usr/lib/gcc/arm-none-eabi/9.2.1/../../../arm-none-eabi/lib/thumb/v7-m/nofp/libc.a(lib_a-strlen-stub.o)
 .debug_abbrev  0x000000000000881b      0x466 /usr/lib/gcc/arm-none-eabi/9.2.1/../../../arm-none-eabi/lib/thumb/v7-m/nofp/libc.a(lib_a-vfprintf.o)
 .debug_abbrev  0x0000000000008c81      0x2c3 /usr/lib/gcc/arm-none-eabi/9.2.1/../../../arm-none-eabi/lib/thumb/v7-m/nofp/libc.a(lib_a-wbuf.o)
 .debug_abbrev  0x0000000000008f44      0x22a /usr/lib/gcc/arm-none-eabi/9.2.1/../../../arm-none-eabi/lib/thumb/v7-m/nofp/libc.a(lib_a-writer.o)
 .debug_abbrev  0x000000000000916e      0x283 /usr/lib/gcc/arm-none-eabi/9.2.1/../../../arm-none-eabi/lib/thumb/v7-m/nofp/libc.a(lib_a-wsetup.o)
 .debug_abbrev  0x00000000000093f1      0x225 /usr/lib/gcc/arm-none-eabi/9.2.1/../../../arm-none-eabi/lib/thumb/v7-m/nofp/libc.a(lib_a-closer.o)
 .debug_abbrev  0x0000000000009616      0x343 /usr/lib/gcc/arm-none-eabi/9.2.1/../../../arm-none-eabi/lib/thumb/v7-m/nofp/libc.a(lib_a-dtoa.o)
 .debug_abbrev  0x0000000000009959      0x327 /usr/lib/gcc/arm-none-eabi/9.2.1/../../../arm-none-eabi/lib/thumb/v7-m/nofp/libc.a(lib_a-fclose.o)
 .debug_abbrev  0x0000000000009c80      0x27d /usr/lib/gcc/arm-none-eabi/9.2.1/../../../arm-none-eabi/lib/thumb/v7-m/nofp/libc.a(lib_a-localeconv.o)
 .debug_abbrev  0x0000000000009efd      0x239 /usr/lib/gcc/arm-none-eabi/9.2.1/../../../arm-none-eabi/lib/thumb/v7-m/nofp/libc.a(lib_a-lseekr.o)
 .debug_abbrev  0x000000000000a136      0x334 /usr/lib/gcc/arm-none-eabi/9.2.1/../../../arm-none-eabi/lib/thumb/v7-m/nofp/libc.a(lib_a-makebuf.o)
 .debug_abbrev  0x000000000000a46a      0x4b7 /usr/lib/gcc/arm-none-eabi/9.2.1/../../../arm-none-eabi/lib/thumb/v7-m/nofp/libc.a(lib_a-mprec.o)
 .debug_abbrev  0x000000000000a921      0x225 /usr/lib/gcc/arm-none-eabi/9.2.1/../../../arm-none-eabi/lib/thumb/v7-m/nofp/libc.a(lib_a-readr.o)
 .debug_abbrev  0x000000000000ab46      0x2ba /usr/lib/gcc/arm-none-eabi/9.2.1/../../../arm-none-eabi/lib/thumb/v7-m/nofp/libc.a(lib_a-reent.o)
 .debug_abbrev  0x000000000000ae00      0x468 /usr/lib/gcc/arm-none-eabi/9.2.1/../../../arm-none-eabi/lib/thumb/v7-m/nofp/libc.a(lib_a-vfiprintf.o)
 .debug_abbrev  0x000000000000b268      0x23d /usr/lib/gcc/arm-none-eabi/9.2.1/../../../arm-none-eabi/lib/thumb/v7-m/nofp/libc.a(lib_a-assert.o)
 .debug_abbrev  0x000000000000b4a5      0x275 /usr/lib/gcc/arm-none-eabi/9.2.1/../../../arm-none-eabi/lib/thumb/v7-m/nofp/libc.a(lib_a-callocr.o)
 .debug_abbrev  0x000000000000b71a      0x255 /usr/lib/gcc/arm-none-eabi/9.2.1/../../../arm-none-eabi/lib/thumb/v7-m/nofp/libc.a(lib_a-fiprintf.o)
 .debug_abbrev  0x000000000000b96f      0x38c /usr/lib/gcc/arm-none-eabi/9.2.1/../../../arm-none-eabi/lib/thumb/v7-m/nofp/libc.a(lib_a-fputwc.o)
 .debug_abbrev  0x000000000000bcfb      0x239 /usr/lib/gcc/arm-none-eabi/9.2.1/../../../arm-none-eabi/lib/thumb/v7-m/nofp/libc.a(lib_a-fstatr.o)
 .debug_abbrev  0x000000000000bf34      0x225 /usr/lib/gcc/arm-none-eabi/9.2.1/../../../arm-none-eabi/lib/thumb/v7-m/nofp/libc.a(lib_a-isattyr.o)
 .debug_abbrev  0x000000000000c159      0x2e8 /usr/lib/gcc/arm-none-eabi/9.2.1/../../../arm-none-eabi/lib/thumb/v7-m/nofp/libc.a(lib_a-locale.o)
 .debug_abbrev  0x000000000000c441      0x25f /usr/lib/gcc/arm-none-eabi/9.2.1/../../../arm-none-eabi/lib/thumb/v7-m/nofp/libc.a(lib_a-mbtowc_r.o)
 .debug_abbrev  0x000000000000c6a0      0x256 /usr/lib/gcc/arm-none-eabi/9.2.1/../../../arm-none-eabi/lib/thumb/v7-m/nofp/libc.a(lib_a-wcrtomb.o)
 .debug_abbrev  0x000000000000c8f6      0x258 /usr/lib/gcc/arm-none-eabi/9.2.1/../../../arm-none-eabi/lib/thumb/v7-m/nofp/libc.a(lib_a-wctomb_r.o)
 .debug_abbrev  0x000000000000cb4e       0x14 /usr/lib/gcc/arm-none-eabi/9.2.1/thumb/v7-m/nofp/libgcc.a(_arm_addsubdf3.o)
 .debug_abbrev  0x000000000000cb62       0x14 /usr/lib/gcc/arm-none-eabi/9.2.1/thumb/v7-m/nofp/libgcc.a(_arm_muldivdf3.o)
 .debug_abbrev  0x000000000000cb76       0x14 /usr/lib/gcc/arm-none-eabi/9.2.1/thumb/v7-m/nofp/libgcc.a(_arm_cmpdf2.o)
 .debug_abbrev  0x000000000000cb8a       0x14 /usr/lib/gcc/arm-none-eabi/9.2.1/thumb/v7-m/nofp/libgcc.a(_arm_unorddf2.o)
 .debug_abbrev  0x000000000000cb9e       0x14 /usr/lib/gcc/arm-none-eabi/9.2.1/thumb/v7-m/nofp/libgcc.a(_arm_fixdfsi.o)
 .debug_abbrev  0x000000000000cbb2       0x14 /usr/lib/gcc/arm-none-eabi/9.2.1/thumb/v7-m/nofp/libgcc.a(_aeabi_uldivmod.o)
 .debug_abbrev  0x000000000000cbc6      0x1c2 /usr/lib/gcc/arm-none-eabi/9.2.1/thumb/v7-m/nofp/libgcc.a(_udivmoddi4.o)
 .debug_abbrev  0x000000000000cd88       0x14 /usr/lib/gcc/arm-none-eabi/9.2.1/thumb/v7-m/nofp/libgcc.a(_dvmd_tls.o)
 .debug_abbrev  0x000000000000cd9c      0x1ea /usr/lib/gcc/arm-none-eabi/9.2.1/../../../arm-none-eabi/lib/thumb/v7-m/nofp/libnosys.a(close.o)
 .debug_abbrev  0x000000000000cf86      0x1fd /usr/lib/gcc/arm-none-eabi/9.2.1/../../../arm-none-eabi/lib/thumb/v7-m/nofp/libnosys.a(fstat.o)
 .debug_abbrev  0x000000000000d183      0x1d6 /usr/lib/gcc/arm-none-eabi/9.2.1/../../../arm-none-eabi/lib/thumb/v7-m/nofp/libnosys.a(getpid.o)
 .debug_abbrev  0x000000000000d359      0x1ea /usr/lib/gcc/arm-none-eabi/9.2.1/../../../arm-none-eabi/lib/thumb/v7-m/nofp/libnosys.a(isatty.o)
 .debug_abbrev  0x000000000000d543      0x1fb /usr/lib/gcc/arm-none-eabi/9.2.1/../../../arm-none-eabi/lib/thumb/v7-m/nofp/libnosys.a(kill.o)
 .debug_abbrev  0x000000000000d73e      0x20f /usr/lib/gcc/arm-none-eabi/9.2.1/../../../arm-none-eabi/lib/thumb/v7-m/nofp/libnosys.a(lseek.o)
 .debug_abbrev  0x000000000000d94d      0x20f /usr/lib/gcc/arm-none-eabi/9.2.1/../../../arm-none-eabi/lib/thumb/v7-m/nofp/libnosys.a(read.o)
 .debug_abbrev  0x000000000000db5c       0xa2 /usr/lib/gcc/arm-none-eabi/9.2.1/../../../arm-none-eabi/lib/thumb/v7-m/nofp/libnosys.a(sbrk.o)
 .debug_abbrev  0x000000000000dbfe       0x6a /usr/lib/gcc/arm-none-eabi/9.2.1/../../../arm-none-eabi/lib/thumb/v7-m/nofp/libnosys.a(_exit.o)

.debug_loc      0x0000000000000000    0x19846
 .debug_loc     0x0000000000000000      0x74e console.o
 .debug_loc     0x000000000000074e      0x149 console_stm32.o
 .debug_loc     0x0000000000000897      0xa02 i2c_ctx.o
 .debug_loc     0x0000000000001299      0x331 bitops.o
 .debug_loc     0x00000000000015ca      0x614 fibre.o
 .debug_loc     0x0000000000001bde      0x30b list.o
 .debug_loc     0x0000000000001ee9      0x311 messageq.o
 .debug_loc     0x00000000000021fa      0x260 regdump.o
 .debug_loc     0x000000000000245a      0x36a ringbuf.o
 .debug_loc     0x00000000000027c4       0xf9 util.o
 .debug_loc     0x00000000000028bd      0x615 i2c-stm32f1-usb.o